Component: ARM Compiler 5.06 update 6 (build 750) Tool: armlink [4d35ed]

==============================================================================

Section Cross References

    main.o(i.OLED_Display) refers to oled.o(i.OLED_Clear) for OLED_Clear
    main.o(i.OLED_Display) refers to oled.o(i.OLED_ShowString) for OLED_ShowString
    main.o(i.OLED_Display) refers to f2d.o(x$fpl$f2d) for __aeabi_f2d
    main.o(i.OLED_Display) refers to oled.o(i.OLED_Float) for OLED_Float
    main.o(i.OLED_Display) refers to dflt_clz.o(x$fpl$dflt) for __aeabi_i2d
    main.o(i.OLED_Display) refers to oled.o(i.OLED_Refresh) for OLED_Refresh
    main.o(i.OLED_Display) refers to oled.o(i.OLED_ShowChinese) for OLED_ShowChinese
    main.o(i.OLED_Display) refers to main.o(.data) for .data
    main.o(i.PID_Init) refers to pid.o(i.PIDInit) for PIDInit
    main.o(i.PID_Init) refers to f2d.o(x$fpl$f2d) for __aeabi_f2d
    main.o(i.PID_Init) refers to kalman.o(i.KalmanCreate) for KalmanCreate
    main.o(i.PID_Init) refers to main.o(.data) for .data
    main.o(i.PID_Init) refers to main.o(.bss) for .bss
    main.o(i.TASK_Init) refers to main.o(i.PID_Init) for PID_Init
    main.o(i.TASK_Init) refers to misc.o(i.NVIC_PriorityGroupConfig) for NVIC_PriorityGroupConfig
    main.o(i.TASK_Init) refers to delay.o(i.delay_init) for delay_init
    main.o(i.TASK_Init) refers to usart.o(i.uart_init) for uart_init
    main.o(i.TASK_Init) refers to led.o(i.LED_Init) for LED_Init
    main.o(i.TASK_Init) refers to oled.o(i.OLED_Init) for OLED_Init
    main.o(i.TASK_Init) refers to oled.o(i.OLED_ColorTurn) for OLED_ColorTurn
    main.o(i.TASK_Init) refers to oled.o(i.OLED_DisplayTurn) for OLED_DisplayTurn
    main.o(i.TASK_Init) refers to oled.o(i.OLED_Refresh) for OLED_Refresh
    main.o(i.TASK_Init) refers to mpuiic.o(i.MPU_IIC_Init) for MPU_IIC_Init
    main.o(i.TASK_Init) refers to mpu6050.o(i.MPU_Init) for MPU_Init
    main.o(i.TASK_Init) refers to inv_mpu.o(i.mpu_dmp_init) for mpu_dmp_init
    main.o(i.TASK_Init) refers to oled.o(i.OLED_ShowString) for OLED_ShowString
    main.o(i.TASK_Init) refers to oled.o(i.OLED_Clear) for OLED_Clear
    main.o(i.TASK_Init) refers to time.o(i.TIM1_Encode_Init) for TIM1_Encode_Init
    main.o(i.TASK_Init) refers to time.o(i.TIM3_Encode_Init) for TIM3_Encode_Init
    main.o(i.TASK_Init) refers to time.o(i.TIM2_PWM_Init) for TIM2_PWM_Init
    main.o(i.TASK_Init) refers to time.o(i.TICK_TIM5) for TICK_TIM5
    main.o(i.TASK_Init) refers to time.o(i.Control_TIM4) for Control_TIM4
    main.o(i.TASK_Init) refers to main.o(.data) for .data
    main.o(i.TASK_Move) refers to main.o(.data) for .data
    main.o(i.main) refers to main.o(i.PID_Init) for PID_Init
    main.o(i.main) refers to misc.o(i.NVIC_PriorityGroupConfig) for NVIC_PriorityGroupConfig
    main.o(i.main) refers to delay.o(i.delay_init) for delay_init
    main.o(i.main) refers to usart.o(i.uart_init) for uart_init
    main.o(i.main) refers to led.o(i.LED_Init) for LED_Init
    main.o(i.main) refers to oled.o(i.OLED_Init) for OLED_Init
    main.o(i.main) refers to oled.o(i.OLED_ColorTurn) for OLED_ColorTurn
    main.o(i.main) refers to oled.o(i.OLED_DisplayTurn) for OLED_DisplayTurn
    main.o(i.main) refers to oled.o(i.OLED_Refresh) for OLED_Refresh
    main.o(i.main) refers to mpuiic.o(i.MPU_IIC_Init) for MPU_IIC_Init
    main.o(i.main) refers to mpu6050.o(i.MPU_Init) for MPU_Init
    main.o(i.main) refers to inv_mpu.o(i.mpu_dmp_init) for mpu_dmp_init
    main.o(i.main) refers to oled.o(i.OLED_ShowString) for OLED_ShowString
    main.o(i.main) refers to oled.o(i.OLED_Clear) for OLED_Clear
    main.o(i.main) refers to time.o(i.TIM1_Encode_Init) for TIM1_Encode_Init
    main.o(i.main) refers to time.o(i.TIM3_Encode_Init) for TIM3_Encode_Init
    main.o(i.main) refers to time.o(i.TIM2_PWM_Init) for TIM2_PWM_Init
    main.o(i.main) refers to time.o(i.TICK_TIM5) for TICK_TIM5
    main.o(i.main) refers to time.o(i.Control_TIM4) for Control_TIM4
    main.o(i.main) refers to usart_obser.o(i.oscillography_sendData) for oscillography_sendData
    main.o(i.main) refers to main.o(i.OLED_Display) for OLED_Display
    main.o(i.main) refers to main.o(.data) for .data
    main.o(i.main) refers to usart_obser.o(.bss) for oscillographyData
    system_stm32f4xx.o(i.SystemCoreClockUpdate) refers to system_stm32f4xx.o(.data) for .data
    led.o(i.LED_Init) refers to stm32f4xx_rcc.o(i.RCC_AHB1PeriphClockCmd) for RCC_AHB1PeriphClockCmd
    led.o(i.LED_Init) refers to stm32f4xx_gpio.o(i.GPIO_Init) for GPIO_Init
    led.o(i.LED_Init) refers to stm32f4xx_gpio.o(i.GPIO_SetBits) for GPIO_SetBits
    mpu6050.o(i.MPU_Get_Accelerometer) refers to mpuiic.o(i.MPU_IIC_Start) for MPU_IIC_Start
    mpu6050.o(i.MPU_Get_Accelerometer) refers to mpuiic.o(i.MPU_IIC_Send_Byte) for MPU_IIC_Send_Byte
    mpu6050.o(i.MPU_Get_Accelerometer) refers to mpuiic.o(i.MPU_IIC_Wait_Ack) for MPU_IIC_Wait_Ack
    mpu6050.o(i.MPU_Get_Accelerometer) refers to mpuiic.o(i.MPU_IIC_Stop) for MPU_IIC_Stop
[...]
    x$fpl$dcmpinf                            0x08005a78   Section       24  dcmpi.o(x$fpl$dcmpinf)
    $v0                                      0x08005a78   Number         0  dcmpi.o(x$fpl$dcmpinf)
    x$fpl$ddiv                               0x08005a90   Section      688  ddiv.o(x$fpl$ddiv)
    $v0                                      0x08005a90   Number         0  ddiv.o(x$fpl$ddiv)
    ddiv_entry                               0x08005a97   Thumb Code     0  ddiv.o(x$fpl$ddiv)
    x$fpl$dfix                               0x08005d40   Section       94  dfix.o(x$fpl$dfix)
    $v0                                      0x08005d40   Number         0  dfix.o(x$fpl$dfix)
    x$fpl$dfixu                              0x08005da0   Section       90  dfixu.o(x$fpl$dfixu)
    $v0                                      0x08005da0   Number         0  dfixu.o(x$fpl$dfixu)
    x$fpl$dflt                               0x08005dfa   Section       46  dflt_clz.o(x$fpl$dflt)
    $v0                                      0x08005dfa   Number         0  dflt_clz.o(x$fpl$dflt)
    x$fpl$dleqf                              0x08005e28   Section      120  dleqf.o(x$fpl$dleqf)
    $v0                                      0x08005e28   Number         0  dleqf.o(x$fpl$dleqf)
    x$fpl$dmul                               0x08005ea0   Section      340  dmul.o(x$fpl$dmul)
    $v0                                      0x08005ea0   Number         0  dmul.o(x$fpl$dmul)
    x$fpl$dnaninf                            0x08005ff4   Section      156  dnaninf.o(x$fpl$dnaninf)
    $v0                                      0x08005ff4   Number         0  dnaninf.o(x$fpl$dnaninf)
    x$fpl$dretinf                            0x08006090   Section       12  dretinf.o(x$fpl$dretinf)
    $v0                                      0x08006090   Number         0  dretinf.o(x$fpl$dretinf)
    x$fpl$drsb                               0x0800609c   Section       22  daddsub_clz.o(x$fpl$drsb)
    $v0                                      0x0800609c   Number         0  daddsub_clz.o(x$fpl$drsb)
    x$fpl$dsqrt                              0x080060b4   Section      408  dsqrt_umaal.o(x$fpl$dsqrt)
    $v0                                      0x080060b4   Number         0  dsqrt_umaal.o(x$fpl$dsqrt)
    x$fpl$dsub                               0x0800624c   Section      468  daddsub_clz.o(x$fpl$dsub)
    $v0                                      0x0800624c   Number         0  daddsub_clz.o(x$fpl$dsub)
    _dsub1                                   0x0800625d   Thumb Code     0  daddsub_clz.o(x$fpl$dsub)
    x$fpl$f2d                                0x08006420   Section       86  f2d.o(x$fpl$f2d)
    $v0                                      0x08006420   Number         0  f2d.o(x$fpl$f2d)
    x$fpl$fnaninf                            0x08006476   Section      140  fnaninf.o(x$fpl$fnaninf)
    $v0                                      0x08006476   Number         0  fnaninf.o(x$fpl$fnaninf)
    x$fpl$fpinit                             0x08006502   Section       10  fpinit.o(x$fpl$fpinit)
    $v0                                      0x08006502   Number         0  fpinit.o(x$fpl$fpinit)
    x$fpl$fretinf                            0x0800650c   Section       10  fretinf.o(x$fpl$fretinf)
    $v0                                      0x0800650c   Number         0  fretinf.o(x$fpl$fretinf)
    .constdata                               0x08006516   Section     3062  inv_mpu_dmp_motion_driver.o(.constdata)
    x$fpl$usenofp                            0x08006516   Section        0  usenofp.o(x$fpl$usenofp)
    dmp_memory                               0x08006516   Data        3062  inv_mpu_dmp_motion_driver.o(.constdata)
    .constdata                               0x0800710c   Section       27  inv_mpu.o(.constdata)
    .constdata                               0x08007128   Section       12  inv_mpu.o(.constdata)
    .constdata                               0x08007134   Section       40  inv_mpu.o(.constdata)
    .constdata                               0x0800715c   Section     6080  oled.o(.constdata)
    .constdata                               0x0800891c   Section       17  __printf_flags_wp.o(.constdata)
    maptable                                 0x0800891c   Data          17  __printf_flags_wp.o(.constdata)
    .constdata                               0x08008930   Section       80  asin.o(.constdata)
    pS                                       0x08008930   Data          48  asin.o(.constdata)
    qS                                       0x08008960   Data          32  asin.o(.constdata)
    .constdata                               0x08008980   Section      152  atan.o(.constdata)
    atanhi                                   0x08008980   Data          32  atan.o(.constdata)
    atanlo                                   0x080089a0   Data          32  atan.o(.constdata)
    aTodd                                    0x080089c0   Data          40  atan.o(.constdata)
    aTeven                                   0x080089e8   Data          48  atan.o(.constdata)
    .constdata                               0x08008a18   Section        8  qnan.o(.constdata)
    .conststring                             0x08008a20   Section       77  inv_mpu.o(.conststring)
    .data                                    0x20000000   Section        4  main.o(.data)
    .data                                    0x20000004   Section        4  main.o(.data)
    .data                                    0x20000008   Section        4  main.o(.data)
    .data                                    0x2000000c   Section      132  main.o(.data)
    .data                                    0x20000090   Section        4  main.o(.data)
    .data                                    0x20000094   Section        4  main.o(.data)
    .data                                    0x20000098   Section        4  main.o(.data)
    .data                                    0x2000009c   Section        4  main.o(.data)
    .data                                    0x200000a0   Section        2  main.o(.data)
    .data                                    0x200000a2   Section        2  main.o(.data)
    .data                                    0x200000a4   Section        2  main.o(.data)
    .data                                    0x200000a6   Section        2  main.o(.data)
    .data                                    0x200000a8   Section        2  main.o(.data)
    .data                                    0x200000aa   Section        2  main.o(.data)
    .data                                    0x200000ac   Section        4  main.o(.data)
    .data                                    0x200000b0   Section       53  inv_mpu.o(.data)
    st                                       0x200000b0   Data          44  inv_mpu.o(.data)
    gyro_orientation                         0x200000dc   Data           9  inv_mpu.o(.data)
    .data                                    0x200000e5   Section     5464  oled.o(.data)
    .data                                    0x2000163e   Section        4  delay.o(.data)
    fac_us                                   0x2000163e   Data           1  delay.o(.data)
    fac_ms                                   0x20001640   Data           2  delay.o(.data)
    .data                                    0x20001644   Section        4  usart.o(.data)
    .data                                    0x20001648   Section        4  usart.o(.data)
    .data                                    0x2000164c   Section       16  stm32f4xx_rcc.o(.data)
    APBAHBPrescTable                         0x2000164c   Data          16  stm32f4xx_rcc.o(.data)
    .data                                    0x2000165c   Section       28  pid.o(.data)
    PWM_out                                  0x2000165c   Data           4  pid.o(.data)
    Encoder_S                                0x20001660   Data           4  pid.o(.data)
    Encoder_Least                            0x20001664   Data           4  pid.o(.data)
    Encoder_Least_last                       0x20001668   Data           4  pid.o(.data)
    Err_Lowout                               0x2000166c   Data           4  pid.o(.data)
    Err_Lowout_last                          0x20001670   Data           4  pid.o(.data)
    a                                        0x20001674   Data           4  pid.o(.data)
    .bss                                     0x20001678   Section      468  main.o(.bss)
    .bss                                     0x2000184c   Section       16  inv_mpu_dmp_motion_driver.o(.bss)
    dmp                                      0x2000184c   Data          16  inv_mpu_dmp_motion_driver.o(.bss)
    .bss                                     0x2000185c   Section     1152  oled.o(.bss)
    .bss                                     0x20001cdc   Section       20  usart_obser.o(.bss)
    .bss                                     0x20001cf0   Section       30  usart.o(.bss)
    .bss                                     0x20001d10   Section       96  libspace.o(.bss)
    HEAP                                     0x20001d70   Section      512  startup_stm32f40_41xxx.o(HEAP)
    Heap_Mem                                 0x20001d70   Data         512  startup_stm32f40_41xxx.o(HEAP)
    STACK                                    0x20001f70   Section     1024  startup_stm32f40_41xxx.o(STACK)
    Stack_Mem                                0x20001f70   Data        1024  startup_stm32f40_41xxx.o(STACK)
    __initial_sp                             0x20002370   Data           0  startup_stm32f40_41xxx.o(STACK)

    Global Symbols

    Symbol Name                              Value     Ov Type        Size  Object(Section)

    BuildAttributes$$THM_ISAv4$E$P$D$K$B$S$7EM$VFPi3$EXTD16$VFPS$VFMA$PE$A:L22UL41UL21$X:L11$S22US41US21$IEEE1$IW$USESV6$~STKCKD$USESV7$~SHL$OTIME$ROPI$IEEEX$EBA8$UX$STANDARDLIB$REQ8$PRES8$EABIv2 0x00000000   Number         0  anon$$obj.o ABSOLUTE
    __ARM_use_no_argv                        0x00000000   Number         0  main.o ABSOLUTE
    _printf_flags                            0x00000000   Number         0  printf_stubs.o ABSOLUTE
    _printf_return_value                     0x00000000   Number         0  printf_stubs.o ABSOLUTE
    _printf_sizespec                         0x00000000   Number         0  printf_stubs.o ABSOLUTE
    _printf_widthprec                        0x00000000   Number         0  printf_stubs.o ABSOLUTE
    __ARM_exceptions_init                     - Undefined Weak Reference
    __alloca_initialize                       - Undefined Weak Reference
    __arm_preinit_                            - Undefined Weak Reference
    __cpp_initialize__aeabi_                  - Undefined Weak Reference
    __cxa_finalize                            - Undefined Weak Reference
    __rt_locale                               - Undefined Weak Reference
    __sigvec_lookup                           - Undefined Weak Reference
    _atexit_init                              - Undefined Weak Reference
    _call_atexit_fns                          - Undefined Weak Reference
    _clock_init                               - Undefined Weak Reference
    _fp_trap_init                             - Undefined Weak Reference
    _fp_trap_shutdown                         - Undefined Weak Reference
    _get_lc_collate                           - Undefined Weak Reference
    _get_lc_ctype                             - Undefined Weak Reference
    _get_lc_monetary                          - Undefined Weak Reference
    _get_lc_numeric                           - Undefined Weak Reference
    _get_lc_time                              - Undefined Weak Reference
    _getenv_init                              - Undefined Weak Reference
    _handle_redirection                       - Undefined Weak Reference
    _init_alloc                               - Undefined Weak Reference
    _init_user_alloc                          - Undefined Weak Reference
    _initio                                   - Undefined Weak Reference
    _mutex_acquire                            - Undefined Weak Reference
    _mutex_release                            - Undefined Weak Reference
    _printf_truncate_signed                   - Undefined Weak Reference
    _printf_truncate_unsigned                 - Undefined Weak Reference
    _rand_init                                - Undefined Weak Reference
    _signal_finish                            - Undefined Weak Reference
    _signal_init                              - Undefined Weak Reference
    _terminate_alloc                          - Undefined Weak Reference
    _terminate_user_alloc                     - Undefined Weak Reference
    _terminateio                              - Undefined Weak Reference
    __Vectors_Size                           0x00000188   Number         0  startup_stm32f40_41xxx.o ABSOLUTE
    __Vectors                                0x08000000   Data           4  startup_stm32f40_41xxx.o(RESET)
    __Vectors_End                            0x08000188   Data           0  startup_stm32f40_41xxx.o(RESET)
    __main                                   0x08000189   Thumb Code     8  __main.o(!!!main)
    __scatterload                            0x08000191   Thumb Code     0  __scatter.o(!!!scatter)
    __scatterload_rt2                        0x08000191   Thumb Code    44  __scatter.o(!!!scatter)
    __scatterload_rt2_thumb_only             0x08000191   Thumb Code     0  __scatter.o(!!!scatter)
    __scatterload_null                       0x0800019f   Thumb Code     0  __scatter.o(!!!scatter)
    __decompress                             0x080001c5   Thumb Code    90  __dczerorl2.o(!!dczerorl2)
    __decompress1                            0x080001c5   Thumb Code     0  __dczerorl2.o(!!dczerorl2)
    __scatterload_zeroinit                   0x08000221   Thumb Code    28  __scatter_zi.o(!!handler_zi)
    _printf_d                                0x0800023d   Thumb Code     0  _printf_d.o(.ARM.Collect$$_printf_percent$$00000009)
    _printf_percent                          0x0800023d   Thumb Code     0  _printf_percent.o(.ARM.Collect$$_printf_percent$$00000000)
    _printf_percent_end                      0x08000243   Thumb Code     0  _printf_percent_end.o(.ARM.Collect$$_printf_percent$$00000017)
    __rt_lib_init                            0x08000247   Thumb Code     0  libinit.o(.ARM.Collect$$libinit$$00000000)
    __rt_lib_init_fp_1                       0x08000249   Thumb Code     0  libinit2.o(.ARM.Collect$$libinit$$00000001)
    __rt_lib_init_alloca_1                   0x0800024d   Thumb Code     0  libinit2.o(.ARM.Collect$$libinit$$0000002E)
    __rt_lib_init_argv_1                     0x0800024d   Thumb Code     0  libinit2.o(.ARM.Collect$$libinit$$0000002C)
    __rt_lib_init_atexit_1                   0x0800024d   Thumb Code     0  libinit2.o(.ARM.Collect$$libinit$$0000001B)
    __rt_lib_init_clock_1                    0x0800024d   Thumb Code     0  libinit2.o(.ARM.Collect$$libinit$$00000021)
    __rt_lib_init_cpp_1                      0x0800024d   Thumb Code     0  libinit2.o(.ARM.Collect$$libinit$$00000032)
    __rt_lib_init_exceptions_1               0x0800024d   Thumb Code     0  libinit2.o(.ARM.Collect$$libinit$$00000030)
    __rt_lib_init_fp_trap_1                  0x0800024d   Thumb Code     0  libinit2.o(.ARM.Collect$$libinit$$0000001F)
    __rt_lib_init_getenv_1                   0x0800024d   Thumb Code     0  libinit2.o(.ARM.Collect$$libinit$$00000023)
    __rt_lib_init_heap_1                     0x0800024d   Thumb Code     0  libinit2.o(.ARM.Collect$$libinit$$0000000A)
    __rt_lib_init_lc_collate_1               0x0800024d   Thumb Code     0  libinit2.o(.ARM.Collect$$libinit$$00000011)
    __rt_lib_init_lc_ctype_1                 0x0800024d   Thumb Code     0  libinit2.o(.ARM.Collect$$libinit$$00000013)
    __rt_lib_init_lc_monetary_1              0x0800024d   Thumb Code     0  libinit2.o(.ARM.Collect$$libinit$$00000015)
    __rt_lib_init_lc_numeric_1               0x0800024d   Thumb Code     0  libinit2.o(.ARM.Collect$$libinit$$00000017)
    __rt_lib_init_lc_time_1                  0x0800024d   Thumb Code     0  libinit2.o(.ARM.Collect$$libinit$$00000019)
    __rt_lib_init_preinit_1                  0x0800024d   Thumb Code     0  libinit2.o(.ARM.Collect$$libinit$$00000004)
    __rt_lib_init_rand_1                     0x0800024d   Thumb Code     0  libinit2.o(.ARM.Collect$$libinit$$0000000E)
    __rt_lib_init_return                     0x0800024d   Thumb Code     0  libinit2.o(.ARM.Collect$$libinit$$00000033)
    __rt_lib_init_signal_1                   0x0800024d   Thumb Code     0  libinit2.o(.ARM.Collect$$libinit$$0000001D)
    __rt_lib_init_stdio_1                    0x0800024d   Thumb Code     0  libinit2.o(.ARM.Collect$$libinit$$00000025)
    __rt_lib_init_user_alloc_1               0x0800024d   Thumb Code     0  libinit2.o(.ARM.Collect$$libinit$$0000000C)
    __rt_lib_shutdown                        0x0800024f   Thumb Code     0  libshutdown.o(.ARM.Collect$$libshutdown$$00000000)
    __rt_lib_shutdown_cpp_1                  0x08000251   Thumb Code     0  libshutdown2.o(.ARM.Collect$$libshutdown$$00000002)
    __rt_lib_shutdown_fp_trap_1              0x08000251   Thumb Code     0  libshutdown2.o(.ARM.Collect$$libshutdown$$00000007)
    __rt_lib_shutdown_heap_1                 0x08000251   Thumb Code     0  libshutdown2.o(.ARM.Collect$$libshutdown$$0000000F)
    __rt_lib_shutdown_return                 0x08000251   Thumb Code     0  libshutdown2.o(.ARM.Collect$$libshutdown$$00000010)
    __rt_lib_shutdown_signal_1               0x08000251   Thumb Code     0  libshutdown2.o(.ARM.Collect$$libshutdown$$0000000A)
    __rt_lib_shutdown_stdio_1                0x08000251   Thumb Code     0  libshutdown2.o(.ARM.Collect$$libshutdown$$00000004)
    __rt_lib_shutdown_user_alloc_1           0x08000251   Thumb Code     0  libshutdown2.o(.ARM.Collect$$libshutdown$$0000000C)
    __rt_entry                               0x08000253   Thumb Code     0  __rtentry.o(.ARM.Collect$$rtentry$$00000000)
    __rt_entry_presh_1                       0x08000253   Thumb Code     0  __rtentry2.o(.ARM.Collect$$rtentry$$00000002)
    __rt_entry_sh                            0x08000253   Thumb Code     0  __rtentry4.o(.ARM.Collect$$rtentry$$00000004)
    __rt_entry_li                            0x08000259   Thumb Code     0  __rtentry2.o(.ARM.Collect$$rtentry$$0000000A)
    __rt_entry_postsh_1                      0x08000259   Thumb Code     0  __rtentry2.o(.ARM.Collect$$rtentry$$00000009)
    __rt_entry_main                          0x0800025d   Thumb Code     0  __rtentry2.o(.ARM.Collect$$rtentry$$0000000D)
    __rt_entry_postli_1                      0x0800025d   Thumb Code     0  __rtentry2.o(.ARM.Collect$$rtentry$$0000000C)
    __rt_exit                                0x08000265   Thumb Code     0  rtexit.o(.ARM.Collect$$rtexit$$00000000)
    __rt_exit_ls                             0x08000267   Thumb Code     0  rtexit2.o(.ARM.Collect$$rtexit$$00000003)
    __rt_exit_prels_1                        0x08000267   Thumb Code     0  rtexit2.o(.ARM.Collect$$rtexit$$00000002)
    __rt_exit_exit                           0x0800026b   Thumb Code     0  rtexit2.o(.ARM.Collect$$rtexit$$00000004)
    Reset_Handler                            0x08000271   Thumb Code     8  startup_stm32f40_41xxx.o(.text)
    ADC_IRQHandler                           0x0800028b   Thumb Code     0  startup_stm32f40_41xxx.o(.text)
    CAN1_RX0_IRQHandler                      0x0800028b   Thumb Code     0  startup_stm32f40_41xxx.o(.text)
    CAN1_RX1_IRQHandler                      0x0800028b   Thumb Code     0  startup_stm32f40_41xxx.o(.text)
    CAN1_SCE_IRQHandler                      0x0800028b   Thumb Code     0  startup_stm32f40_41xxx.o(.text)
    CAN1_TX_IRQHandler                       0x0800028b   Thumb Code     0  startup_stm32f40_41xxx.o(.text)
    CAN2_RX0_IRQHandler                      0x0800028b   Thumb Code     0  startup_stm32f40_41xxx.o(.text)
    CAN2_RX1_IRQHandler                      0x0800028b   Thumb Code     0  startup_stm32f40_41xxx.o(.text)
    CAN2_SCE_IRQHandler                      0x0800028b   Thumb Code     0  startup_stm32f40_41xxx.o(.text)
    CAN2_TX_IRQHandler                       0x0800028b   Thumb Code     0  startup_stm32f40_41xxx.o(.text)
    CRYP_IRQHandler                          0x0800028b   Thumb Code     0  startup_stm32f40_41xxx.o(.text)
    DCMI_IRQHandler                          0x0800028b   Thumb Code     0  startup_stm32f40_41xxx.o(.text)
    DMA1_Stream0_IRQHandler                  0x0800028b   Thumb Code     0  startup_stm32f40_41xxx.o(.text)
    DMA1_Stream1_IRQHandler                  0x0800028b   Thumb Code     0  startup_stm32f40_41xxx.o(.text)
    DMA1_Stream2_IRQHandler                  0x0800028b   Thumb Code     0  startup_stm32f40_41xxx.o(.text)
    DMA1_Stream3_IRQHandler                  0x0800028b   Thumb Code     0  startup_stm32f40_41xxx.o(.text)
    DMA1_Stream4_IRQHandler                  0x0800028b   Thumb Code     0  startup_stm32f40_41xxx.o(.text)
    DMA1_Stream5_IRQHandler                  0x0800028b   Thumb Code     0  startup_stm32f40_41xxx.o(.text)
    DMA1_Stream6_IRQHandler                  0x0800028b   Thumb Code     0  startup_stm32f40_41xxx.o(.text)
    DMA1_Stream7_IRQHandler                  0x0800028b   Thumb Code     0  startup_stm32f40_41xxx.o(.text)
    DMA2_Stream0_IRQHandler                  0x0800028b   Thumb Code     0  startup_stm32f40_41xxx.o(.text)
    DMA2_Stream1_IRQHandler                  0x0800028b   Thumb Code     0  startup_stm32f40_41xxx.o(.text)
    DMA2_Stream2_IRQHandler                  0x0800028b   Thumb Code     0  startup_stm32f40_41xxx.o(.text)
    DMA2_Stream3_IRQHandler                  0x0800028b   Thumb Code     0  startup_stm32f40_41xxx.o(.text)
    DMA2_Stream4_IRQHandler                  0x0800028b   Thumb Code     0  startup_stm32f40_41xxx.o(.text)
    DMA2_Stream5_IRQHandler                  0x0800028b   Thumb Code     0  startup_stm32f40_41xxx.o(.text)
    DMA2_Stream6_IRQHandler                  0x0800028b   Thumb Code     0  startup_stm32f40_41xxx.o(.text)
    DMA2_Stream7_IRQHandler                  0x0800028b   Thumb Code     0  startup_stm32f40_41xxx.o(.text)
    ETH_IRQHandler                           0x0800028b   Thumb Code     0  startup_stm32f40_41xxx.o(.text)
    ETH_WKUP_IRQHandler                      0x0800028b   Thumb Code     0  startup_stm32f40_41xxx.o(.text)
    EXTI0_IRQHandler                         0x0800028b   Thumb Code     0  startup_stm32f40_41xxx.o(.text)
    EXTI15_10_IRQHandler                     0x0800028b   Thumb Code     0  startup_stm32f40_41xxx.o(.text)
    EXTI1_IRQHandler                         0x0800028b   Thumb Code     0  startup_stm32f40_41xxx.o(.text)
    EXTI2_IRQHandler                         0x0800028b   Thumb Code     0  startup_stm32f40_41xxx.o(.text)
    EXTI3_IRQHandler                         0x0800028b   Thumb Code     0  startup_stm32f40_41xxx.o(.text)
    EXTI4_IRQHandler                         0x0800028b   Thumb Code     0  startup_stm32f40_41xxx.o(.text)
    EXTI9_5_IRQHandler                       0x0800028b   Thumb Code     0  startup_stm32f40_41xxx.o(.text)
    FLASH_IRQHandler                         0x0800028b   Thumb Code     0  startup_stm32f40_41xxx.o(.text)
    FPU_IRQHandler                           0x0800028b   Thumb Code     0  startup_stm32f40_41xxx.o(.text)
    FSMC_IRQHandler                          0x0800028b   Thumb Code     0  startup_stm32f40_41xxx.o(.text)
    HASH_RNG_IRQHandler                      0x0800028b   Thumb Code     0  startup_stm32f40_41xxx.o(.text)
    I2C1_ER_IRQHandler                       0x0800028b   Thumb Code     0  startup_stm32f40_41xxx.o(.text)
    I2C1_EV_IRQHandler                       0x0800028b   Thumb Code     0  startup_stm32f40_41xxx.o(.text)
    I2C2_ER_IRQHandler                       0x0800028b   Thumb Code     0  startup_stm32f40_41xxx.o(.text)
    I2C2_EV_IRQHandler                       0x0800028b   Thumb Code     0  startup_stm32f40_41xxx.o(.text)
    I2C3_ER_IRQHandler                       0x0800028b   Thumb Code     0  startup_stm32f40_41xxx.o(.text)
    I2C3_EV_IRQHandler                       0x0800028b   Thumb Code     0  startup_stm32f40_41xxx.o(.text)
    OTG_FS_IRQHandler                        0x0800028b   Thumb Code     0  startup_stm32f40_41xxx.o(.text)
    OTG_FS_WKUP_IRQHandler                   0x0800028b   Thumb Code     0  startup_stm32f40_41xxx.o(.text)
    OTG_HS_EP1_IN_IRQHandler                 0x0800028b   Thumb Code     0  startup_stm32f40_41xxx.o(.text)
    OTG_HS_EP1_OUT_IRQHandler                0x0800028b   Thumb Code     0  startup_stm32f40_41xxx.o(.text)
    OTG_HS_IRQHandler                        0x0800028b   Thumb Code     0  startup_stm32f40_41xxx.o(.text)
    OTG_HS_WKUP_IRQHandler                   0x0800028b   Thumb Code     0  startup_stm32f40_41xxx.o(.text)
    PVD_IRQHandler                           0x0800028b   Thumb Code     0  startup_stm32f40_41xxx.o(.text)
    RCC_IRQHandler                           0x0800028b   Thumb Code     0  startup_stm32f40_41xxx.o(.text)
    RTC_Alarm_IRQHandler                     0x0800028b   Thumb Code     0  startup_stm32f40_41xxx.o(.text)
    RTC_WKUP_IRQHandler                      0x0800028b   Thumb Code     0  startup_stm32f40_41xxx.o(.text)
    SDIO_IRQHandler                          0x0800028b   Thumb Code     0  startup_stm32f40_41xxx.o(.text)
    SPI1_IRQHandler                          0x0800028b   Thumb Code     0  startup_stm32f40_41xxx.o(.text)
    SPI2_IRQHandler                          0x0800028b   Thumb Code     0  startup_stm32f40_41xxx.o(.text)
    SPI3_IRQHandler                          0x0800028b   Thumb Code     0  startup_stm32f40_41xxx.o(.text)
    TAMP_STAMP_IRQHandler                    0x0800028b   Thumb Code     0  startup_stm32f40_41xxx.o(.text)
    TIM1_BRK_TIM9_IRQHandler                 0x0800028b   Thumb Code     0  startup_stm32f40_41xxx.o(.text)
    TIM1_CC_IRQHandler                       0x0800028b   Thumb Code     0  startup_stm32f40_41xxx.o(.text)
    TIM1_TRG_COM_TIM11_IRQHandler            0x0800028b   Thumb Code     0  startup_stm32f40_41xxx.o(.text)
    TIM1_UP_TIM10_IRQHandler                 0x0800028b   Thumb Code     0  startup_stm32f40_41xxx.o(.text)
    TIM2_IRQHandler                          0x0800028b   Thumb Code     0  startup_stm32f40_41xxx.o(.text)
    TIM3_IRQHandler                          0x0800028b   Thumb Code     0  startup_stm32f40_41xxx.o(.text)
    TIM6_DAC_IRQHandler                      0x0800028b   Thumb Code     0  startup_stm32f40_41xxx.o(.text)
    TIM7_IRQHandler                          0x0800028b   Thumb Code     0  startup_stm32f40_41xxx.o(.text)
    TIM8_BRK_TIM12_IRQHandler                0x0800028b   Thumb Code     0  startup_stm32f40_41xxx.o(.text)
    TIM8_CC_IRQHandler                       0x0800028b   Thumb Code     0  startup_stm32f40_41xxx.o(.text)
    TIM8_TRG_COM_TIM14_IRQHandler            0x0800028b   Thumb Code     0  startup_stm32f40_41xxx.o(.text)
    TIM8_UP_TIM13_IRQHandler                 0x0800028b   Thumb Code     0  startup_stm32f40_41xxx.o(.text)
    UART4_IRQHandler                         0x0800028b   Thumb Code     0  startup_stm32f40_41xxx.o(.text)
    UART5_IRQHandler                         0x0800028b   Thumb Code     0  startup_stm32f40_41xxx.o(.text)
    USART2_IRQHandler                        0x0800028b   Thumb Code     0  startup_stm32f40_41xxx.o(.text)
    USART3_IRQHandler                        0x0800028b   Thumb Code     0  startup_stm32f40_41xxx.o(.text)
    USART6_IRQHandler                        0x0800028b   Thumb Code     0  startup_stm32f40_41xxx.o(.text)
    WWDG_IRQHandler                          0x0800028b   Thumb Code     0  startup_stm32f40_41xxx.o(.text)
    __user_initial_stackheap                 0x0800028d   Thumb Code     0  startup_stm32f40_41xxx.o(.text)
    __use_no_semihosting                     0x080002b1   Thumb Code     2  use_no_semi_2.o(.text)
    __aeabi_ldivmod                          0x080002b3   Thumb Code     0  llsdiv.o(.text)
    _ll_sdiv                                 0x080002b3   Thumb Code    72  llsdiv.o(.text)
    __2printf                                0x080002fd   Thumb Code    20  noretval__2printf.o(.text)
    _printf_int_dec                          0x08000315   Thumb Code   104  _printf_dec.o(.text)
    __printf                                 0x0800038d   Thumb Code   308  __printf_flags_wp.o(.text)
    memcmp                                   0x080004c5   Thumb Code    88  memcmp.o(.text)
    __use_two_region_memory                  0x0800051d   Thumb Code     2  heapauxi.o(.text)
    __rt_heap_escrow$2region                 0x0800051f   Thumb Code     2  heapauxi.o(.text)
    __rt_heap_expand$2region                 0x08000521   Thumb Code     2  heapauxi.o(.text)
    __I$use$semihosting                      0x08000523   Thumb Code     0  use_no_semi.o(.text)
    __use_no_semihosting_swi                 0x08000523   Thumb Code     2  use_no_semi.o(.text)
    __aeabi_uldivmod                         0x08000525   Thumb Code     0  lludivv7m.o(.text)
    _ll_udiv                                 0x08000525   Thumb Code   238  lludivv7m.o(.text)
    __read_errno                             0x08000613   Thumb Code    10  _rserrno.o(.text)
    __set_errno                              0x0800061d   Thumb Code    12  _rserrno.o(.text)
    _printf_int_common                       0x08000629   Thumb Code   178  _printf_intcommon.o(.text)
    _printf_char_file                        0x080006dd   Thumb Code    32  _printf_char_file.o(.text)
    __aeabi_errno_addr                       0x08000701   Thumb Code     8  rt_errno_addr_intlibspace.o(.text)
    __errno$intlibspace                      0x08000701   Thumb Code     0  rt_errno_addr_intlibspace.o(.text)
    __rt_errno_addr$intlibspace              0x08000701   Thumb Code     0  rt_errno_addr_intlibspace.o(.text)
    _printf_char_common                      0x08000713   Thumb Code    32  _printf_char_common.o(.text)
    ferror                                   0x08000739   Thumb Code     8  ferror.o(.text)
    __user_libspace                          0x08000741   Thumb Code     8  libspace.o(.text)
    __user_perproc_libspace                  0x08000741   Thumb Code     0  libspace.o(.text)
    __user_perthread_libspace                0x08000741   Thumb Code     0  libspace.o(.text)
    __user_setup_stackheap                   0x08000749   Thumb Code    74  sys_stackheap_outer.o(.text)
    exit                                     0x08000793   Thumb Code    18  exit.o(.text)
    BusFault_Handler                         0x080007a5   Thumb Code     2  stm32f4xx_it.o(i.BusFault_Handler)
    Control_TIM4                             0x080007a9   Thumb Code    90  time.o(i.Control_TIM4)
    DebugMon_Handler                         0x08000809   Thumb Code     2  stm32f4xx_it.o(i.DebugMon_Handler)
    GPIO_Init                                0x0800080d   Thumb Code   154  stm32f4xx_gpio.o(i.GPIO_Init)
    GPIO_PinAFConfig                         0x080008a7   Thumb Code    34  stm32f4xx_gpio.o(i.GPIO_PinAFConfig)
    GPIO_ResetBits                           0x080008c9   Thumb Code     4  stm32f4xx_gpio.o(i.GPIO_ResetBits)
    GPIO_SetBits                             0x080008cd   Thumb Code     4  stm32f4xx_gpio.o(i.GPIO_SetBits)
    HardFault_Handler                        0x080008d1   Thumb Code     2  stm32f4xx_it.o(i.HardFault_Handler)
    KalmanCreate                             0x080008d5   Thumb Code    42  kalman.o(i.KalmanCreate)
    KalmanFilter                             0x08000905   Thumb Code    90  kalman.o(i.KalmanFilter)
    LED_Init                                 0x08000961   Thumb Code    64  led.o(i.LED_Init)
    MPU_Get_Accelerometer                    0x080009a5   Thumb Code   150  mpu6050.o(i.MPU_Get_Accelerometer)
    MPU_Get_Gyroscope                        0x08000a3b   Thumb Code   150  mpu6050.o(i.MPU_Get_Gyroscope)
    MPU_IIC_Init                             0x08000ad1   Thumb Code    64  mpuiic.o(i.MPU_IIC_Init)
    MPU_IIC_Read_Byte                        0x08000b15   Thumb Code   178  mpuiic.o(i.MPU_IIC_Read_Byte)
    MPU_IIC_Send_Byte                        0x08000bd1   Thumb Code    86  mpuiic.o(i.MPU_IIC_Send_Byte)
    MPU_IIC_Start                            0x08000c31   Thumb Code    56  mpuiic.o(i.MPU_IIC_Start)
    MPU_IIC_Stop                             0x08000c71   Thumb Code    58  mpuiic.o(i.MPU_IIC_Stop)
    MPU_IIC_Wait_Ack                         0x08000cb5   Thumb Code   128  mpuiic.o(i.MPU_IIC_Wait_Ack)
    MPU_Init                                 0x08000d3d   Thumb Code   492  mpu6050.o(i.MPU_Init)
    MPU_Read_Len                             0x08000f29   Thumb Code   116  mpu6050.o(i.MPU_Read_Len)
    MPU_Write_Byte                           0x08000f9d   Thumb Code    60  mpu6050.o(i.MPU_Write_Byte)
    MPU_Write_Len                            0x08000fd9   Thumb Code    86  mpu6050.o(i.MPU_Write_Len)
    MemManage_Handler                        0x0800102f   Thumb Code     2  stm32f4xx_it.o(i.MemManage_Handler)
    NMI_Handler                              0x08001031   Thumb Code     2  stm32f4xx_it.o(i.NMI_Handler)
    NVIC_Init                                0x08001035   Thumb Code   106  misc.o(i.NVIC_Init)
    NVIC_PriorityGroupConfig                 0x080010a5   Thumb Code    14  misc.o(i.NVIC_PriorityGroupConfig)
    OLED_Clear                               0x080010b9   Thumb Code    90  oled.o(i.OLED_Clear)
    OLED_ColorTurn                           0x08001119   Thumb Code    24  oled.o(i.OLED_ColorTurn)
    OLED_Display                             0x08001131   Thumb Code   324  main.o(i.OLED_Display)
    OLED_DisplayTurn                         0x08001285   Thumb Code    50  oled.o(i.OLED_DisplayTurn)
    OLED_Float                               0x080012b9   Thumb Code   546  oled.o(i.OLED_Float)
    OLED_Init                                0x080014fd   Thumb Code   420  oled.o(i.OLED_Init)
    OLED_Refresh                             0x080016ad   Thumb Code    70  oled.o(i.OLED_Refresh)
    OLED_ShowChar                            0x080016f9   Thumb Code   228  oled.o(i.OLED_ShowChar)
    OLED_ShowChinese                         0x080017e5   Thumb Code   280  oled.o(i.OLED_ShowChinese)
    OLED_ShowString                          0x08001909   Thumb Code    70  oled.o(i.OLED_ShowString)
    OLED_WR_Byte                             0x08001951   Thumb Code   122  oled.o(i.OLED_WR_Byte)
    PIDInit                                  0x080019d5   Thumb Code    60  pid.o(i.PIDInit)
    PID_Init                                 0x08001a11   Thumb Code   194  main.o(i.PID_Init)
    PendSV_Handler                           0x08001b21   Thumb Code     2  stm32f4xx_it.o(i.PendSV_Handler)
    PidCalc_Encode                           0x08001b25   Thumb Code   106  pid.o(i.PidCalc_Encode)
    PidCalc_IMU                              0x08001ba5   Thumb Code    36  pid.o(i.PidCalc_IMU)
    RCC_AHB1PeriphClockCmd                   0x08001bcd   Thumb Code    18  stm32f4xx_rcc.o(i.RCC_AHB1PeriphClockCmd)
    RCC_APB1PeriphClockCmd                   0x08001be5   Thumb Code    18  stm32f4xx_rcc.o(i.RCC_APB1PeriphClockCmd)
    RCC_APB2PeriphClockCmd                   0x08001bfd   Thumb Code    18  stm32f4xx_rcc.o(i.RCC_APB2PeriphClockCmd)
    RCC_GetClocksFreq                        0x08001c15   Thumb Code   150  stm32f4xx_rcc.o(i.RCC_GetClocksFreq)
    SVC_Handler                              0x08001cbd   Thumb Code     2  stm32f4xx_it.o(i.SVC_Handler)
    Send_data8                               0x08001cc1   Thumb Code   204  usart.o(i.Send_data8)
    SysTick_CLKSourceConfig                  0x08001d95   Thumb Code    22  misc.o(i.SysTick_CLKSourceConfig)
    SysTick_Handler                          0x08001dab   Thumb Code     2  stm32f4xx_it.o(i.SysTick_Handler)
    SystemInit                               0x08001dad   Thumb Code   174  system_stm32f4xx.o(i.SystemInit)
    TICK_TIM5                                0x08001e81   Thumb Code    90  time.o(i.TICK_TIM5)
    TIM1_Encode_Init                         0x08001ee1   Thumb Code   162  time.o(i.TIM1_Encode_Init)
    TIM2_PWM_Init                            0x08001f8d   Thumb Code   208  time.o(i.TIM2_PWM_Init)
    TIM3_Encode_Init                         0x08002061   Thumb Code   160  time.o(i.TIM3_Encode_Init)
    TIM4_IRQHandler                          0x08002109   Thumb Code   632  time.o(i.TIM4_IRQHandler)
    TIM5_IRQHandler                          0x080023f5   Thumb Code    38  time.o(i.TIM5_IRQHandler)
    TIM_ARRPreloadConfig                     0x08002425   Thumb Code    18  stm32f4xx_tim.o(i.TIM_ARRPreloadConfig)
    TIM_ClearFlag                            0x08002437   Thumb Code     6  stm32f4xx_tim.o(i.TIM_ClearFlag)
    TIM_ClearITPendingBit                    0x0800243d   Thumb Code     6  stm32f4xx_tim.o(i.TIM_ClearITPendingBit)
    TIM_Cmd                                  0x08002443   Thumb Code    18  stm32f4xx_tim.o(i.TIM_Cmd)
    TIM_EncoderInterfaceConfig               0x08002455   Thumb Code    60  stm32f4xx_tim.o(i.TIM_EncoderInterfaceConfig)
    TIM_GetITStatus                          0x08002491   Thumb Code    22  stm32f4xx_tim.o(i.TIM_GetITStatus)
    TIM_ICInit                               0x080024a7   Thumb Code   294  stm32f4xx_tim.o(i.TIM_ICInit)
    TIM_ICStructInit                         0x080025cd   Thumb Code    16  stm32f4xx_tim.o(i.TIM_ICStructInit)
    TIM_ITConfig                             0x080025dd   Thumb Code    16  stm32f4xx_tim.o(i.TIM_ITConfig)
    TIM_OC1Init                              0x080025ed   Thumb Code   104  stm32f4xx_tim.o(i.TIM_OC1Init)
    TIM_OC1PreloadConfig                     0x08002655   Thumb Code    12  stm32f4xx_tim.o(i.TIM_OC1PreloadConfig)
    TIM_OC4Init                              0x08002661   Thumb Code   102  stm32f4xx_tim.o(i.TIM_OC4Init)
    TIM_OC4PreloadConfig                     0x080026c7   Thumb Code    20  stm32f4xx_tim.o(i.TIM_OC4PreloadConfig)
    TIM_SetCompare1                          0x080026db   Thumb Code     4  stm32f4xx_tim.o(i.TIM_SetCompare1)
    TIM_SetCompare4                          0x080026df   Thumb Code     4  stm32f4xx_tim.o(i.TIM_SetCompare4)
    TIM_SetCounter                           0x080026e3   Thumb Code     4  stm32f4xx_tim.o(i.TIM_SetCounter)
    TIM_TimeBaseInit                         0x080026e9   Thumb Code   120  stm32f4xx_tim.o(i.TIM_TimeBaseInit)
    Turn_PID                                 0x08002769   Thumb Code    62  pid.o(i.Turn_PID)
    USART1_IRQHandler                        0x080027b9   Thumb Code   232  usart.o(i.USART1_IRQHandler)
    USART_Cmd                                0x080028e1   Thumb Code    18  stm32f4xx_usart.o(i.USART_Cmd)
    USART_GetFlagStatus                      0x080028f3   Thumb Code    14  stm32f4xx_usart.o(i.USART_GetFlagStatus)
    USART_ITConfig                           0x08002901   Thumb Code    48  stm32f4xx_usart.o(i.USART_ITConfig)
    USART_Init                               0x08002931   Thumb Code   180  stm32f4xx_usart.o(i.USART_Init)
    USART_ReceiveData                        0x080029e9   Thumb Code     8  stm32f4xx_usart.o(i.USART_ReceiveData)
    USART_SendData                           0x080029f1   Thumb Code     8  stm32f4xx_usart.o(i.USART_SendData)
    UsageFault_Handler                       0x080029f9   Thumb Code     2  stm32f4xx_it.o(i.UsageFault_Handler)
    __ARM_common_memclr4_8                   0x080029fb   Thumb Code     8  oled.o(i.__ARM_common_memclr4_8)
    __ARM_fpclassify                         0x08002a03   Thumb Code    48  fpclassify.o(i.__ARM_fpclassify)
    __hardfp_asin                            0x08002a39   Thumb Code   770  asin.o(i.__hardfp_asin)
    __hardfp_atan                            0x08002d99   Thumb Code   622  atan.o(i.__hardfp_atan)
    __hardfp_atan2                           0x08003071   Thumb Code   432  atan2.o(i.__hardfp_atan2)
    __kernel_poly                            0x08003261   Thumb Code   248  poly.o(i.__kernel_poly)
    __mathlib_dbl_infnan                     0x08003359   Thumb Code    20  dunder.o(i.__mathlib_dbl_infnan)
    __mathlib_dbl_infnan2                    0x0800336d   Thumb Code    20  dunder.o(i.__mathlib_dbl_infnan2)
    __mathlib_dbl_invalid                    0x08003381   Thumb Code    24  dunder.o(i.__mathlib_dbl_invalid)
    __mathlib_dbl_underflow                  0x080033a1   Thumb Code    24  dunder.o(i.__mathlib_dbl_underflow)
    _is_digit                                0x080033c1   Thumb Code    14  __printf_wp.o(i._is_digit)
    _sys_exit                                0x080033cf   Thumb Code     2  usart.o(i._sys_exit)
    atan                                     0x080033d1   Thumb Code    16  atan.o(i.atan)
    delay_init                               0x080033e1   Thumb Code    38  delay.o(i.delay_init)
    delay_ms                                 0x0800340d   Thumb Code   142  delay.o(i.delay_ms)
    delay_us                                 0x080034a1   Thumb Code    50  delay.o(i.delay_us)
    dmp_enable_feature                       0x080034d9   Thumb Code   738  inv_mpu_dmp_motion_driver.o(i.dmp_enable_feature)
    dmp_enable_gyro_cal                      0x080037cd   Thumb Code    66  inv_mpu_dmp_motion_driver.o(i.dmp_enable_gyro_cal)
    dmp_load_motion_driver_firmware          0x08003829   Thumb Code    16  inv_mpu_dmp_motion_driver.o(i.dmp_load_motion_driver_firmware)
    dmp_read_fifo                            0x0800383d   Thumb Code   368  inv_mpu_dmp_motion_driver.o(i.dmp_read_fifo)
    dmp_set_accel_bias                       0x080039b1   Thumb Code   218  inv_mpu_dmp_motion_driver.o(i.dmp_set_accel_bias)
    dmp_set_fifo_rate                        0x08003a91   Thumb Code    88  inv_mpu_dmp_motion_driver.o(i.dmp_set_fifo_rate)
    dmp_set_gyro_bias                        0x08003af9   Thumb Code   206  inv_mpu_dmp_motion_driver.o(i.dmp_set_gyro_bias)
    dmp_set_orientation                      0x08003bd1   Thumb Code   248  inv_mpu_dmp_motion_driver.o(i.dmp_set_orientation)
    dmp_set_tap_thresh                       0x08003cdd   Thumb Code   366  inv_mpu_dmp_motion_driver.o(i.dmp_set_tap_thresh)
    fabs                                     0x08003e71   Thumb Code    24  fabs.o(i.fabs)
    fputc                                    0x08003e89   Thumb Code    30  usart.o(i.fputc)
    inv_orientation_matrix_to_scalar         0x080041e9   Thumb Code   166  inv_mpu.o(i.inv_orientation_matrix_to_scalar)
    main                                     0x08004291   Thumb Code   406  main.o(i.main)
    mget_ms                                  0x0800444d   Thumb Code     2  inv_mpu.o(i.mget_ms)
    mpu_configure_fifo                       0x08004451   Thumb Code    90  inv_mpu.o(i.mpu_configure_fifo)
    mpu_dmp_get_data                         0x080044b1   Thumb Code   356  inv_mpu.o(i.mpu_dmp_get_data)
    mpu_dmp_init                             0x08004629   Thumb Code   162  inv_mpu.o(i.mpu_dmp_init)
    mpu_get_accel_fsr                        0x080046d1   Thumb Code    56  inv_mpu.o(i.mpu_get_accel_fsr)
    mpu_get_accel_sens                       0x0800470d   Thumb Code    64  inv_mpu.o(i.mpu_get_accel_sens)
    mpu_init                                 0x08004751   Thumb Code   322  inv_mpu.o(i.mpu_init)
    mpu_load_firmware                        0x080048e5   Thumb Code   310  inv_mpu.o(i.mpu_load_firmware)
    mpu_lp_accel_mode                        0x08004a21   Thumb Code   194  inv_mpu.o(i.mpu_lp_accel_mode)
    mpu_read_fifo_stream                     0x08004ae9   Thumb Code   154  inv_mpu.o(i.mpu_read_fifo_stream)
    mpu_reset_fifo                           0x08004b89   Thumb Code   364  inv_mpu.o(i.mpu_reset_fifo)
    mpu_run_self_test                        0x08004cf9   Thumb Code   960  inv_mpu.o(i.mpu_run_self_test)
    mpu_set_accel_fsr                        0x080050dd   Thumb Code    96  inv_mpu.o(i.mpu_set_accel_fsr)
    mpu_set_bypass                           0x08005141   Thumb Code   258  inv_mpu.o(i.mpu_set_bypass)
    mpu_set_dmp_state                        0x08005249   Thumb Code   116  inv_mpu.o(i.mpu_set_dmp_state)
    mpu_set_gyro_fsr                         0x080052c1   Thumb Code   102  inv_mpu.o(i.mpu_set_gyro_fsr)
    mpu_set_int_latched                      0x0800532d   Thumb Code    96  inv_mpu.o(i.mpu_set_int_latched)
    mpu_set_lpf                              0x08005391   Thumb Code   102  inv_mpu.o(i.mpu_set_lpf)
    mpu_set_sample_rate                      0x080053fd   Thumb Code   126  inv_mpu.o(i.mpu_set_sample_rate)
    mpu_set_sensors                          0x08005481   Thumb Code   198  inv_mpu.o(i.mpu_set_sensors)
    mpu_write_mem                            0x0800554d   Thumb Code    88  inv_mpu.o(i.mpu_write_mem)
    oscillography_sendData                   0x080055a9   Thumb Code   136  usart_obser.o(i.oscillography_sendData)
    run_self_test                            0x08005631   Thumb Code   210  inv_mpu.o(i.run_self_test)
    sqrt                                     0x08005791   Thumb Code   110  sqrt.o(i.sqrt)
    uart_init                                0x08005801   Thumb Code   162  usart.o(i.uart_init)
    __aeabi_dneg                             0x080058ad   Thumb Code     0  basic.o(x$fpl$basic)
    _dneg                                    0x080058ad   Thumb Code     6  basic.o(x$fpl$basic)
    __aeabi_fneg                             0x080058b3   Thumb Code     0  basic.o(x$fpl$basic)
    _fneg                                    0x080058b3   Thumb Code     6  basic.o(x$fpl$basic)
    _dabs                                    0x080058b9   Thumb Code     6  basic.o(x$fpl$basic)
    _fabs                                    0x080058bf   Thumb Code     6  basic.o(x$fpl$basic)
    __aeabi_d2f                              0x080058c5   Thumb Code     0  d2f.o(x$fpl$d2f)
    _d2f                                     0x080058c5   Thumb Code    98  d2f.o(x$fpl$d2f)
    __aeabi_dadd                             0x08005929   Thumb Code     0  daddsub_clz.o(x$fpl$dadd)
    _dadd                                    0x08005929   Thumb Code   332  daddsub_clz.o(x$fpl$dadd)
    __fpl_dcmp_Inf                           0x08005a79   Thumb Code    24  dcmpi.o(x$fpl$dcmpinf)
    __aeabi_ddiv                             0x08005a91   Thumb Code     0  ddiv.o(x$fpl$ddiv)
    _ddiv                                    0x08005a91   Thumb Code   552  ddiv.o(x$fpl$ddiv)
    __aeabi_d2iz                             0x08005d41   Thumb Code     0  dfix.o(x$fpl$dfix)
    _dfix                                    0x08005d41   Thumb Code    94  dfix.o(x$fpl$dfix)
    __aeabi_d2uiz                            0x08005da1   Thumb Code     0  dfixu.o(x$fpl$dfixu)
    _dfixu                                   0x08005da1   Thumb Code    90  dfixu.o(x$fpl$dfixu)
    __aeabi_i2d                              0x08005dfb   Thumb Code     0  dflt_clz.o(x$fpl$dflt)
    _dflt                                    0x08005dfb   Thumb Code    46  dflt_clz.o(x$fpl$dflt)
    __aeabi_cdcmple                          0x08005e29   Thumb Code     0  dleqf.o(x$fpl$dleqf)
    _dcmple                                  0x08005e29   Thumb Code   120  dleqf.o(x$fpl$dleqf)
    __fpl_dcmple_InfNaN                      0x08005e8b   Thumb Code     0  dleqf.o(x$fpl$dleqf)
    __aeabi_dmul                             0x08005ea1   Thumb Code     0  dmul.o(x$fpl$dmul)
    _dmul                                    0x08005ea1   Thumb Code   332  dmul.o(x$fpl$dmul)
    __fpl_dnaninf                            0x08005ff5   Thumb Code   156  dnaninf.o(x$fpl$dnaninf)
    __fpl_dretinf                            0x08006091   Thumb Code    12  dretinf.o(x$fpl$dretinf)
    __aeabi_drsub                            0x0800609d   Thumb Code     0  daddsub_clz.o(x$fpl$drsb)
    _drsb                                    0x0800609d   Thumb Code    22  daddsub_clz.o(x$fpl$drsb)
    _dsqrt                                   0x080060b5   Thumb Code   404  dsqrt_umaal.o(x$fpl$dsqrt)
    __aeabi_dsub                             0x0800624d   Thumb Code     0  daddsub_clz.o(x$fpl$dsub)
    _dsub                                    0x0800624d   Thumb Code   464  daddsub_clz.o(x$fpl$dsub)
    __aeabi_f2d                              0x08006421   Thumb Code     0  f2d.o(x$fpl$f2d)
    _f2d                                     0x08006421   Thumb Code    86  f2d.o(x$fpl$f2d)
    __fpl_fnaninf                            0x08006477   Thumb Code   140  fnaninf.o(x$fpl$fnaninf)
    _fp_init                                 0x08006503   Thumb Code    10  fpinit.o(x$fpl$fpinit)
    __fplib_config_fpu_vfp                   0x0800650b   Thumb Code     0  fpinit.o(x$fpl$fpinit)
    __fplib_config_pureend_doubles           0x0800650b   Thumb Code     0  fpinit.o(x$fpl$fpinit)
    __fpl_fretinf                            0x0800650d   Thumb Code    10  fretinf.o(x$fpl$fretinf)
    __I$use$fp                               0x08006516   Number         0  usenofp.o(x$fpl$usenofp)
    reg                                      0x0800710c   Data          27  inv_mpu.o(.constdata)
    hw                                       0x08007128   Data          12  inv_mpu.o(.constdata)
    test                                     0x08007134   Data          40  inv_mpu.o(.constdata)
    asc2_1206                                0x0800715c   Data        1140  oled.o(.constdata)
    asc2_1608                                0x080075d0   Data        1520  oled.o(.constdata)
    asc2_2412                                0x08007bc0   Data        3420  oled.o(.constdata)
    __mathlib_zero                           0x08008a18   Data           8  qnan.o(.constdata)
    Region$$Table$$Base                      0x08008a70   Number         0  anon$$obj.o(Region$$Table)
    Region$$Table$$Limit                     0x08008a90   Number         0  anon$$obj.o(Region$$Table)
    pitch_med                                0x20000000   Data           4  main.o(.data)
    groy_med                                 0x20000004   Data           4  main.o(.data)
    groz_med                                 0x20000008   Data           4  main.o(.data)
    gyroy_kal                                0x2000000c   Data           2  main.o(.data)
    gyroz_kal                                0x2000000e   Data           2  main.o(.data)
    targetspeed                              0x20000010   Data           4  main.o(.data)
    Yaw_target                               0x20000014   Data           4  main.o(.data)
    Turn_Kp                                  0x20000018   Data           4  main.o(.data)
    Turn_Kd                                  0x2000001c   Data           4  main.o(.data)
    tq                                       0x20000020   Data           4  main.o(.data)
    tr                                       0x20000024   Data           4  main.o(.data)
    tq_m                                     0x20000028   Data           4  main.o(.data)
    tr_m                                     0x2000002c   Data           4  main.o(.data)
    task_flag                                0x20000030   Data           4  main.o(.data)
    EncoderLeft                              0x20000034   Data           4  main.o(.data)
    pitch                                    0x20000038   Data           4  main.o(.data)
    roll                                     0x2000003c   Data           4  main.o(.data)
    yaw                                      0x20000040   Data           4  main.o(.data)
    kp                                       0x20000044   Data           4  main.o(.data)
    kd                                       0x20000048   Data           4  main.o(.data)
    kp_speed                                 0x2000004c   Data           4  main.o(.data)
    ki_speed                                 0x20000050   Data           4  main.o(.data)
    EncoderLeft_kal                          0x20000054   Data           4  main.o(.data)
    times                                    0x20000058   Data           4  main.o(.data)
    i                                        0x2000005c   Data           4  main.o(.data)
    x                                        0x20000060   Data           4  main.o(.data)
    task_flag_last                           0x20000064   Data           4  main.o(.data)
    pitchangle                               0x20000068   Data           7  main.o(.data)
    gyroyspeed                               0x2000006f   Data           7  main.o(.data)
    gyrozspeed                               0x20000076   Data           7  main.o(.data)
    mpu_ok                                   0x2000007d   Data           8  main.o(.data)
    mpu_error                                0x20000085   Data          11  main.o(.data)
    EncoderRight                             0x20000090   Data           4  main.o(.data)
    Turn_out                                 0x20000094   Data           4  main.o(.data)
    speedleft                                0x20000098   Data           4  main.o(.data)
    speedright                               0x2000009c   Data           4  main.o(.data)
    aacx                                     0x200000a0   Data           2  main.o(.data)
    aacy                                     0x200000a2   Data           2  main.o(.data)
    aacz                                     0x200000a4   Data           2  main.o(.data)
    gyrox                                    0x200000a6   Data           2  main.o(.data)
    gyroy                                    0x200000a8   Data           2  main.o(.data)
    gyroz                                    0x200000aa   Data           2  main.o(.data)
    EncoderRight_kal                         0x200000ac   Data           4  main.o(.data)
    Hzk1                                     0x200000e5   Data         640  oled.o(.data)
    Hzk2                                     0x20000365   Data         216  oled.o(.data)
    Hzk3                                     0x2000043d   Data         512  oled.o(.data)
    Hzk4                                     0x2000063d   Data        4096  oled.o(.data)
    __stdout                                 0x20001644   Data           4  usart.o(.data)
    Res                                      0x20001648   Data           4  usart.o(.data)
    motor                                    0x20001678   Data         372  main.o(.bss)
    MPU6050_Kalman                           0x200017ec   Data          48  main.o(.bss)
    MOTOR_Kalman                             0x2000181c   Data          48  main.o(.bss)
    OLED_GRAM                                0x2000185c   Data        1152  oled.o(.bss)
    oscillographyData                        0x20001cdc   Data          20  usart_obser.o(.bss)
    Send_Data_Buf                            0x20001cf0   Data          30  usart.o(.bss)
    __libspace_start                         0x20001d10   Data          96  libspace.o(.bss)
    __temporary_stack_top$libspace           0x20001d70   Data           0  libspace.o(.bss)



==============================================================================

Memory Map of the image

  Image Entry point : 0x08000189

  Load Region LR_IROM1 (Base: 0x08000000, Size: 0x0000a108, Max: 0x00040000, ABSOLUTE, COMPRESSED[0x00008cc8])

    Execution Region ER_IROM1 (Exec base: 0x08000000, Load base: 0x08000000, Size: 0x00008a90, Max: 0x00040000, ABSOLUTE)

    Exec Addr    Load Addr    Size         Type   Attr      Idx    E Section Name        Object

    0x08000000   0x08000000   0x00000188   Data   RO         1407    RESET               startup_stm32f40_41xxx.o
    0x08000188   0x08000188   0x00000008   Code   RO         2772  * !!!main             c_w.l(__main.o)
    0x08000190   0x08000190   0x00000034   Code   RO         3085    !!!scatter          c_w.l(__scatter.o)
    0x080001c4   0x080001c4   0x0000005a   Code   RO         3083    !!dczerorl2         c_w.l(__dczerorl2.o)
    0x0800021e   0x0800021e   0x00000002   PAD
    0x08000220   0x08000220   0x0000001c   Code   RO         3087    !!handler_zi        c_w.l(__scatter_zi.o)
    0x0800023c   0x0800023c   0x00000000   Code   RO         2767    .ARM.Collect$$_printf_percent$$00000000  c_w.l(_printf_percent.o)
    0x0800023c   0x0800023c   0x00000006   Code   RO         2766    .ARM.Collect$$_printf_percent$$00000009  c_w.l(_printf_d.o)
    0x08000242   0x08000242   0x00000004   Code   RO         2845    .ARM.Collect$$_printf_percent$$00000017  c_w.l(_printf_percent_end.o)
    0x08000246   0x08000246   0x00000002   Code   RO         2956    .ARM.Collect$$libinit$$00000000  c_w.l(libinit.o)
    0x08000248   0x08000248   0x00000004   Code   RO         2963    .ARM.Collect$$libinit$$00000001  c_w.l(libinit2.o)
    0x0800024c   0x0800024c   0x00000000   Code   RO         2966    .ARM.Collect$$libinit$$00000004  c_w.l(libinit2.o)
    0x0800024c   0x0800024c   0x00000000   Code   RO         2969    .ARM.Collect$$libinit$$0000000A  c_w.l(libinit2.o)
    0x0800024c   0x0800024c   0x00000000   Code   RO         2971    .ARM.Collect$$libinit$$0000000C  c_w.l(libinit2.o)
    0x0800024c   0x0800024c   0x00000000   Code   RO         2973    .ARM.Collect$$libinit$$0000000E  c_w.l(libinit2.o)
    0x0800024c   0x0800024c   0x00000000   Code   RO         2976    .ARM.Collect$$libinit$$00000011  c_w.l(libinit2.o)
    0x0800024c   0x0800024c   0x00000000   Code   RO         2978    .ARM.Collect$$libinit$$00000013  c_w.l(libinit2.o)
    0x0800024c   0x0800024c   0x00000000   Code   RO         2980    .ARM.Collect$$libinit$$00000015  c_w.l(libinit2.o)
    0x0800024c   0x0800024c   0x00000000   Code   RO         2982    .ARM.Collect$$libinit$$00000017  c_w.l(libinit2.o)
    0x0800024c   0x0800024c   0x00000000   Code   RO         2984    .ARM.Collect$$libinit$$00000019  c_w.l(libinit2.o)
    0x0800024c   0x0800024c   0x00000000   Code   RO         2986    .ARM.Collect$$libinit$$0000001B  c_w.l(libinit2.o)
    0x0800024c   0x0800024c   0x00000000   Code   RO         2988    .ARM.Collect$$libinit$$0000001D  c_w.l(libinit2.o)
    0x0800024c   0x0800024c   0x00000000   Code   RO         2990    .ARM.Collect$$libinit$$0000001F  c_w.l(libinit2.o)
    0x0800024c   0x0800024c   0x00000000   Code   RO         2992    .ARM.Collect$$libinit$$00000021  c_w.l(libinit2.o)
    0x0800024c   0x0800024c   0x00000000   Code   RO         2994    .ARM.Collect$$libinit$$00000023  c_w.l(libinit2.o)
    0x0800024c   0x0800024c   0x00000000   Code   RO         2996    .ARM.Collect$$libinit$$00000025  c_w.l(libinit2.o)
    0x0800024c   0x0800024c   0x00000000   Code   RO         3000    .ARM.Collect$$libinit$$0000002C  c_w.l(libinit2.o)
    0x0800024c   0x0800024c   0x00000000   Code   RO         3002    .ARM.Collect$$libinit$$0000002E  c_w.l(libinit2.o)
    0x0800024c   0x0800024c   0x00000000   Code   RO         3004    .ARM.Collect$$libinit$$00000030  c_w.l(libinit2.o)
    0x0800024c   0x0800024c   0x00000000   Code   RO         3006    .ARM.Collect$$libinit$$00000032  c_w.l(libinit2.o)
    0x0800024c   0x0800024c   0x00000002   Code   RO         3007    .ARM.Collect$$libinit$$00000033  c_w.l(libinit2.o)
    0x0800024e   0x0800024e   0x00000002   Code   RO         3035    .ARM.Collect$$libshutdown$$00000000  c_w.l(libshutdown.o)
    0x08000250   0x08000250   0x00000000   Code   RO         3049    .ARM.Collect$$libshutdown$$00000002  c_w.l(libshutdown2.o)
    0x08000250   0x08000250   0x00000000   Code   RO         3051    .ARM.Collect$$libshutdown$$00000004  c_w.l(libshutdown2.o)
    0x08000250   0x08000250   0x00000000   Code   RO         3054    .ARM.Collect$$libshutdown$$00000007  c_w.l(libshutdown2.o)
    0x08000250   0x08000250   0x00000000   Code   RO         3057    .ARM.Collect$$libshutdown$$0000000A  c_w.l(libshutdown2.o)
    0x08000250   0x08000250   0x00000000   Code   RO         3059    .ARM.Collect$$libshutdown$$0000000C  c_w.l(libshutdown2.o)
    0x08000250   0x08000250   0x00000000   Code   RO         3062    .ARM.Collect$$libshutdown$$0000000F  c_w.l(libshutdown2.o)
    0x08000250   0x08000250   0x00000002   Code   RO         3063    .ARM.Collect$$libshutdown$$00000010  c_w.l(libshutdown2.o)
    0x08000252   0x08000252   0x00000000   Code   RO         2836    .ARM.Collect$$rtentry$$00000000  c_w.l(__rtentry.o)
    0x08000252   0x08000252   0x00000000   Code   RO         2909    .ARM.Collect$$rtentry$$00000002  c_w.l(__rtentry2.o)
    0x08000252   0x08000252   0x00000006   Code   RO         2921    .ARM.Collect$$rtentry$$00000004  c_w.l(__rtentry4.o)
    0x08000258   0x08000258   0x00000000   Code   RO         2911    .ARM.Collect$$rtentry$$00000009  c_w.l(__rtentry2.o)
    0x08000258   0x08000258   0x00000004   Code   RO         2912    .ARM.Collect$$rtentry$$0000000A  c_w.l(__rtentry2.o)
    0x0800025c   0x0800025c   0x00000000   Code   RO         2914    .ARM.Collect$$rtentry$$0000000C  c_w.l(__rtentry2.o)
    0x0800025c   0x0800025c   0x00000008   Code   RO         2915    .ARM.Collect$$rtentry$$0000000D  c_w.l(__rtentry2.o)
    0x08000264   0x08000264   0x00000002   Code   RO         2957    .ARM.Collect$$rtexit$$00000000  c_w.l(rtexit.o)
    0x08000266   0x08000266   0x00000000   Code   RO         3009    .ARM.Collect$$rtexit$$00000002  c_w.l(rtexit2.o)
    0x08000266   0x08000266   0x00000004   Code   RO         3010    .ARM.Collect$$rtexit$$00000003  c_w.l(rtexit2.o)
    0x0800026a   0x0800026a   0x00000006   Code   RO         3011    .ARM.Collect$$rtexit$$00000004  c_w.l(rtexit2.o)
    0x08000270   0x08000270   0x00000040   Code   RO         1408    .text               startup_stm32f40_41xxx.o
    0x080002b0   0x080002b0   0x00000002   Code   RO         2710    .text               c_w.l(use_no_semi_2.o)
    0x080002b2   0x080002b2   0x00000048   Code   RO         2712    .text               c_w.l(llsdiv.o)
    0x080002fa   0x080002fa   0x00000002   PAD
    0x080002fc   0x080002fc   0x00000018   Code   RO         2716    .text               c_w.l(noretval__2printf.o)
    0x08000314   0x08000314   0x00000078   Code   RO         2722    .text               c_w.l(_printf_dec.o)
    0x0800038c   0x0800038c   0x00000138   Code   RO         2757    .text               c_w.l(__printf_flags_wp.o)
    0x080004c4   0x080004c4   0x00000058   Code   RO         2768    .text               c_w.l(memcmp.o)
    0x0800051c   0x0800051c   0x00000006   Code   RO         2770    .text               c_w.l(heapauxi.o)
    0x08000522   0x08000522   0x00000002   Code   RO         2834    .text               c_w.l(use_no_semi.o)
    0x08000524   0x08000524   0x000000ee   Code   RO         2837    .text               c_w.l(lludivv7m.o)
    0x08000612   0x08000612   0x00000016   Code   RO         2839    .text               c_w.l(_rserrno.o)
    0x08000628   0x08000628   0x000000b2   Code   RO         2841    .text               c_w.l(_printf_intcommon.o)
    0x080006da   0x080006da   0x00000002   PAD
    0x080006dc   0x080006dc   0x00000024   Code   RO         2843    .text               c_w.l(_printf_char_file.o)
    0x08000700   0x08000700   0x00000008   Code   RO         2930    .text               c_w.l(rt_errno_addr_intlibspace.o)
    0x08000708   0x08000708   0x00000030   Code   RO         2932    .text               c_w.l(_printf_char_common.o)
    0x08000738   0x08000738   0x00000008   Code   RO         2934    .text               c_w.l(ferror.o)
    0x08000740   0x08000740   0x00000008   Code   RO         2940    .text               c_w.l(libspace.o)
    0x08000748   0x08000748   0x0000004a   Code   RO         2943    .text               c_w.l(sys_stackheap_outer.o)
    0x08000792   0x08000792   0x00000012   Code   RO         2949    .text               c_w.l(exit.o)
    0x080007a4   0x080007a4   0x00000002   Code   RO          212    i.BusFault_Handler  stm32f4xx_it.o
    0x080007a6   0x080007a6   0x00000002   PAD
    0x080007a8   0x080007a8   0x00000060   Code   RO         1001    i.Control_TIM4      time.o
    0x08000808   0x08000808   0x00000002   Code   RO          213    i.DebugMon_Handler  stm32f4xx_it.o
    0x0800080a   0x0800080a   0x00000002   PAD
    0x0800080c   0x0800080c   0x0000009a   Code   RO         1459    i.GPIO_Init         stm32f4xx_gpio.o
    0x080008a6   0x080008a6   0x00000022   Code   RO         1460    i.GPIO_PinAFConfig  stm32f4xx_gpio.o
    0x080008c8   0x080008c8   0x00000004   Code   RO         1466    i.GPIO_ResetBits    stm32f4xx_gpio.o
    0x080008cc   0x080008cc   0x00000004   Code   RO         1467    i.GPIO_SetBits      stm32f4xx_gpio.o
    0x080008d0   0x080008d0   0x00000002   Code   RO          214    i.HardFault_Handler  stm32f4xx_it.o
    0x080008d2   0x080008d2   0x00000002   PAD
    0x080008d4   0x080008d4   0x00000030   Code   RO          975    i.KalmanCreate      kalman.o
    0x08000904   0x08000904   0x0000005a   Code   RO          976    i.KalmanFilter      kalman.o
    0x0800095e   0x0800095e   0x00000002   PAD
    0x08000960   0x08000960   0x00000044   Code   RO          338    i.LED_Init          led.o
    0x080009a4   0x080009a4   0x00000096   Code   RO          358    i.MPU_Get_Accelerometer  mpu6050.o
    0x08000a3a   0x08000a3a   0x00000096   Code   RO          359    i.MPU_Get_Gyroscope  mpu6050.o
    0x08000ad0   0x08000ad0   0x00000044   Code   RO          439    i.MPU_IIC_Init      mpuiic.o
    0x08000b14   0x08000b14   0x000000bc   Code   RO          441    i.MPU_IIC_Read_Byte  mpuiic.o
    0x08000bd0   0x08000bd0   0x00000060   Code   RO          442    i.MPU_IIC_Send_Byte  mpuiic.o
    0x08000c30   0x08000c30   0x00000040   Code   RO          443    i.MPU_IIC_Start     mpuiic.o
    0x08000c70   0x08000c70   0x00000044   Code   RO          444    i.MPU_IIC_Stop      mpuiic.o
    0x08000cb4   0x08000cb4   0x00000088   Code   RO          445    i.MPU_IIC_Wait_Ack  mpuiic.o
    0x08000d3c   0x08000d3c   0x000001ec   Code   RO          361    i.MPU_Init          mpu6050.o
    0x08000f28   0x08000f28   0x00000074   Code   RO          363    i.MPU_Read_Len      mpu6050.o
    0x08000f9c   0x08000f9c   0x0000003c   Code   RO          368    i.MPU_Write_Byte    mpu6050.o
    0x08000fd8   0x08000fd8   0x00000056   Code   RO          369    i.MPU_Write_Len     mpu6050.o
    0x0800102e   0x0800102e   0x00000002   Code   RO          215    i.MemManage_Handler  stm32f4xx_it.o
    0x08001030   0x08001030   0x00000002   Code   RO          216    i.NMI_Handler       stm32f4xx_it.o
    0x08001032   0x08001032   0x00000002   PAD
    0x08001034   0x08001034   0x00000070   Code   RO         1414    i.NVIC_Init         misc.o
    0x080010a4   0x080010a4   0x00000014   Code   RO         1415    i.NVIC_PriorityGroupConfig  misc.o
    0x080010b8   0x080010b8   0x00000060   Code   RO         1072    i.OLED_Clear        oled.o
    0x08001118   0x08001118   0x00000018   Code   RO         1074    i.OLED_ColorTurn    oled.o
    0x08001130   0x08001130   0x00000154   Code   RO            3    i.OLED_Display      main.o
    0x08001284   0x08001284   0x00000032   Code   RO         1077    i.OLED_DisplayTurn  oled.o
    0x080012b6   0x080012b6   0x00000002   PAD
    0x080012b8   0x080012b8   0x00000244   Code   RO         1081    i.OLED_Float        oled.o
    0x080014fc   0x080014fc   0x000001b0   Code   RO         1082    i.OLED_Init         oled.o
    0x080016ac   0x080016ac   0x0000004c   Code   RO         1084    i.OLED_Refresh      oled.o
    0x080016f8   0x080016f8   0x000000ec   Code   RO         1086    i.OLED_ShowChar     oled.o
    0x080017e4   0x080017e4   0x00000124   Code   RO         1087    i.OLED_ShowChinese  oled.o
    0x08001908   0x08001908   0x00000046   Code   RO         1090    i.OLED_ShowString   oled.o
    0x0800194e   0x0800194e   0x00000002   PAD
    0x08001950   0x08001950   0x00000084   Code   RO         1092    i.OLED_WR_Byte      oled.o
    0x080019d4   0x080019d4   0x0000003c   Code   RO         2671    i.PIDInit           pid.o
    0x08001a10   0x08001a10   0x00000110   Code   RO            4    i.PID_Init          main.o
    0x08001b20   0x08001b20   0x00000002   Code   RO          217    i.PendSV_Handler    stm32f4xx_it.o
    0x08001b22   0x08001b22   0x00000002   PAD
    0x08001b24   0x08001b24   0x00000080   Code   RO         2672    i.PidCalc_Encode    pid.o
    0x08001ba4   0x08001ba4   0x00000028   Code   RO         2673    i.PidCalc_IMU       pid.o
    0x08001bcc   0x08001bcc   0x00000018   Code   RO         1556    i.RCC_AHB1PeriphClockCmd  stm32f4xx_rcc.o
    0x08001be4   0x08001be4   0x00000018   Code   RO         1565    i.RCC_APB1PeriphClockCmd  stm32f4xx_rcc.o
    0x08001bfc   0x08001bfc   0x00000018   Code   RO         1568    i.RCC_APB2PeriphClockCmd  stm32f4xx_rcc.o
    0x08001c14   0x08001c14   0x000000a8   Code   RO         1577    i.RCC_GetClocksFreq  stm32f4xx_rcc.o
    0x08001cbc   0x08001cbc   0x00000002   Code   RO          218    i.SVC_Handler       stm32f4xx_it.o
    0x08001cbe   0x08001cbe   0x00000002   PAD
    0x08001cc0   0x08001cc0   0x000000d4   Code   RO         1309    i.Send_data8        usart.o
    0x08001d94   0x08001d94   0x00000016   Code   RO         1418    i.SysTick_CLKSourceConfig  misc.o
    0x08001daa   0x08001daa   0x00000002   Code   RO          219    i.SysTick_Handler   stm32f4xx_it.o
    0x08001dac   0x08001dac   0x000000d4   Code   RO          307    i.SystemInit        system_stm32f4xx.o
    0x08001e80   0x08001e80   0x00000060   Code   RO         1004    i.TICK_TIM5         time.o
    0x08001ee0   0x08001ee0   0x000000ac   Code   RO         1005    i.TIM1_Encode_Init  time.o
    0x08001f8c   0x08001f8c   0x000000d4   Code   RO         1006    i.TIM2_PWM_Init     time.o
    0x08002060   0x08002060   0x000000a8   Code   RO         1007    i.TIM3_Encode_Init  time.o
    0x08002108   0x08002108   0x000002ec   Code   RO         1008    i.TIM4_IRQHandler   time.o
    0x080023f4   0x080023f4   0x00000030   Code   RO         1009    i.TIM5_IRQHandler   time.o
    0x08002424   0x08002424   0x00000012   Code   RO         2134    i.TIM_ARRPreloadConfig  stm32f4xx_tim.o
    0x08002436   0x08002436   0x00000006   Code   RO         2140    i.TIM_ClearFlag     stm32f4xx_tim.o
    0x0800243c   0x0800243c   0x00000006   Code   RO         2141    i.TIM_ClearITPendingBit  stm32f4xx_tim.o
    0x08002442   0x08002442   0x00000012   Code   RO         2146    i.TIM_Cmd           stm32f4xx_tim.o
    0x08002454   0x08002454   0x0000003c   Code   RO         2155    i.TIM_EncoderInterfaceConfig  stm32f4xx_tim.o
    0x08002490   0x08002490   0x00000016   Code   RO         2167    i.TIM_GetITStatus   stm32f4xx_tim.o
    0x080024a6   0x080024a6   0x00000126   Code   RO         2169    i.TIM_ICInit        stm32f4xx_tim.o
    0x080025cc   0x080025cc   0x00000010   Code   RO         2170    i.TIM_ICStructInit  stm32f4xx_tim.o
    0x080025dc   0x080025dc   0x00000010   Code   RO         2171    i.TIM_ITConfig      stm32f4xx_tim.o
    0x080025ec   0x080025ec   0x00000068   Code   RO         2175    i.TIM_OC1Init       stm32f4xx_tim.o
    0x08002654   0x08002654   0x0000000c   Code   RO         2178    i.TIM_OC1PreloadConfig  stm32f4xx_tim.o
    0x08002660   0x08002660   0x00000066   Code   RO         2190    i.TIM_OC4Init       stm32f4xx_tim.o
    0x080026c6   0x080026c6   0x00000014   Code   RO         2192    i.TIM_OC4PreloadConfig  stm32f4xx_tim.o
    0x080026da   0x080026da   0x00000004   Code   RO         2208    i.TIM_SetCompare1   stm32f4xx_tim.o
    0x080026de   0x080026de   0x00000004   Code   RO         2211    i.TIM_SetCompare4   stm32f4xx_tim.o
    0x080026e2   0x080026e2   0x00000004   Code   RO         2212    i.TIM_SetCounter    stm32f4xx_tim.o
    0x080026e6   0x080026e6   0x00000002   PAD
    0x080026e8   0x080026e8   0x00000080   Code   RO         2218    i.TIM_TimeBaseInit  stm32f4xx_tim.o
    0x08002768   0x08002768   0x00000050   Code   RO         2674    i.Turn_PID          pid.o
    0x080027b8   0x080027b8   0x00000128   Code   RO         1310    i.USART1_IRQHandler  usart.o
    0x080028e0   0x080028e0   0x00000012   Code   RO         1950    i.USART_Cmd         stm32f4xx_usart.o
    0x080028f2   0x080028f2   0x0000000e   Code   RO         1953    i.USART_GetFlagStatus  stm32f4xx_usart.o
    0x08002900   0x08002900   0x00000030   Code   RO         1956    i.USART_ITConfig    stm32f4xx_usart.o
    0x08002930   0x08002930   0x000000b8   Code   RO         1957    i.USART_Init        stm32f4xx_usart.o
    0x080029e8   0x080029e8   0x00000008   Code   RO         1964    i.USART_ReceiveData  stm32f4xx_usart.o
    0x080029f0   0x080029f0   0x00000008   Code   RO         1967    i.USART_SendData    stm32f4xx_usart.o
    0x080029f8   0x080029f8   0x00000002   Code   RO          220    i.UsageFault_Handler  stm32f4xx_it.o
    0x080029fa   0x080029fa   0x00000008   Code   RO         1204    i.__ARM_common_memclr4_8  oled.o
    0x08002a02   0x08002a02   0x00000030   Code   RO         2891    i.__ARM_fpclassify  m_wm.l(fpclassify.o)
    0x08002a32   0x08002a32   0x00000006   PAD
    0x08002a38   0x08002a38   0x00000360   Code   RO         2808    i.__hardfp_asin     m_wm.l(asin.o)
    0x08002d98   0x08002d98   0x000002d8   Code   RO         2857    i.__hardfp_atan     m_wm.l(atan.o)
    0x08003070   0x08003070   0x000001f0   Code   RO         2822    i.__hardfp_atan2    m_wm.l(atan2.o)
    0x08003260   0x08003260   0x000000f8   Code   RO         2893    i.__kernel_poly     m_wm.l(poly.o)
    0x08003358   0x08003358   0x00000014   Code   RO         2872    i.__mathlib_dbl_infnan  m_wm.l(dunder.o)
    0x0800336c   0x0800336c   0x00000014   Code   RO         2873    i.__mathlib_dbl_infnan2  m_wm.l(dunder.o)
    0x08003380   0x08003380   0x00000020   Code   RO         2874    i.__mathlib_dbl_invalid  m_wm.l(dunder.o)
    0x080033a0   0x080033a0   0x00000020   Code   RO         2877    i.__mathlib_dbl_underflow  m_wm.l(dunder.o)
    0x080033c0   0x080033c0   0x0000000e   Code   RO         2755    i._is_digit         c_w.l(__printf_wp.o)
    0x080033ce   0x080033ce   0x00000002   Code   RO         1317    i._sys_exit         usart.o
    0x080033d0   0x080033d0   0x00000010   Code   RO         2859    i.atan              m_wm.l(atan.o)
    0x080033e0   0x080033e0   0x0000002c   Code   RO         1251    i.delay_init        delay.o
    0x0800340c   0x0800340c   0x00000094   Code   RO         1252    i.delay_ms          delay.o
    0x080034a0   0x080034a0   0x00000038   Code   RO         1253    i.delay_us          delay.o
    0x080034d8   0x080034d8   0x000002f4   Code   RO          499    i.dmp_enable_feature  inv_mpu_dmp_motion_driver.o
    0x080037cc   0x080037cc   0x0000005c   Code   RO          500    i.dmp_enable_gyro_cal  inv_mpu_dmp_motion_driver.o
    0x08003828   0x08003828   0x00000014   Code   RO          506    i.dmp_load_motion_driver_firmware  inv_mpu_dmp_motion_driver.o
    0x0800383c   0x0800383c   0x00000174   Code   RO          507    i.dmp_read_fifo     inv_mpu_dmp_motion_driver.o
    0x080039b0   0x080039b0   0x000000e0   Code   RO          510    i.dmp_set_accel_bias  inv_mpu_dmp_motion_driver.o
    0x08003a90   0x08003a90   0x00000068   Code   RO          511    i.dmp_set_fifo_rate  inv_mpu_dmp_motion_driver.o
    0x08003af8   0x08003af8   0x000000d8   Code   RO          512    i.dmp_set_gyro_bias  inv_mpu_dmp_motion_driver.o
    0x08003bd0   0x08003bd0   0x0000010c   Code   RO          514    i.dmp_set_orientation  inv_mpu_dmp_motion_driver.o
    0x08003cdc   0x08003cdc   0x00000194   Code   RO          522    i.dmp_set_tap_thresh  inv_mpu_dmp_motion_driver.o
    0x08003e70   0x08003e70   0x00000018   Code   RO         2887    i.fabs              m_wm.l(fabs.o)
    0x08003e88   0x08003e88   0x00000024   Code   RO         1319    i.fputc             usart.o
    0x08003eac   0x08003eac   0x0000033c   Code   RO          680    i.get_st_biases     inv_mpu.o
    0x080041e8   0x080041e8   0x000000a6   Code   RO          681    i.inv_orientation_matrix_to_scalar  inv_mpu.o
    0x0800428e   0x0800428e   0x00000002   PAD
    0x08004290   0x08004290   0x000001bc   Code   RO            7    i.main              main.o
    0x0800444c   0x0800444c   0x00000002   Code   RO          683    i.mget_ms           inv_mpu.o
    0x0800444e   0x0800444e   0x00000002   PAD
    0x08004450   0x08004450   0x00000060   Code   RO          684    i.mpu_configure_fifo  inv_mpu.o
    0x080044b0   0x080044b0   0x00000178   Code   RO          685    i.mpu_dmp_get_data  inv_mpu.o
    0x08004628   0x08004628   0x000000a8   Code   RO          686    i.mpu_dmp_init      inv_mpu.o
    0x080046d0   0x080046d0   0x0000003c   Code   RO          687    i.mpu_get_accel_fsr  inv_mpu.o
    0x0800470c   0x0800470c   0x00000044   Code   RO          689    i.mpu_get_accel_sens  inv_mpu.o
    0x08004750   0x08004750   0x00000194   Code   RO          703    i.mpu_init          inv_mpu.o
    0x080048e4   0x080048e4   0x0000013c   Code   RO          704    i.mpu_load_firmware  inv_mpu.o
    0x08004a20   0x08004a20   0x000000c8   Code   RO          705    i.mpu_lp_accel_mode  inv_mpu.o
    0x08004ae8   0x08004ae8   0x000000a0   Code   RO          708    i.mpu_read_fifo_stream  inv_mpu.o
    0x08004b88   0x08004b88   0x00000170   Code   RO          712    i.mpu_reset_fifo    inv_mpu.o
    0x08004cf8   0x08004cf8   0x000003e4   Code   RO          713    i.mpu_run_self_test  inv_mpu.o
    0x080050dc   0x080050dc   0x00000064   Code   RO          715    i.mpu_set_accel_fsr  inv_mpu.o
    0x08005140   0x08005140   0x00000108   Code   RO          716    i.mpu_set_bypass    inv_mpu.o
    0x08005248   0x08005248   0x00000078   Code   RO          718    i.mpu_set_dmp_state  inv_mpu.o
    0x080052c0   0x080052c0   0x0000006c   Code   RO          719    i.mpu_set_gyro_fsr  inv_mpu.o
    0x0800532c   0x0800532c   0x00000064   Code   RO          720    i.mpu_set_int_latched  inv_mpu.o
    0x08005390   0x08005390   0x0000006c   Code   RO          722    i.mpu_set_lpf       inv_mpu.o
    0x080053fc   0x080053fc   0x00000084   Code   RO          723    i.mpu_set_sample_rate  inv_mpu.o
    0x08005480   0x08005480   0x000000cc   Code   RO          724    i.mpu_set_sensors   inv_mpu.o
    0x0800554c   0x0800554c   0x0000005c   Code   RO          725    i.mpu_write_mem     inv_mpu.o
    0x080055a8   0x080055a8   0x00000088   Code   RO         1218    i.oscillography_sendData  usart_obser.o
    0x08005630   0x08005630   0x000000e8   Code   RO          726    i.run_self_test     inv_mpu.o
    0x08005718   0x08005718   0x00000078   Code   RO          727    i.set_int_enable    inv_mpu.o
    0x08005790   0x08005790   0x0000006e   Code   RO         2898    i.sqrt              m_wm.l(sqrt.o)
    0x080057fe   0x080057fe   0x00000002   PAD
    0x08005800   0x08005800   0x000000ac   Code   RO         1320    i.uart_init         usart.o
    0x080058ac   0x080058ac   0x00000018   Code   RO         2774    x$fpl$basic         fz_wm.l(basic.o)
    0x080058c4   0x080058c4   0x00000062   Code   RO         2776    x$fpl$d2f           fz_wm.l(d2f.o)
    0x08005926   0x08005926   0x00000002   PAD
    0x08005928   0x08005928   0x00000150   Code   RO         2778    x$fpl$dadd          fz_wm.l(daddsub_clz.o)
    0x08005a78   0x08005a78   0x00000018   Code   RO         2846    x$fpl$dcmpinf       fz_wm.l(dcmpi.o)
    0x08005a90   0x08005a90   0x000002b0   Code   RO         2785    x$fpl$ddiv          fz_wm.l(ddiv.o)
    0x08005d40   0x08005d40   0x0000005e   Code   RO         2788    x$fpl$dfix          fz_wm.l(dfix.o)
    0x08005d9e   0x08005d9e   0x00000002   PAD
    0x08005da0   0x08005da0   0x0000005a   Code   RO         2792    x$fpl$dfixu         fz_wm.l(dfixu.o)
    0x08005dfa   0x08005dfa   0x0000002e   Code   RO         2797    x$fpl$dflt          fz_wm.l(dflt_clz.o)
    0x08005e28   0x08005e28   0x00000078   Code   RO         2802    x$fpl$dleqf         fz_wm.l(dleqf.o)
    0x08005ea0   0x08005ea0   0x00000154   Code   RO         2804    x$fpl$dmul          fz_wm.l(dmul.o)
    0x08005ff4   0x08005ff4   0x0000009c   Code   RO         2848    x$fpl$dnaninf       fz_wm.l(dnaninf.o)
    0x08006090   0x08006090   0x0000000c   Code   RO         2850    x$fpl$dretinf       fz_wm.l(dretinf.o)
    0x0800609c   0x0800609c   0x00000016   Code   RO         2779    x$fpl$drsb          fz_wm.l(daddsub_clz.o)
    0x080060b2   0x080060b2   0x00000002   PAD
    0x080060b4   0x080060b4   0x00000198   Code   RO         2938    x$fpl$dsqrt         fz_wm.l(dsqrt_umaal.o)
    0x0800624c   0x0800624c   0x000001d4   Code   RO         2780    x$fpl$dsub          fz_wm.l(daddsub_clz.o)
    0x08006420   0x08006420   0x00000056   Code   RO         2806    x$fpl$f2d           fz_wm.l(f2d.o)
    0x08006476   0x08006476   0x0000008c   Code   RO         2852    x$fpl$fnaninf       fz_wm.l(fnaninf.o)
    0x08006502   0x08006502   0x0000000a   Code   RO         3023    x$fpl$fpinit        fz_wm.l(fpinit.o)
    0x0800650c   0x0800650c   0x0000000a   Code   RO         2854    x$fpl$fretinf       fz_wm.l(fretinf.o)
    0x08006516   0x08006516   0x00000000   Code   RO         2856    x$fpl$usenofp       fz_wm.l(usenofp.o)
    0x08006516   0x08006516   0x00000bf6   Data   RO          526    .constdata          inv_mpu_dmp_motion_driver.o
    0x0800710c   0x0800710c   0x0000001b   Data   RO          729    .constdata          inv_mpu.o
    0x08007127   0x08007127   0x00000001   PAD
    0x08007128   0x08007128   0x0000000c   Data   RO          730    .constdata          inv_mpu.o
    0x08007134   0x08007134   0x00000028   Data   RO          731    .constdata          inv_mpu.o
    0x0800715c   0x0800715c   0x000017c0   Data   RO         1094    .constdata          oled.o
    0x0800891c   0x0800891c   0x00000011   Data   RO         2758    .constdata          c_w.l(__printf_flags_wp.o)
    0x0800892d   0x0800892d   0x00000003   PAD
    0x08008930   0x08008930   0x00000050   Data   RO         2811    .constdata          m_wm.l(asin.o)
    0x08008980   0x08008980   0x00000098   Data   RO         2860    .constdata          m_wm.l(atan.o)
    0x08008a18   0x08008a18   0x00000008   Data   RO         2895    .constdata          m_wm.l(qnan.o)
    0x08008a20   0x08008a20   0x0000004d   Data   RO          732    .conststring        inv_mpu.o
    0x08008a6d   0x08008a6d   0x00000003   PAD
    0x08008a70   0x08008a70   0x00000020   Data   RO         3081    Region$$Table       anon$$obj.o


    Execution Region RW_IRAM1 (Exec base: 0x20000000, Load base: 0x08008a90, Size: 0x00002370, Max: 0x00010000, ABSOLUTE, COMPRESSED[0x00000238])

    Exec Addr    Load Addr    Size         Type   Attr      Idx    E Section Name        Object

    0x20000000   COMPRESSED   0x00000004   Data   RW           11    .data               main.o
    0x20000004   COMPRESSED   0x00000004   Data   RW           12    .data               main.o
    0x20000008   COMPRESSED   0x00000004   Data   RW           13    .data               main.o
    0x2000000c   COMPRESSED   0x00000084   Data   RW           14    .data               main.o
    0x20000090   COMPRESSED   0x00000004   Data   RW           16    .data               main.o
    0x20000094   COMPRESSED   0x00000004   Data   RW           19    .data               main.o
    0x20000098   COMPRESSED   0x00000004   Data   RW           20    .data               main.o
    0x2000009c   COMPRESSED   0x00000004   Data   RW           21    .data               main.o
    0x200000a0   COMPRESSED   0x00000002   Data   RW           24    .data               main.o
    0x200000a2   COMPRESSED   0x00000002   Data   RW           25    .data               main.o
    0x200000a4   COMPRESSED   0x00000002   Data   RW           26    .data               main.o
    0x200000a6   COMPRESSED   0x00000002   Data   RW           27    .data               main.o
    0x200000a8   COMPRESSED   0x00000002   Data   RW           28    .data               main.o
    0x200000aa   COMPRESSED   0x00000002   Data   RW           29    .data               main.o
    0x200000ac   COMPRESSED   0x00000004   Data   RW           30    .data               main.o
    0x200000b0   COMPRESSED   0x00000035   Data   RW          733    .data               inv_mpu.o
    0x200000e5   COMPRESSED   0x00001558   Data   RW         1095    .data               oled.o
    0x2000163d   COMPRESSED   0x00000001   PAD
    0x2000163e   COMPRESSED   0x00000004   Data   RW         1255    .data               delay.o
    0x20001642   COMPRESSED   0x00000002   PAD
    0x20001644   COMPRESSED   0x00000004   Data   RW         1324    .data               usart.o
    0x20001648   COMPRESSED   0x00000004   Data   RW         1325    .data               usart.o
    0x2000164c   COMPRESSED   0x00000010   Data   RW         1609    .data               stm32f4xx_rcc.o
    0x2000165c   COMPRESSED   0x0000001c   Data   RW         2675    .data               pid.o
    0x20001678        -       0x000001d4   Zero   RW            8    .bss                main.o
    0x2000184c        -       0x00000010   Zero   RW          525    .bss                inv_mpu_dmp_motion_driver.o
    0x2000185c        -       0x00000480   Zero   RW         1093    .bss                oled.o
    0x20001cdc        -       0x00000014   Zero   RW         1220    .bss                usart_obser.o
    0x20001cf0        -       0x0000001e   Zero   RW         1322    .bss                usart.o
    0x20001d0e   COMPRESSED   0x00000002   PAD
    0x20001d10        -       0x00000060   Zero   RW         2941    .bss                c_w.l(libspace.o)
    0x20001d70        -       0x00000200   Zero   RW         1406    HEAP                startup_stm32f40_41xxx.o
    0x20001f70        -       0x00000400   Zero   RW         1405    STACK               startup_stm32f40_41xxx.o


==============================================================================

Image component sizes


      Code (inc. data)   RO Data    RW Data    ZI Data      Debug   Object Name

       248         18          0          4          0       2399   delay.o
      5788        264        156         53          0      28540   inv_mpu.o
      2456        142       3062          0         16      16334   inv_mpu_dmp_motion_driver.o
       138          6          0          0          0       1830   kalman.o
        68          4          0          0          0        543   led.o
      1056        138          0        176        468     256187   main.o
       154         12          0          0          0       1973   misc.o
      1054          0          0          0          0       7407   mpu6050.o
       620         50          0          0          0       4178   mpuiic.o
      1996         88       6080       5464       1152      10532   oled.o
       308         44          0         28          0       2900   pid.o
        64         26        392          0       1536        812   startup_stm32f40_41xxx.o
       196          0          0          0          0       2695   stm32f4xx_gpio.o
        18          0          0          0          0       3730   stm32f4xx_it.o
       240         36          0         16          0       4667   stm32f4xx_rcc.o
       834          8          0          0          0      12884   stm32f4xx_tim.o
       280          4          0          0          0       4417   stm32f4xx_usart.o
       212         38          0          0          0        865   system_stm32f4xx.o
      1540        160          0          0          0       5843   time.o
       718         94          0          8         30       5892   usart.o
       136          0          0          0         20       1698   usart_obser.o

    ----------------------------------------------------------------------
     18148       1132       9726       5752       3224     376326   Object Totals
         0          0         32          0          0          0   (incl. Generated)
        24          0          4          3          2          0   (incl. Padding)

    ----------------------------------------------------------------------

      Code (inc. data)   RO Data    RW Data    ZI Data      Debug   Library Member Name

        90          0          0          0          0          0   __dczerorl2.o
         8          0          0          0          0         68   __main.o
       312          4         17          0          0         92   __printf_flags_wp.o
        14          0          0          0          0         68   __printf_wp.o
         0          0          0          0          0          0   __rtentry.o
        12          0          0          0          0          0   __rtentry2.o
         6          0          0          0          0          0   __rtentry4.o
        52          8          0          0          0          0   __scatter.o
        28          0          0          0          0          0   __scatter_zi.o
        48          6          0          0          0         96   _printf_char_common.o
        36          4          0          0          0         80   _printf_char_file.o
         6          0          0          0          0          0   _printf_d.o
       120         16          0          0          0         92   _printf_dec.o
       178          0          0          0          0         88   _printf_intcommon.o
         0          0          0          0          0          0   _printf_percent.o
         4          0          0          0          0          0   _printf_percent_end.o
        22          0          0          0          0        100   _rserrno.o
        18          0          0          0          0         80   exit.o
         8          0          0          0          0         68   ferror.o
         6          0          0          0          0        152   heapauxi.o
         2          0          0          0          0          0   libinit.o
         6          0          0          0          0          0   libinit2.o
         2          0          0          0          0          0   libshutdown.o
         2          0          0          0          0          0   libshutdown2.o
         8          4          0          0         96         68   libspace.o
        72          0          0          0          0         76   llsdiv.o
       238          0          0          0          0        100   lludivv7m.o
        88          0          0          0          0         76   memcmp.o
        24          4          0          0          0         84   noretval__2printf.o
         8          4          0          0          0         68   rt_errno_addr_intlibspace.o
         2          0          0          0          0          0   rtexit.o
        10          0          0          0          0          0   rtexit2.o
        74          0          0          0          0         80   sys_stackheap_outer.o
         2          0          0          0          0         68   use_no_semi.o
         2          0          0          0          0         68   use_no_semi_2.o
        24          0          0          0          0        164   basic.o
        98          4          0          0          0        140   d2f.o
       826         16          0          0          0        492   daddsub_clz.o
        24          0          0          0          0        116   dcmpi.o
       688        140          0          0          0        256   ddiv.o
        94          4          0          0          0        140   dfix.o
        90          4          0          0          0        140   dfixu.o
        46          0          0          0          0        116   dflt_clz.o
       120          4          0          0          0        140   dleqf.o
       340         12          0          0          0        152   dmul.o
       156          4          0          0          0        140   dnaninf.o
        12          0          0          0          0        116   dretinf.o
       408         56          0          0          0        168   dsqrt_umaal.o
        86          4          0          0          0        132   f2d.o
       140          4          0          0          0        132   fnaninf.o
        10          0          0          0          0        116   fpinit.o
        10          0          0          0          0        116   fretinf.o
         0          0          0          0          0          0   usenofp.o
       864         94         80          0          0        280   asin.o
       744        106        152          0          0        352   atan.o
       496         64          0          0          0        192   atan2.o
       104         16          0          0          0        496   dunder.o
        24          0          0          0          0        124   fabs.o
        48          0          0          0          0        124   fpclassify.o
       248          0          0          0          0        152   poly.o
         0          0          8          0          0          0   qnan.o
       110          0          0          0          0        148   sqrt.o

    ----------------------------------------------------------------------
      7338        582        260          0         96       6316   Library Totals
        20          0          3          0          0          0   (incl. Padding)

    ----------------------------------------------------------------------

      Code (inc. data)   RO Data    RW Data    ZI Data      Debug   Library Name

      1508         50         17          0         96       1672   c_w.l
      3172        252          0          0          0       2776   fz_wm.l
      2638        280        240          0          0       1868   m_wm.l

    ----------------------------------------------------------------------
      7338        582        260          0         96       6316   Library Totals

    ----------------------------------------------------------------------

==============================================================================


      Code (inc. data)   RO Data    RW Data    ZI Data      Debug   

     25486       1714       9986       5752       3320     367210   Grand Totals
     25486       1714       9986        568       3320     367210   ELF Image Totals (compressed)
     25486       1714       9986        568          0          0   ROM Totals

==============================================================================

    Total RO  Size (Code + RO Data)                35472 (  34.64kB)
    Total RW  Size (RW Data + ZI Data)              9072 (   8.86kB)
    Total ROM Size (Code + RO Data + RW Data)      36040 (  35.20kB)

==============================================================================

