<html>
<body>
<pre>
<h1>µVision Build Log</h1>
<h2>Tool Versions:</h2>
IDE-Version: ¦ÌVision V5.28.0.0
Copyright (C) 2019 ARM Ltd and ARM Germany GmbH. All rights reserved.
License Information: 1 Lenovo, 2, LIC=EXJT4-FF09Z-JJC6S-L0MK8-NM03U-V194Y
 
Tool Versions:
Toolchain:       MDK-ARM Plus  Version: 5.28.0.0
Toolchain Path:  D:\.keilv5\ARM\ARMCC\Bin
C Compiler:      Armcc.exe V5.06 update 6 (build 750)
Assembler:       Armasm.exe V5.06 update 6 (build 750)
Linker/Locator:  ArmLink.exe V5.06 update 6 (build 750)
Library Manager: ArmAr.exe V5.06 update 6 (build 750)
Hex Converter:   FromElf.exe V5.06 update 6 (build 750)
CPU DLL:         SARMCM3.DLL V5.28.0.0
Dialog DLL:      DCM.DLL V1.17.3.0
Target DLL:      Segger\JL2CM3.dll V2.99.36.0
Dialog DLL:      TCM.DLL V1.36.2.0
 
<h2>Project:</h2>
D:\Desktop\Balance_Robot\F4\USER\LED.uvprojx
Project File Date:  06/24/2022

<h2>Output:</h2>
*** Using Compiler 'V5.06 update 6 (build 750)', folder: 'D:\.keilv5\ARM\ARMCC\Bin'
Rebuild target 'LED'
assembling startup_stm32f40_41xxx.s...
compiling led.c...
compiling pid.c...
compiling sys.c...
compiling mpuiic.c...
compiling usart.c...
compiling delay.c...
compiling system_stm32f4xx.c...
compiling stm32f4xx_it.c...
compiling misc.c...
compiling stm32f4xx_gpio.c...
compiling main.c...
compiling mpu6050.c...
compiling timer.c...
..\HARDWARE\TIMER\timer.c(44): warning:  #177-D: variable "NVIC_InitStructure"  was declared but never referenced
  	NVIC_InitTypeDef NVIC_InitStructure;
..\HARDWARE\TIMER\timer.c: 1 warning, 0 errors
compiling inv_mpu_dmp_motion_driver.c...
compiling SEGGER_RTT_printf.c...
compiling inv_mpu.c...
compiling SEGGER_RTT.c...
compiling stm32f4xx_rcc.c...
compiling stm32f4xx_syscfg.c...
compiling stm32f4xx_usart.c...
compiling stm32f4xx_tim.c...
linking...
Program Size: Code=21214 RO-data=3906 RW-data=132 ZI-data=2388  
FromELF: creating hex file...
"..\OBJ\LED.axf" - 0 Error(s), 1 Warning(s).

<h2>Software Packages used:</h2>

Package Vendor: Keil
                http://www.keil.com/pack/Keil.STM32F4xx_DFP.2.15.0.pack
                Keil.STM32F4xx_DFP.2.15.0
                STMicroelectronics STM32F4 Series Device Support, Drivers and Examples

<h2>Collection of Component include folders:</h2>
  .\RTE\_LED
  D:\.keilv5\Keil\STM32F4xx_DFP\2.15.0\Drivers\CMSIS\Device\ST\STM32F4xx\Include

<h2>Collection of Component Files used:</h2>
Build Time Elapsed:  00:00:02
</pre>
</body>
</html>
