Component: ARM Compiler 5.06 update 6 (build 750) Tool: armlink [4d35ed]

==============================================================================

Section Cross References

    main.o(i.main) refers to misc.o(i.NVIC_PriorityGroupConfig) for NVIC_PriorityGroupConfig
    main.o(i.main) refers to delay.o(i.delay_init) for delay_init
    main.o(i.main) refers to usart.o(i.uart_init) for uart_init
    main.o(i.main) refers to led.o(i.LED_Init) for LED_Init
    main.o(i.main) refers to mpu6050.o(i.MPU_Init) for MPU_Init
    main.o(i.main) refers to inv_mpu.o(i.mpu_dmp_init) for mpu_dmp_init
    main.o(i.main) refers to timer.o(i.TIM2_PWM_Init) for TIM2_PWM_Init
    main.o(i.main) refers to timer.o(i.TIM3_Encode_Init) for TIM3_Encode_Init
    main.o(i.main) refers to timer.o(i.TIM4_Encode_Init) for TIM4_Encode_Init
    main.o(i.main) refers to timer.o(i.EncoderRead_TIM1) for EncoderRead_TIM1
    main.o(i.main) refers to kalman.o(i.KalmanCreate) for KalmanCreate
    main.o(i.main) refers to pid.o(i.PIDInit) for PIDInit
    main.o(i.main) refers to f2d.o(x$fpl$f2d) for __aeabi_f2d
    main.o(i.main) refers to segger_rtt_printf_1.o(i.SEGGER_RTT_printf) for SEGGER_RTT_printf
    main.o(i.main) refers to kalman.o(.bss) for speedK
    main.o(i.main) refers to main.o(.bss) for .bss
    main.o(i.main) refers to main.o(.data) for .data
    system_stm32f4xx.o(i.SystemCoreClockUpdate) refers to system_stm32f4xx.o(.data) for .data
    system_stm32f4xx.o(i.SystemInit) refers to system_stm32f4xx.o(i.SetSysClock) for SetSysClock
    led.o(i.LED_Init) refers to stm32f4xx_rcc.o(i.RCC_AHB1PeriphClockCmd) for RCC_AHB1PeriphClockCmd
    led.o(i.LED_Init) refers to stm32f4xx_gpio.o(i.GPIO_Init) for GPIO_Init
    led.o(i.LED_Init) refers to stm32f4xx_gpio.o(i.GPIO_SetBits) for GPIO_SetBits
    timer.o(i.EncoderRead_TIM1) refers to stm32f4xx_rcc.o(i.RCC_APB1PeriphClockCmd) for RCC_APB1PeriphClockCmd
    timer.o(i.EncoderRead_TIM1) refers to stm32f4xx_tim.o(i.TIM_TimeBaseInit) for TIM_TimeBaseInit
    timer.o(i.EncoderRead_TIM1) refers to stm32f4xx_tim.o(i.TIM_ITConfig) for TIM_ITConfig
    timer.o(i.EncoderRead_TIM1) refers to misc.o(i.NVIC_Init) for NVIC_Init
    timer.o(i.EncoderRead_TIM1) refers to stm32f4xx_tim.o(i.TIM_Cmd) for TIM_Cmd
    timer.o(i.PidCalc_Encode) refers to timer.o(.data) for .data
    timer.o(i.PidCalc_IMU) refers to main.o(.data) for groy_med
    timer.o(i.SetPWM) refers to stm32f4xx_tim.o(i.TIM_SetCompare4) for TIM_SetCompare4
    timer.o(i.SetPWM) refers to stm32f4xx_tim.o(i.TIM_SetCompare1) for TIM_SetCompare1
    timer.o(i.TIM2_PWM_Init) refers to stm32f4xx_rcc.o(i.RCC_APB1PeriphClockCmd) for RCC_APB1PeriphClockCmd
    timer.o(i.TIM2_PWM_Init) refers to stm32f4xx_rcc.o(i.RCC_AHB1PeriphClockCmd) for RCC_AHB1PeriphClockCmd
    timer.o(i.TIM2_PWM_Init) refers to stm32f4xx_gpio.o(i.GPIO_PinAFConfig) for GPIO_PinAFConfig
    timer.o(i.TIM2_PWM_Init) refers to stm32f4xx_gpio.o(i.GPIO_Init) for GPIO_Init
    timer.o(i.TIM2_PWM_Init) refers to stm32f4xx_gpio.o(i.GPIO_ResetBits) for GPIO_ResetBits
    timer.o(i.TIM2_PWM_Init) refers to stm32f4xx_tim.o(i.TIM_TimeBaseInit) for TIM_TimeBaseInit
    timer.o(i.TIM2_PWM_Init) refers to stm32f4xx_tim.o(i.TIM_OC4Init) for TIM_OC4Init
    timer.o(i.TIM2_PWM_Init) refers to stm32f4xx_tim.o(i.TIM_OC1Init) for TIM_OC1Init
    timer.o(i.TIM2_PWM_Init) refers to stm32f4xx_tim.o(i.TIM_OC4PreloadConfig) for TIM_OC4PreloadConfig
    timer.o(i.TIM2_PWM_Init) refers to stm32f4xx_tim.o(i.TIM_OC1PreloadConfig) for TIM_OC1PreloadConfig
    timer.o(i.TIM2_PWM_Init) refers to stm32f4xx_tim.o(i.TIM_ARRPreloadConfig) for TIM_ARRPreloadConfig
    timer.o(i.TIM2_PWM_Init) refers to stm32f4xx_tim.o(i.TIM_Cmd) for TIM_Cmd
    timer.o(i.TIM3_Encode_Init) refers to stm32f4xx_rcc.o(i.RCC_APB1PeriphClockCmd) for RCC_APB1PeriphClockCmd
    timer.o(i.TIM3_Encode_Init) refers to stm32f4xx_rcc.o(i.RCC_APB2PeriphClockCmd) for RCC_APB2PeriphClockCmd
    timer.o(i.TIM3_Encode_Init) refers to stm32f4xx_gpio.o(i.GPIO_Init) for GPIO_Init
    timer.o(i.TIM3_Encode_Init) refers to stm32f4xx_gpio.o(i.GPIO_PinAFConfig) for GPIO_PinAFConfig
    timer.o(i.TIM3_Encode_Init) refers to stm32f4xx_tim.o(i.TIM_TimeBaseInit) for TIM_TimeBaseInit
    timer.o(i.TIM3_Encode_Init) refers to stm32f4xx_tim.o(i.TIM_EncoderInterfaceConfig) for TIM_EncoderInterfaceConfig
    timer.o(i.TIM3_Encode_Init) refers to stm32f4xx_tim.o(i.TIM_ICStructInit) for TIM_ICStructInit
    timer.o(i.TIM3_Encode_Init) refers to stm32f4xx_tim.o(i.TIM_ICInit) for TIM_ICInit
    timer.o(i.TIM3_Encode_Init) refers to stm32f4xx_tim.o(i.TIM_ClearFlag) for TIM_ClearFlag
    timer.o(i.TIM3_Encode_Init) refers to stm32f4xx_tim.o(i.TIM_ITConfig) for TIM_ITConfig
    timer.o(i.TIM3_Encode_Init) refers to stm32f4xx_tim.o(i.TIM_SetCounter) for TIM_SetCounter
    timer.o(i.TIM3_Encode_Init) refers to stm32f4xx_tim.o(i.TIM_Cmd) for TIM_Cmd
    timer.o(i.TIM4_Encode_Init) refers to stm32f4xx_rcc.o(i.RCC_APB1PeriphClockCmd) for RCC_APB1PeriphClockCmd
[...]
    .constdata                               0x08006a28   Section       80  asin.o(.constdata)
    pS                                       0x08006a28   Data          48  asin.o(.constdata)
    qS                                       0x08006a58   Data          32  asin.o(.constdata)
    .constdata                               0x08006a78   Section      152  atan.o(.constdata)
    atanhi                                   0x08006a78   Data          32  atan.o(.constdata)
    atanlo                                   0x08006a98   Data          32  atan.o(.constdata)
    aTodd                                    0x08006ab8   Data          40  atan.o(.constdata)
    aTeven                                   0x08006ae0   Data          48  atan.o(.constdata)
    .constdata                               0x08006b10   Section        8  qnan.o(.constdata)
    .conststring                             0x08006b18   Section       77  inv_mpu.o(.conststring)
    .data                                    0x20000000   Section        4  main.o(.data)
    .data                                    0x20000004   Section        4  main.o(.data)
    .data                                    0x20000008   Section       12  main.o(.data)
    .data                                    0x20000014   Section        4  main.o(.data)
    .data                                    0x20000018   Section        4  main.o(.data)
    .data                                    0x2000001c   Section        4  main.o(.data)
    .data                                    0x20000020   Section        4  main.o(.data)
    .data                                    0x20000024   Section        4  main.o(.data)
    .data                                    0x20000028   Section        2  main.o(.data)
    .data                                    0x2000002a   Section        2  main.o(.data)
    .data                                    0x2000002c   Section        2  main.o(.data)
    .data                                    0x2000002e   Section        2  main.o(.data)
    .data                                    0x20000030   Section        2  main.o(.data)
    .data                                    0x20000032   Section        2  main.o(.data)
    .data                                    0x20000034   Section        4  main.o(.data)
    .data                                    0x20000038   Section        4  main.o(.data)
    .data                                    0x2000003c   Section        4  main.o(.data)
    .data                                    0x20000040   Section        4  main.o(.data)
    .data                                    0x20000044   Section       28  timer.o(.data)
    PWM_out                                  0x20000044   Data           4  timer.o(.data)
    Encoder_S                                0x20000048   Data           4  timer.o(.data)
    Encoder_Least                            0x2000004c   Data           4  timer.o(.data)
    Encoder_Least_last                       0x20000050   Data           4  timer.o(.data)
    Err_Lowout                               0x20000054   Data           4  timer.o(.data)
    Err_Lowout_last                          0x20000058   Data           4  timer.o(.data)
    a                                        0x2000005c   Data           4  timer.o(.data)
    .data                                    0x20000060   Section       53  inv_mpu.o(.data)
    st                                       0x20000060   Data          44  inv_mpu.o(.data)
    gyro_orientation                         0x2000008c   Data           9  inv_mpu.o(.data)
    .data                                    0x20000096   Section        4  delay.o(.data)
    fac_us                                   0x20000096   Data           1  delay.o(.data)
    fac_ms                                   0x20000098   Data           2  delay.o(.data)
    .data                                    0x2000009c   Section        4  usart.o(.data)
    .data                                    0x200000a0   Section       16  stm32f4xx_rcc.o(.data)
    APBAHBPrescTable                         0x200000a0   Data          16  stm32f4xx_rcc.o(.data)
    .bss                                     0x200000b0   Section      736  main.o(.bss)
    .bss                                     0x20000390   Section       16  inv_mpu_dmp_motion_driver.o(.bss)
    dmp                                      0x20000390   Data          16  inv_mpu_dmp_motion_driver.o(.bss)
    .bss                                     0x200003a0   Section       48  kalman.o(.bss)
    .bss                                     0x200003d0   Section     1208  segger_rtt_1.o(.bss)
    _acUpBuffer                              0x20000478   Data        1024  segger_rtt_1.o(.bss)
    _acDownBuffer                            0x20000878   Data          16  segger_rtt_1.o(.bss)
    .bss                                     0x20000888   Section       96  libspace.o(.bss)
    HEAP                                     0x200008e8   Section      512  startup_stm32f40_41xxx.o(HEAP)
    Heap_Mem                                 0x200008e8   Data         512  startup_stm32f40_41xxx.o(HEAP)
    STACK                                    0x20000ae8   Section     1024  startup_stm32f40_41xxx.o(STACK)
    Stack_Mem                                0x20000ae8   Data        1024  startup_stm32f40_41xxx.o(STACK)
    __initial_sp                             0x20000ee8   Data           0  startup_stm32f40_41xxx.o(STACK)

    Global Symbols

    Symbol Name                              Value     Ov Type        Size  Object(Section)

    BuildAttributes$$THM_ISAv4$E$P$D$K$B$S$7EM$VFPi3$EXTD16$VFPS$VFMA$PE$A:L22UL41UL21$X:L11$S22US41US21$IEEE1$IW$USESV6$~STKCKD$USESV7$~SHL$OTIME$ROPI$IEEEX$EBA8$UX$STANDARDLIB$REQ8$PRES8$EABIv2 0x00000000   Number         0  anon$$obj.o ABSOLUTE
    __ARM_use_no_argv                        0x00000000   Number         0  main.o ABSOLUTE
    _printf_flags                            0x00000000   Number         0  printf_stubs.o ABSOLUTE
    _printf_return_value                     0x00000000   Number         0  printf_stubs.o ABSOLUTE
    _printf_sizespec                         0x00000000   Number         0  printf_stubs.o ABSOLUTE
    _printf_widthprec                        0x00000000   Number         0  printf_stubs.o ABSOLUTE
    __ARM_exceptions_init                     - Undefined Weak Reference
    __alloca_initialize                       - Undefined Weak Reference
    __arm_preinit_                            - Undefined Weak Reference
    __cpp_initialize__aeabi_                  - Undefined Weak Reference
    __cxa_finalize                            - Undefined Weak Reference
    __rt_locale                               - Undefined Weak Reference
    __sigvec_lookup                           - Undefined Weak Reference
    _atexit_init                              - Undefined Weak Reference
    _call_atexit_fns                          - Undefined Weak Reference
    _clock_init                               - Undefined Weak Reference
    _fp_trap_init                             - Undefined Weak Reference
    _fp_trap_shutdown                         - Undefined Weak Reference
    _get_lc_collate                           - Undefined Weak Reference
    _get_lc_ctype                             - Undefined Weak Reference
    _get_lc_monetary                          - Undefined Weak Reference
    _get_lc_numeric                           - Undefined Weak Reference
    _get_lc_time                              - Undefined Weak Reference
    _getenv_init                              - Undefined Weak Reference
    _handle_redirection                       - Undefined Weak Reference
    _init_alloc                               - Undefined Weak Reference
    _init_user_alloc                          - Undefined Weak Reference
    _initio                                   - Undefined Weak Reference
    _mutex_acquire                            - Undefined Weak Reference
    _mutex_release                            - Undefined Weak Reference
    _printf_truncate_signed                   - Undefined Weak Reference
    _printf_truncate_unsigned                 - Undefined Weak Reference
    _rand_init                                - Undefined Weak Reference
    _signal_finish                            - Undefined Weak Reference
    _signal_init                              - Undefined Weak Reference
    _terminate_alloc                          - Undefined Weak Reference
    _terminate_user_alloc                     - Undefined Weak Reference
    _terminateio                              - Undefined Weak Reference
    __Vectors_Size                           0x00000188   Number         0  startup_stm32f40_41xxx.o ABSOLUTE
    __Vectors                                0x08000000   Data           4  startup_stm32f40_41xxx.o(RESET)
    __Vectors_End                            0x08000188   Data           0  startup_stm32f40_41xxx.o(RESET)
    __main                                   0x08000189   Thumb Code     8  __main.o(!!!main)
    __scatterload                            0x08000191   Thumb Code     0  __scatter.o(!!!scatter)
    __scatterload_rt2                        0x08000191   Thumb Code    44  __scatter.o(!!!scatter)
    __scatterload_rt2_thumb_only             0x08000191   Thumb Code     0  __scatter.o(!!!scatter)
    __scatterload_null                       0x0800019f   Thumb Code     0  __scatter.o(!!!scatter)
    __scatterload_copy                       0x080001c5   Thumb Code    26  __scatter_copy.o(!!handler_copy)
    __scatterload_zeroinit                   0x080001e1   Thumb Code    28  __scatter_zi.o(!!handler_zi)
    _printf_d                                0x080001fd   Thumb Code     0  _printf_d.o(.ARM.Collect$$_printf_percent$$00000009)
    _printf_percent                          0x080001fd   Thumb Code     0  _printf_percent.o(.ARM.Collect$$_printf_percent$$00000000)
    _printf_percent_end                      0x08000203   Thumb Code     0  _printf_percent_end.o(.ARM.Collect$$_printf_percent$$00000017)
    __rt_lib_init                            0x08000207   Thumb Code     0  libinit.o(.ARM.Collect$$libinit$$00000000)
    __rt_lib_init_fp_1                       0x08000209   Thumb Code     0  libinit2.o(.ARM.Collect$$libinit$$00000001)
    __rt_lib_init_alloca_1                   0x0800020d   Thumb Code     0  libinit2.o(.ARM.Collect$$libinit$$0000002E)
    __rt_lib_init_argv_1                     0x0800020d   Thumb Code     0  libinit2.o(.ARM.Collect$$libinit$$0000002C)
    __rt_lib_init_atexit_1                   0x0800020d   Thumb Code     0  libinit2.o(.ARM.Collect$$libinit$$0000001B)
    __rt_lib_init_clock_1                    0x0800020d   Thumb Code     0  libinit2.o(.ARM.Collect$$libinit$$00000021)
    __rt_lib_init_cpp_1                      0x0800020d   Thumb Code     0  libinit2.o(.ARM.Collect$$libinit$$00000032)
    __rt_lib_init_exceptions_1               0x0800020d   Thumb Code     0  libinit2.o(.ARM.Collect$$libinit$$00000030)
    __rt_lib_init_fp_trap_1                  0x0800020d   Thumb Code     0  libinit2.o(.ARM.Collect$$libinit$$0000001F)
    __rt_lib_init_getenv_1                   0x0800020d   Thumb Code     0  libinit2.o(.ARM.Collect$$libinit$$00000023)
    __rt_lib_init_heap_1                     0x0800020d   Thumb Code     0  libinit2.o(.ARM.Collect$$libinit$$0000000A)
    __rt_lib_init_lc_collate_1               0x0800020d   Thumb Code     0  libinit2.o(.ARM.Collect$$libinit$$00000011)
    __rt_lib_init_lc_ctype_1                 0x0800020d   Thumb Code     0  libinit2.o(.ARM.Collect$$libinit$$00000013)
    __rt_lib_init_lc_monetary_1              0x0800020d   Thumb Code     0  libinit2.o(.ARM.Collect$$libinit$$00000015)
    __rt_lib_init_lc_numeric_1               0x0800020d   Thumb Code     0  libinit2.o(.ARM.Collect$$libinit$$00000017)
    __rt_lib_init_lc_time_1                  0x0800020d   Thumb Code     0  libinit2.o(.ARM.Collect$$libinit$$00000019)
    __rt_lib_init_preinit_1                  0x0800020d   Thumb Code     0  libinit2.o(.ARM.Collect$$libinit$$00000004)
    __rt_lib_init_rand_1                     0x0800020d   Thumb Code     0  libinit2.o(.ARM.Collect$$libinit$$0000000E)
    __rt_lib_init_return                     0x0800020d   Thumb Code     0  libinit2.o(.ARM.Collect$$libinit$$00000033)
    __rt_lib_init_signal_1                   0x0800020d   Thumb Code     0  libinit2.o(.ARM.Collect$$libinit$$0000001D)
    __rt_lib_init_stdio_1                    0x0800020d   Thumb Code     0  libinit2.o(.ARM.Collect$$libinit$$00000025)
    __rt_lib_init_user_alloc_1               0x0800020d   Thumb Code     0  libinit2.o(.ARM.Collect$$libinit$$0000000C)
    __rt_lib_shutdown                        0x0800020f   Thumb Code     0  libshutdown.o(.ARM.Collect$$libshutdown$$00000000)
    __rt_lib_shutdown_cpp_1                  0x08000211   Thumb Code     0  libshutdown2.o(.ARM.Collect$$libshutdown$$00000002)
    __rt_lib_shutdown_fp_trap_1              0x08000211   Thumb Code     0  libshutdown2.o(.ARM.Collect$$libshutdown$$00000007)
    __rt_lib_shutdown_heap_1                 0x08000211   Thumb Code     0  libshutdown2.o(.ARM.Collect$$libshutdown$$0000000F)
    __rt_lib_shutdown_return                 0x08000211   Thumb Code     0  libshutdown2.o(.ARM.Collect$$libshutdown$$00000010)
    __rt_lib_shutdown_signal_1               0x08000211   Thumb Code     0  libshutdown2.o(.ARM.Collect$$libshutdown$$0000000A)
    __rt_lib_shutdown_stdio_1                0x08000211   Thumb Code     0  libshutdown2.o(.ARM.Collect$$libshutdown$$00000004)
    __rt_lib_shutdown_user_alloc_1           0x08000211   Thumb Code     0  libshutdown2.o(.ARM.Collect$$libshutdown$$0000000C)
    __rt_entry                               0x08000213   Thumb Code     0  __rtentry.o(.ARM.Collect$$rtentry$$00000000)
    __rt_entry_presh_1                       0x08000213   Thumb Code     0  __rtentry2.o(.ARM.Collect$$rtentry$$00000002)
    __rt_entry_sh                            0x08000213   Thumb Code     0  __rtentry4.o(.ARM.Collect$$rtentry$$00000004)
    __rt_entry_li                            0x08000219   Thumb Code     0  __rtentry2.o(.ARM.Collect$$rtentry$$0000000A)
    __rt_entry_postsh_1                      0x08000219   Thumb Code     0  __rtentry2.o(.ARM.Collect$$rtentry$$00000009)
    __rt_entry_main                          0x0800021d   Thumb Code     0  __rtentry2.o(.ARM.Collect$$rtentry$$0000000D)
    __rt_entry_postli_1                      0x0800021d   Thumb Code     0  __rtentry2.o(.ARM.Collect$$rtentry$$0000000C)
    __rt_exit                                0x08000225   Thumb Code     0  rtexit.o(.ARM.Collect$$rtexit$$00000000)
    __rt_exit_ls                             0x08000227   Thumb Code     0  rtexit2.o(.ARM.Collect$$rtexit$$00000003)
    __rt_exit_prels_1                        0x08000227   Thumb Code     0  rtexit2.o(.ARM.Collect$$rtexit$$00000002)
    __rt_exit_exit                           0x0800022b   Thumb Code     0  rtexit2.o(.ARM.Collect$$rtexit$$00000004)
    Reset_Handler                            0x08000231   Thumb Code     8  startup_stm32f40_41xxx.o(.text)
    ADC_IRQHandler                           0x0800024b   Thumb Code     0  startup_stm32f40_41xxx.o(.text)
    CAN1_RX0_IRQHandler                      0x0800024b   Thumb Code     0  startup_stm32f40_41xxx.o(.text)
    CAN1_RX1_IRQHandler                      0x0800024b   Thumb Code     0  startup_stm32f40_41xxx.o(.text)
    CAN1_SCE_IRQHandler                      0x0800024b   Thumb Code     0  startup_stm32f40_41xxx.o(.text)
    CAN1_TX_IRQHandler                       0x0800024b   Thumb Code     0  startup_stm32f40_41xxx.o(.text)
    CAN2_RX0_IRQHandler                      0x0800024b   Thumb Code     0  startup_stm32f40_41xxx.o(.text)
    CAN2_RX1_IRQHandler                      0x0800024b   Thumb Code     0  startup_stm32f40_41xxx.o(.text)
    CAN2_SCE_IRQHandler                      0x0800024b   Thumb Code     0  startup_stm32f40_41xxx.o(.text)
    CAN2_TX_IRQHandler                       0x0800024b   Thumb Code     0  startup_stm32f40_41xxx.o(.text)
    CRYP_IRQHandler                          0x0800024b   Thumb Code     0  startup_stm32f40_41xxx.o(.text)
    DCMI_IRQHandler                          0x0800024b   Thumb Code     0  startup_stm32f40_41xxx.o(.text)
    DMA1_Stream0_IRQHandler                  0x0800024b   Thumb Code     0  startup_stm32f40_41xxx.o(.text)
    DMA1_Stream1_IRQHandler                  0x0800024b   Thumb Code     0  startup_stm32f40_41xxx.o(.text)
    DMA1_Stream2_IRQHandler                  0x0800024b   Thumb Code     0  startup_stm32f40_41xxx.o(.text)
    DMA1_Stream3_IRQHandler                  0x0800024b   Thumb Code     0  startup_stm32f40_41xxx.o(.text)
    DMA1_Stream4_IRQHandler                  0x0800024b   Thumb Code     0  startup_stm32f40_41xxx.o(.text)
    DMA1_Stream5_IRQHandler                  0x0800024b   Thumb Code     0  startup_stm32f40_41xxx.o(.text)
    DMA1_Stream6_IRQHandler                  0x0800024b   Thumb Code     0  startup_stm32f40_41xxx.o(.text)
    DMA1_Stream7_IRQHandler                  0x0800024b   Thumb Code     0  startup_stm32f40_41xxx.o(.text)
    DMA2_Stream0_IRQHandler                  0x0800024b   Thumb Code     0  startup_stm32f40_41xxx.o(.text)
    DMA2_Stream1_IRQHandler                  0x0800024b   Thumb Code     0  startup_stm32f40_41xxx.o(.text)
    DMA2_Stream2_IRQHandler                  0x0800024b   Thumb Code     0  startup_stm32f40_41xxx.o(.text)
    DMA2_Stream3_IRQHandler                  0x0800024b   Thumb Code     0  startup_stm32f40_41xxx.o(.text)
    DMA2_Stream4_IRQHandler                  0x0800024b   Thumb Code     0  startup_stm32f40_41xxx.o(.text)
    DMA2_Stream5_IRQHandler                  0x0800024b   Thumb Code     0  startup_stm32f40_41xxx.o(.text)
    DMA2_Stream6_IRQHandler                  0x0800024b   Thumb Code     0  startup_stm32f40_41xxx.o(.text)
    DMA2_Stream7_IRQHandler                  0x0800024b   Thumb Code     0  startup_stm32f40_41xxx.o(.text)
    ETH_IRQHandler                           0x0800024b   Thumb Code     0  startup_stm32f40_41xxx.o(.text)
    ETH_WKUP_IRQHandler                      0x0800024b   Thumb Code     0  startup_stm32f40_41xxx.o(.text)
    EXTI0_IRQHandler                         0x0800024b   Thumb Code     0  startup_stm32f40_41xxx.o(.text)
    EXTI15_10_IRQHandler                     0x0800024b   Thumb Code     0  startup_stm32f40_41xxx.o(.text)
    EXTI1_IRQHandler                         0x0800024b   Thumb Code     0  startup_stm32f40_41xxx.o(.text)
    EXTI2_IRQHandler                         0x0800024b   Thumb Code     0  startup_stm32f40_41xxx.o(.text)
    EXTI3_IRQHandler                         0x0800024b   Thumb Code     0  startup_stm32f40_41xxx.o(.text)
    EXTI4_IRQHandler                         0x0800024b   Thumb Code     0  startup_stm32f40_41xxx.o(.text)
    EXTI9_5_IRQHandler                       0x0800024b   Thumb Code     0  startup_stm32f40_41xxx.o(.text)
    FLASH_IRQHandler                         0x0800024b   Thumb Code     0  startup_stm32f40_41xxx.o(.text)
    FPU_IRQHandler                           0x0800024b   Thumb Code     0  startup_stm32f40_41xxx.o(.text)
    FSMC_IRQHandler                          0x0800024b   Thumb Code     0  startup_stm32f40_41xxx.o(.text)
    HASH_RNG_IRQHandler                      0x0800024b   Thumb Code     0  startup_stm32f40_41xxx.o(.text)
    I2C1_ER_IRQHandler                       0x0800024b   Thumb Code     0  startup_stm32f40_41xxx.o(.text)
    I2C1_EV_IRQHandler                       0x0800024b   Thumb Code     0  startup_stm32f40_41xxx.o(.text)
    I2C2_ER_IRQHandler                       0x0800024b   Thumb Code     0  startup_stm32f40_41xxx.o(.text)
    I2C2_EV_IRQHandler                       0x0800024b   Thumb Code     0  startup_stm32f40_41xxx.o(.text)
    I2C3_ER_IRQHandler                       0x0800024b   Thumb Code     0  startup_stm32f40_41xxx.o(.text)
    I2C3_EV_IRQHandler                       0x0800024b   Thumb Code     0  startup_stm32f40_41xxx.o(.text)
    OTG_FS_IRQHandler                        0x0800024b   Thumb Code     0  startup_stm32f40_41xxx.o(.text)
    OTG_FS_WKUP_IRQHandler                   0x0800024b   Thumb Code     0  startup_stm32f40_41xxx.o(.text)
    OTG_HS_EP1_IN_IRQHandler                 0x0800024b   Thumb Code     0  startup_stm32f40_41xxx.o(.text)
    OTG_HS_EP1_OUT_IRQHandler                0x0800024b   Thumb Code     0  startup_stm32f40_41xxx.o(.text)
    OTG_HS_IRQHandler                        0x0800024b   Thumb Code     0  startup_stm32f40_41xxx.o(.text)
    OTG_HS_WKUP_IRQHandler                   0x0800024b   Thumb Code     0  startup_stm32f40_41xxx.o(.text)
    PVD_IRQHandler                           0x0800024b   Thumb Code     0  startup_stm32f40_41xxx.o(.text)
    RCC_IRQHandler                           0x0800024b   Thumb Code     0  startup_stm32f40_41xxx.o(.text)
    RTC_Alarm_IRQHandler                     0x0800024b   Thumb Code     0  startup_stm32f40_41xxx.o(.text)
    RTC_WKUP_IRQHandler                      0x0800024b   Thumb Code     0  startup_stm32f40_41xxx.o(.text)
    SDIO_IRQHandler                          0x0800024b   Thumb Code     0  startup_stm32f40_41xxx.o(.text)
    SPI1_IRQHandler                          0x0800024b   Thumb Code     0  startup_stm32f40_41xxx.o(.text)
    SPI2_IRQHandler                          0x0800024b   Thumb Code     0  startup_stm32f40_41xxx.o(.text)
    SPI3_IRQHandler                          0x0800024b   Thumb Code     0  startup_stm32f40_41xxx.o(.text)
    TAMP_STAMP_IRQHandler                    0x0800024b   Thumb Code     0  startup_stm32f40_41xxx.o(.text)
    TIM1_BRK_TIM9_IRQHandler                 0x0800024b   Thumb Code     0  startup_stm32f40_41xxx.o(.text)
    TIM1_CC_IRQHandler                       0x0800024b   Thumb Code     0  startup_stm32f40_41xxx.o(.text)
    TIM1_TRG_COM_TIM11_IRQHandler            0x0800024b   Thumb Code     0  startup_stm32f40_41xxx.o(.text)
    TIM1_UP_TIM10_IRQHandler                 0x0800024b   Thumb Code     0  startup_stm32f40_41xxx.o(.text)
    TIM2_IRQHandler                          0x0800024b   Thumb Code     0  startup_stm32f40_41xxx.o(.text)
    TIM3_IRQHandler                          0x0800024b   Thumb Code     0  startup_stm32f40_41xxx.o(.text)
    TIM5_IRQHandler                          0x0800024b   Thumb Code     0  startup_stm32f40_41xxx.o(.text)
    TIM6_DAC_IRQHandler                      0x0800024b   Thumb Code     0  startup_stm32f40_41xxx.o(.text)
    TIM7_IRQHandler                          0x0800024b   Thumb Code     0  startup_stm32f40_41xxx.o(.text)
    TIM8_BRK_TIM12_IRQHandler                0x0800024b   Thumb Code     0  startup_stm32f40_41xxx.o(.text)
    TIM8_CC_IRQHandler                       0x0800024b   Thumb Code     0  startup_stm32f40_41xxx.o(.text)
    TIM8_TRG_COM_TIM14_IRQHandler            0x0800024b   Thumb Code     0  startup_stm32f40_41xxx.o(.text)
    TIM8_UP_TIM13_IRQHandler                 0x0800024b   Thumb Code     0  startup_stm32f40_41xxx.o(.text)
    UART4_IRQHandler                         0x0800024b   Thumb Code     0  startup_stm32f40_41xxx.o(.text)
    UART5_IRQHandler                         0x0800024b   Thumb Code     0  startup_stm32f40_41xxx.o(.text)
    USART2_IRQHandler                        0x0800024b   Thumb Code     0  startup_stm32f40_41xxx.o(.text)
    USART3_IRQHandler                        0x0800024b   Thumb Code     0  startup_stm32f40_41xxx.o(.text)
    USART6_IRQHandler                        0x0800024b   Thumb Code     0  startup_stm32f40_41xxx.o(.text)
    WWDG_IRQHandler                          0x0800024b   Thumb Code     0  startup_stm32f40_41xxx.o(.text)
    __user_initial_stackheap                 0x0800024d   Thumb Code     0  startup_stm32f40_41xxx.o(.text)
    __use_no_semihosting                     0x08000271   Thumb Code     2  use_no_semi_2.o(.text)
    __aeabi_ldivmod                          0x08000273   Thumb Code     0  llsdiv.o(.text)
    _ll_sdiv                                 0x08000273   Thumb Code    72  llsdiv.o(.text)
    __2printf                                0x080002bd   Thumb Code    20  noretval__2printf.o(.text)
    _printf_int_dec                          0x080002d5   Thumb Code   104  _printf_dec.o(.text)
    __printf                                 0x0800034d   Thumb Code   308  __printf_flags_wp.o(.text)
    memcmp                                   0x08000485   Thumb Code    88  memcmp.o(.text)
    strcpy                                   0x080004dd   Thumb Code    72  strcpy.o(.text)
    __aeabi_memcpy                           0x08000525   Thumb Code     0  rt_memcpy_v6.o(.text)
    __rt_memcpy                              0x08000525   Thumb Code   138  rt_memcpy_v6.o(.text)
    _memcpy_lastbytes                        0x0800058b   Thumb Code     0  rt_memcpy_v6.o(.text)
    __aeabi_memset                           0x080005af   Thumb Code    16  aeabi_memset.o(.text)
    __use_two_region_memory                  0x080005bf   Thumb Code     2  heapauxi.o(.text)
    __rt_heap_escrow$2region                 0x080005c1   Thumb Code     2  heapauxi.o(.text)
    __rt_heap_expand$2region                 0x080005c3   Thumb Code     2  heapauxi.o(.text)
    __I$use$semihosting                      0x080005c5   Thumb Code     0  use_no_semi.o(.text)
    __use_no_semihosting_swi                 0x080005c5   Thumb Code     2  use_no_semi.o(.text)
    __aeabi_uldivmod                         0x080005c7   Thumb Code     0  lludivv7m.o(.text)
    _ll_udiv                                 0x080005c7   Thumb Code   238  lludivv7m.o(.text)
    __read_errno                             0x080006b5   Thumb Code    10  _rserrno.o(.text)
    __set_errno                              0x080006bf   Thumb Code    12  _rserrno.o(.text)
    _printf_int_common                       0x080006cb   Thumb Code   178  _printf_intcommon.o(.text)
    _printf_char_file                        0x0800077d   Thumb Code    32  _printf_char_file.o(.text)
    __aeabi_memcpy4                          0x080007a1   Thumb Code     0  rt_memcpy_w.o(.text)
    __aeabi_memcpy8                          0x080007a1   Thumb Code     0  rt_memcpy_w.o(.text)
    __rt_memcpy_w                            0x080007a1   Thumb Code   100  rt_memcpy_w.o(.text)
    _memcpy_lastbytes_aligned                0x080007e9   Thumb Code     0  rt_memcpy_w.o(.text)
    __aeabi_memclr                           0x08000805   Thumb Code     0  rt_memclr.o(.text)
    __rt_memclr                              0x08000805   Thumb Code    68  rt_memclr.o(.text)
    _memset                                  0x08000809   Thumb Code     0  rt_memclr.o(.text)
    __aeabi_errno_addr                       0x08000849   Thumb Code     8  rt_errno_addr_intlibspace.o(.text)
    __errno$intlibspace                      0x08000849   Thumb Code     0  rt_errno_addr_intlibspace.o(.text)
    __rt_errno_addr$intlibspace              0x08000849   Thumb Code     0  rt_errno_addr_intlibspace.o(.text)
    _printf_char_common                      0x0800085b   Thumb Code    32  _printf_char_common.o(.text)
    ferror                                   0x08000881   Thumb Code     8  ferror.o(.text)
    __aeabi_memclr4                          0x08000889   Thumb Code     0  rt_memclr_w.o(.text)
    __aeabi_memclr8                          0x08000889   Thumb Code     0  rt_memclr_w.o(.text)
    __rt_memclr_w                            0x08000889   Thumb Code    78  rt_memclr_w.o(.text)
    _memset_w                                0x0800088d   Thumb Code     0  rt_memclr_w.o(.text)
    __user_libspace                          0x080008d9   Thumb Code     8  libspace.o(.text)
    __user_perproc_libspace                  0x080008d9   Thumb Code     0  libspace.o(.text)
    __user_perthread_libspace                0x080008d9   Thumb Code     0  libspace.o(.text)
    __user_setup_stackheap                   0x080008e1   Thumb Code    74  sys_stackheap_outer.o(.text)
    exit                                     0x0800092b   Thumb Code    18  exit.o(.text)
    BusFault_Handler                         0x0800093d   Thumb Code     2  stm32f4xx_it.o(i.BusFault_Handler)
    DebugMon_Handler                         0x0800093f   Thumb Code     2  stm32f4xx_it.o(i.DebugMon_Handler)
    EncoderRead_TIM1                         0x08000941   Thumb Code    86  timer.o(i.EncoderRead_TIM1)
    GPIO_Init                                0x0800099d   Thumb Code   162  stm32f4xx_gpio.o(i.GPIO_Init)
    GPIO_PinAFConfig                         0x08000a3f   Thumb Code    32  stm32f4xx_gpio.o(i.GPIO_PinAFConfig)
    GPIO_ResetBits                           0x08000a5f   Thumb Code     4  stm32f4xx_gpio.o(i.GPIO_ResetBits)
    GPIO_SetBits                             0x08000a63   Thumb Code     4  stm32f4xx_gpio.o(i.GPIO_SetBits)
    HardFault_Handler                        0x08000a67   Thumb Code     2  stm32f4xx_it.o(i.HardFault_Handler)
    KalmanCreate                             0x08000a69   Thumb Code    42  kalman.o(i.KalmanCreate)
    KalmanFilter                             0x08000a99   Thumb Code    90  kalman.o(i.KalmanFilter)
    LED_Init                                 0x08000af5   Thumb Code    58  led.o(i.LED_Init)
    MPU_Get_Accelerometer                    0x08000b35   Thumb Code    50  mpu6050.o(i.MPU_Get_Accelerometer)
    MPU_Get_Gyroscope                        0x08000b67   Thumb Code    50  mpu6050.o(i.MPU_Get_Gyroscope)
    MPU_IIC_Ack                              0x08000b99   Thumb Code    56  mpuiic.o(i.MPU_IIC_Ack)
    MPU_IIC_Init                             0x08000bd9   Thumb Code    58  mpuiic.o(i.MPU_IIC_Init)
    MPU_IIC_NAck                             0x08000c1d   Thumb Code    56  mpuiic.o(i.MPU_IIC_NAck)
    MPU_IIC_Read_Byte                        0x08000c5d   Thumb Code    96  mpuiic.o(i.MPU_IIC_Read_Byte)
    MPU_IIC_Send_Byte                        0x08000cc5   Thumb Code    86  mpuiic.o(i.MPU_IIC_Send_Byte)
    MPU_IIC_Start                            0x08000d25   Thumb Code    56  mpuiic.o(i.MPU_IIC_Start)
    MPU_IIC_Stop                             0x08000d65   Thumb Code    58  mpuiic.o(i.MPU_IIC_Stop)
    MPU_IIC_Wait_Ack                         0x08000da9   Thumb Code    74  mpuiic.o(i.MPU_IIC_Wait_Ack)
    MPU_Init                                 0x08000dfd   Thumb Code   164  mpu6050.o(i.MPU_Init)
    MPU_Read_Byte                            0x08000ea9   Thumb Code    58  mpu6050.o(i.MPU_Read_Byte)
    MPU_Read_Len                             0x08000ee5   Thumb Code   108  mpu6050.o(i.MPU_Read_Len)
    MPU_Set_Accel_Fsr                        0x08000f51   Thumb Code    10  mpu6050.o(i.MPU_Set_Accel_Fsr)
    MPU_Set_Gyro_Fsr                         0x08000f5b   Thumb Code    10  mpu6050.o(i.MPU_Set_Gyro_Fsr)
    MPU_Set_LPF                              0x08000f65   Thumb Code    48  mpu6050.o(i.MPU_Set_LPF)
    MPU_Set_Rate                             0x08000f95   Thumb Code    46  mpu6050.o(i.MPU_Set_Rate)
    MPU_Write_Byte                           0x08000fc3   Thumb Code    60  mpu6050.o(i.MPU_Write_Byte)
    MPU_Write_Len                            0x08000fff   Thumb Code    82  mpu6050.o(i.MPU_Write_Len)
    MemManage_Handler                        0x08001051   Thumb Code     2  stm32f4xx_it.o(i.MemManage_Handler)
    NMI_Handler                              0x08001053   Thumb Code     2  stm32f4xx_it.o(i.NMI_Handler)
    NVIC_Init                                0x08001055   Thumb Code    96  misc.o(i.NVIC_Init)
    NVIC_PriorityGroupConfig                 0x080010b9   Thumb Code    10  misc.o(i.NVIC_PriorityGroupConfig)
    PIDInit                                  0x080010cd   Thumb Code   352  pid.o(i.PIDInit)
    PendSV_Handler                           0x08001245   Thumb Code     2  stm32f4xx_it.o(i.PendSV_Handler)
    PidCalc_Encode                           0x08001249   Thumb Code   106  timer.o(i.PidCalc_Encode)
    PidCalc_IMU                              0x080012c9   Thumb Code    36  timer.o(i.PidCalc_IMU)
    RCC_AHB1PeriphClockCmd                   0x080012f1   Thumb Code    18  stm32f4xx_rcc.o(i.RCC_AHB1PeriphClockCmd)
    RCC_APB1PeriphClockCmd                   0x08001309   Thumb Code    18  stm32f4xx_rcc.o(i.RCC_APB1PeriphClockCmd)
    RCC_APB2PeriphClockCmd                   0x08001321   Thumb Code    18  stm32f4xx_rcc.o(i.RCC_APB2PeriphClockCmd)
    RCC_GetClocksFreq                        0x08001339   Thumb Code   132  stm32f4xx_rcc.o(i.RCC_GetClocksFreq)
    Read_Encoder                             0x080013c9   Thumb Code    52  timer.o(i.Read_Encoder)
    SEGGER_RTT_Write                         0x08001405   Thumb Code    50  segger_rtt_1.o(i.SEGGER_RTT_Write)
    SEGGER_RTT_WriteNoLock                   0x0800143d   Thumb Code    86  segger_rtt_1.o(i.SEGGER_RTT_WriteNoLock)
    SEGGER_RTT_printf                        0x08001499   Thumb Code    22  segger_rtt_printf_1.o(i.SEGGER_RTT_printf)
    SEGGER_RTT_vprintf                       0x080014af   Thumb Code   406  segger_rtt_printf_1.o(i.SEGGER_RTT_vprintf)
    SVC_Handler                              0x08001645   Thumb Code     2  stm32f4xx_it.o(i.SVC_Handler)
    SetPWM                                   0x08001649   Thumb Code   104  timer.o(i.SetPWM)
    SysTick_CLKSourceConfig                  0x08001729   Thumb Code    24  misc.o(i.SysTick_CLKSourceConfig)
    SysTick_Handler                          0x08001741   Thumb Code     2  stm32f4xx_it.o(i.SysTick_Handler)
    SystemInit                               0x08001745   Thumb Code    74  system_stm32f4xx.o(i.SystemInit)
    TIM2_PWM_Init                            0x08001805   Thumb Code   208  timer.o(i.TIM2_PWM_Init)
    TIM3_Encode_Init                         0x080018d9   Thumb Code   160  timer.o(i.TIM3_Encode_Init)
    TIM4_Encode_Init                         0x08001981   Thumb Code   162  timer.o(i.TIM4_Encode_Init)
    TIM4_IRQHandler                          0x08001a2d   Thumb Code   362  timer.o(i.TIM4_IRQHandler)
    TIM_ARRPreloadConfig                     0x08001bfd   Thumb Code    20  stm32f4xx_tim.o(i.TIM_ARRPreloadConfig)
    TIM_ClearFlag                            0x08001c11   Thumb Code     6  stm32f4xx_tim.o(i.TIM_ClearFlag)
    TIM_ClearITPendingBit                    0x08001c17   Thumb Code     6  stm32f4xx_tim.o(i.TIM_ClearITPendingBit)
    TIM_Cmd                                  0x08001c1d   Thumb Code    20  stm32f4xx_tim.o(i.TIM_Cmd)
    TIM_EncoderInterfaceConfig               0x08001c31   Thumb Code    50  stm32f4xx_tim.o(i.TIM_EncoderInterfaceConfig)
    TIM_GetITStatus                          0x08001c63   Thumb Code    24  stm32f4xx_tim.o(i.TIM_GetITStatus)
    TIM_ICInit                               0x08001c7b   Thumb Code   172  stm32f4xx_tim.o(i.TIM_ICInit)
    TIM_ICStructInit                         0x08001d27   Thumb Code    16  stm32f4xx_tim.o(i.TIM_ICStructInit)
    TIM_ITConfig                             0x08001d37   Thumb Code    16  stm32f4xx_tim.o(i.TIM_ITConfig)
    TIM_OC1Init                              0x08001d49   Thumb Code    88  stm32f4xx_tim.o(i.TIM_OC1Init)
    TIM_OC1PreloadConfig                     0x08001da9   Thumb Code    12  stm32f4xx_tim.o(i.TIM_OC1PreloadConfig)
    TIM_OC4Init                              0x08001db5   Thumb Code    88  stm32f4xx_tim.o(i.TIM_OC4Init)
    TIM_OC4PreloadConfig                     0x08001e15   Thumb Code    20  stm32f4xx_tim.o(i.TIM_OC4PreloadConfig)
    TIM_SetCompare1                          0x08001e29   Thumb Code     4  stm32f4xx_tim.o(i.TIM_SetCompare1)
    TIM_SetCompare4                          0x08001e2d   Thumb Code     4  stm32f4xx_tim.o(i.TIM_SetCompare4)
    TIM_SetCounter                           0x08001e31   Thumb Code     4  stm32f4xx_tim.o(i.TIM_SetCounter)
    TIM_SetIC1Prescaler                      0x08001e35   Thumb Code    16  stm32f4xx_tim.o(i.TIM_SetIC1Prescaler)
    TIM_SetIC2Prescaler                      0x08001e45   Thumb Code    24  stm32f4xx_tim.o(i.TIM_SetIC2Prescaler)
    TIM_SetIC3Prescaler                      0x08001e5d   Thumb Code    16  stm32f4xx_tim.o(i.TIM_SetIC3Prescaler)
    TIM_SetIC4Prescaler                      0x08001e6d   Thumb Code    24  stm32f4xx_tim.o(i.TIM_SetIC4Prescaler)
    TIM_TimeBaseInit                         0x08001e85   Thumb Code    96  stm32f4xx_tim.o(i.TIM_TimeBaseInit)
    USART1_IRQHandler                        0x08001f01   Thumb Code    48  usart.o(i.USART1_IRQHandler)
    USART_Cmd                                0x08001f3d   Thumb Code    20  stm32f4xx_usart.o(i.USART_Cmd)
    USART_ITConfig                           0x08001f51   Thumb Code    48  stm32f4xx_usart.o(i.USART_ITConfig)
    USART_Init                               0x08001f81   Thumb Code   164  stm32f4xx_usart.o(i.USART_Init)
    USART_ReceiveData                        0x0800202d   Thumb Code     8  stm32f4xx_usart.o(i.USART_ReceiveData)
    UsageFault_Handler                       0x08002035   Thumb Code     2  stm32f4xx_it.o(i.UsageFault_Handler)
    __ARM_fpclassify                         0x0800232f   Thumb Code    48  fpclassify.o(i.__ARM_fpclassify)
    __hardfp_asin                            0x08002361   Thumb Code   770  asin.o(i.__hardfp_asin)
    __hardfp_atan                            0x080026c1   Thumb Code   622  atan.o(i.__hardfp_atan)
    __hardfp_atan2                           0x08002999   Thumb Code   432  atan2.o(i.__hardfp_atan2)
    __kernel_poly                            0x08002b89   Thumb Code   248  poly.o(i.__kernel_poly)
    __mathlib_dbl_infnan                     0x08002c81   Thumb Code    20  dunder.o(i.__mathlib_dbl_infnan)
    __mathlib_dbl_infnan2                    0x08002c95   Thumb Code    20  dunder.o(i.__mathlib_dbl_infnan2)
    __mathlib_dbl_invalid                    0x08002ca9   Thumb Code    24  dunder.o(i.__mathlib_dbl_invalid)
    __mathlib_dbl_underflow                  0x08002cc9   Thumb Code    24  dunder.o(i.__mathlib_dbl_underflow)
    _is_digit                                0x08002ce9   Thumb Code    14  __printf_wp.o(i._is_digit)
    _sys_exit                                0x08002cf7   Thumb Code     2  usart.o(i._sys_exit)
    atan                                     0x08002d89   Thumb Code    16  atan.o(i.atan)
    delay_init                               0x08002d99   Thumb Code    38  delay.o(i.delay_init)
    delay_ms                                 0x08002dc5   Thumb Code    52  delay.o(i.delay_ms)
    delay_us                                 0x08002df9   Thumb Code    46  delay.o(i.delay_us)
    delay_xms                                0x08002e2d   Thumb Code    46  delay.o(i.delay_xms)
    dmp_enable_6x_lp_quat                    0x08002e61   Thumb Code    58  inv_mpu_dmp_motion_driver.o(i.dmp_enable_6x_lp_quat)
    dmp_enable_feature                       0x08002e9d   Thumb Code   464  inv_mpu_dmp_motion_driver.o(i.dmp_enable_feature)
    dmp_enable_gyro_cal                      0x08003075   Thumb Code    34  inv_mpu_dmp_motion_driver.o(i.dmp_enable_gyro_cal)
    dmp_enable_lp_quat                       0x080030b1   Thumb Code    58  inv_mpu_dmp_motion_driver.o(i.dmp_enable_lp_quat)
    dmp_load_motion_driver_firmware          0x080030ed   Thumb Code    16  inv_mpu_dmp_motion_driver.o(i.dmp_load_motion_driver_firmware)
    dmp_read_fifo                            0x08003101   Thumb Code   324  inv_mpu_dmp_motion_driver.o(i.dmp_read_fifo)
    dmp_set_accel_bias                       0x08003249   Thumb Code   210  inv_mpu_dmp_motion_driver.o(i.dmp_set_accel_bias)
    dmp_set_fifo_rate                        0x08003321   Thumb Code    82  inv_mpu_dmp_motion_driver.o(i.dmp_set_fifo_rate)
    dmp_set_gyro_bias                        0x08003385   Thumb Code   196  inv_mpu_dmp_motion_driver.o(i.dmp_set_gyro_bias)
    dmp_set_orientation                      0x08003451   Thumb Code   246  inv_mpu_dmp_motion_driver.o(i.dmp_set_orientation)
    dmp_set_shake_reject_thresh              0x0800355d   Thumb Code    48  inv_mpu_dmp_motion_driver.o(i.dmp_set_shake_reject_thresh)
    dmp_set_shake_reject_time                0x0800358d   Thumb Code    32  inv_mpu_dmp_motion_driver.o(i.dmp_set_shake_reject_time)
    dmp_set_shake_reject_timeout             0x080035ad   Thumb Code    32  inv_mpu_dmp_motion_driver.o(i.dmp_set_shake_reject_timeout)
    dmp_set_tap_axes                         0x080035cd   Thumb Code    64  inv_mpu_dmp_motion_driver.o(i.dmp_set_tap_axes)
    dmp_set_tap_count                        0x0800360d   Thumb Code    34  inv_mpu_dmp_motion_driver.o(i.dmp_set_tap_count)
    dmp_set_tap_thresh                       0x08003631   Thumb Code   314  inv_mpu_dmp_motion_driver.o(i.dmp_set_tap_thresh)
    dmp_set_tap_time                         0x08003791   Thumb Code    32  inv_mpu_dmp_motion_driver.o(i.dmp_set_tap_time)
    dmp_set_tap_time_multi                   0x080037b1   Thumb Code    32  inv_mpu_dmp_motion_driver.o(i.dmp_set_tap_time_multi)
    fabs                                     0x080037d1   Thumb Code    24  fabs.o(i.fabs)
    fputc                                    0x080037e9   Thumb Code    14  usart.o(i.fputc)
    inv_orientation_matrix_to_scalar         0x08003c99   Thumb Code    34  inv_mpu.o(i.inv_orientation_matrix_to_scalar)
    inv_row_2_scale                          0x08003cbb   Thumb Code    72  inv_mpu.o(i.inv_row_2_scale)
    main                                     0x08003d05   Thumb Code   902  main.o(i.main)
    mget_ms                                  0x0800415d   Thumb Code     2  inv_mpu.o(i.mget_ms)
    mpu_configure_fifo                       0x08004161   Thumb Code    78  inv_mpu.o(i.mpu_configure_fifo)
    mpu_dmp_get_data                         0x080041b5   Thumb Code   344  inv_mpu.o(i.mpu_dmp_get_data)
    mpu_dmp_init                             0x08004319   Thumb Code   152  inv_mpu.o(i.mpu_dmp_init)
    mpu_get_accel_fsr                        0x080043b5   Thumb Code    54  inv_mpu.o(i.mpu_get_accel_fsr)
    mpu_get_accel_sens                       0x080043f1   Thumb Code    62  inv_mpu.o(i.mpu_get_accel_sens)
    mpu_get_gyro_fsr                         0x08004435   Thumb Code    48  inv_mpu.o(i.mpu_get_gyro_fsr)
    mpu_get_gyro_sens                        0x08004469   Thumb Code    54  inv_mpu.o(i.mpu_get_gyro_sens)
    mpu_get_lpf                              0x080044b5   Thumb Code    52  inv_mpu.o(i.mpu_get_lpf)
    mpu_get_sample_rate                      0x080044ed   Thumb Code    22  inv_mpu.o(i.mpu_get_sample_rate)
    mpu_init                                 0x08004509   Thumb Code   310  inv_mpu.o(i.mpu_init)
    mpu_load_firmware                        0x08004691   Thumb Code   154  inv_mpu.o(i.mpu_load_firmware)
    mpu_lp_accel_mode                        0x08004731   Thumb Code   178  inv_mpu.o(i.mpu_lp_accel_mode)
    mpu_read_fifo_stream                     0x080047e9   Thumb Code   140  inv_mpu.o(i.mpu_read_fifo_stream)
    mpu_read_mem                             0x08004879   Thumb Code    80  inv_mpu.o(i.mpu_read_mem)
    mpu_reset_fifo                           0x080048cd   Thumb Code   346  inv_mpu.o(i.mpu_reset_fifo)
    mpu_run_self_test                        0x08004a2d   Thumb Code   234  inv_mpu.o(i.mpu_run_self_test)
    mpu_set_accel_fsr                        0x08004b1d   Thumb Code    98  inv_mpu.o(i.mpu_set_accel_fsr)
    mpu_set_bypass                           0x08004b85   Thumb Code   214  inv_mpu.o(i.mpu_set_bypass)
    mpu_set_dmp_state                        0x08004c61   Thumb Code   114  inv_mpu.o(i.mpu_set_dmp_state)
    mpu_set_gyro_fsr                         0x08004cd9   Thumb Code   104  inv_mpu.o(i.mpu_set_gyro_fsr)
    mpu_set_int_latched                      0x08004d45   Thumb Code    94  inv_mpu.o(i.mpu_set_int_latched)
    mpu_set_lpf                              0x08004da9   Thumb Code   102  inv_mpu.o(i.mpu_set_lpf)
    mpu_set_sample_rate                      0x08004e15   Thumb Code   124  inv_mpu.o(i.mpu_set_sample_rate)
    mpu_set_sensors                          0x08004e95   Thumb Code   178  inv_mpu.o(i.mpu_set_sensors)
    mpu_write_mem                            0x08004f4d   Thumb Code    80  inv_mpu.o(i.mpu_write_mem)
    run_self_test                            0x08004fa1   Thumb Code   136  inv_mpu.o(i.run_self_test)
    sqrt                                     0x08005081   Thumb Code   110  sqrt.o(i.sqrt)
    uart_init                                0x080050f1   Thumb Code   162  usart.o(i.uart_init)
    __aeabi_dneg                             0x0800519d   Thumb Code     0  basic.o(x$fpl$basic)
    _dneg                                    0x0800519d   Thumb Code     6  basic.o(x$fpl$basic)
    __aeabi_fneg                             0x080051a3   Thumb Code     0  basic.o(x$fpl$basic)
    _fneg                                    0x080051a3   Thumb Code     6  basic.o(x$fpl$basic)
    _dabs                                    0x080051a9   Thumb Code     6  basic.o(x$fpl$basic)
    _fabs                                    0x080051af   Thumb Code     6  basic.o(x$fpl$basic)
    __aeabi_d2f                              0x080051b5   Thumb Code     0  d2f.o(x$fpl$d2f)
    _d2f                                     0x080051b5   Thumb Code    98  d2f.o(x$fpl$d2f)
    __aeabi_dadd                             0x08005219   Thumb Code     0  daddsub_clz.o(x$fpl$dadd)
    _dadd                                    0x08005219   Thumb Code   332  daddsub_clz.o(x$fpl$dadd)
    __fpl_dcmp_Inf                           0x08005369   Thumb Code    24  dcmpi.o(x$fpl$dcmpinf)
    __aeabi_ddiv                             0x08005381   Thumb Code     0  ddiv.o(x$fpl$ddiv)
    _ddiv                                    0x08005381   Thumb Code   552  ddiv.o(x$fpl$ddiv)
    __aeabi_i2d                              0x08005631   Thumb Code     0  dflt_clz.o(x$fpl$dflt)
    _dflt                                    0x08005631   Thumb Code    46  dflt_clz.o(x$fpl$dflt)
    __aeabi_cdcmple                          0x08005661   Thumb Code     0  dleqf.o(x$fpl$dleqf)
    _dcmple                                  0x08005661   Thumb Code   120  dleqf.o(x$fpl$dleqf)
    __fpl_dcmple_InfNaN                      0x080056c3   Thumb Code     0  dleqf.o(x$fpl$dleqf)
    __aeabi_dmul                             0x080056d9   Thumb Code     0  dmul.o(x$fpl$dmul)
    _dmul                                    0x080056d9   Thumb Code   332  dmul.o(x$fpl$dmul)
    __fpl_dnaninf                            0x0800582d   Thumb Code   156  dnaninf.o(x$fpl$dnaninf)
    __fpl_dretinf                            0x080058c9   Thumb Code    12  dretinf.o(x$fpl$dretinf)
    __aeabi_cdrcmple                         0x080058d5   Thumb Code     0  drleqf.o(x$fpl$drleqf)
    _drcmple                                 0x080058d5   Thumb Code   108  drleqf.o(x$fpl$drleqf)
    __aeabi_drsub                            0x08005941   Thumb Code     0  daddsub_clz.o(x$fpl$drsb)
    _drsb                                    0x08005941   Thumb Code    22  daddsub_clz.o(x$fpl$drsb)
    _dsqrt                                   0x08005959   Thumb Code   404  dsqrt_umaal.o(x$fpl$dsqrt)
    __aeabi_dsub                             0x08005af1   Thumb Code     0  daddsub_clz.o(x$fpl$dsub)
    _dsub                                    0x08005af1   Thumb Code   464  daddsub_clz.o(x$fpl$dsub)
    __aeabi_f2d                              0x08005cc5   Thumb Code     0  f2d.o(x$fpl$f2d)
    _f2d                                     0x08005cc5   Thumb Code    86  f2d.o(x$fpl$f2d)
    __fpl_fnaninf                            0x08005d1b   Thumb Code   140  fnaninf.o(x$fpl$fnaninf)
    _fp_init                                 0x08005da7   Thumb Code    10  fpinit.o(x$fpl$fpinit)
    __fplib_config_fpu_vfp                   0x08005daf   Thumb Code     0  fpinit.o(x$fpl$fpinit)
    __fplib_config_pureend_doubles           0x08005daf   Thumb Code     0  fpinit.o(x$fpl$fpinit)
    __fpl_fretinf                            0x08005db1   Thumb Code    10  fretinf.o(x$fpl$fretinf)
    __I$use$fp                               0x08005dba   Number         0  usenofp.o(x$fpl$usenofp)
    reg                                      0x08005dba   Data          27  inv_mpu.o(.constdata)
    hw                                       0x08005dd6   Data          12  inv_mpu.o(.constdata)
    test                                     0x08005de4   Data          40  inv_mpu.o(.constdata)
    __mathlib_zero                           0x08006b10   Data           8  qnan.o(.constdata)
    Region$$Table$$Base                      0x08006b68   Number         0  anon$$obj.o(Region$$Table)
    Region$$Table$$Limit                     0x08006b88   Number         0  anon$$obj.o(Region$$Table)
    pitch_med                                0x20000000   Data           4  main.o(.data)
    groy_med                                 0x20000004   Data           4  main.o(.data)
    usart_value                              0x20000008   Data           1  main.o(.data)
    targetspeed                              0x2000000c   Data           4  main.o(.data)
    pitch_kalman                             0x20000010   Data           4  main.o(.data)
    EncoderLeft                              0x20000014   Data           4  main.o(.data)
    EncoderRight                             0x20000018   Data           4  main.o(.data)
    pitch                                    0x2000001c   Data           4  main.o(.data)
    roll                                     0x20000020   Data           4  main.o(.data)
    yaw                                      0x20000024   Data           4  main.o(.data)
    aacx                                     0x20000028   Data           2  main.o(.data)
    aacy                                     0x2000002a   Data           2  main.o(.data)
    aacz                                     0x2000002c   Data           2  main.o(.data)
    gyrox                                    0x2000002e   Data           2  main.o(.data)
    gyroy                                    0x20000030   Data           2  main.o(.data)
    gyroz                                    0x20000032   Data           2  main.o(.data)
    pitchsee                                 0x20000034   Data           4  main.o(.data)
    Res                                      0x20000038   Data           4  main.o(.data)
    speedleft                                0x2000003c   Data           4  main.o(.data)
    speedright                               0x20000040   Data           4  main.o(.data)
    __stdout                                 0x2000009c   Data           4  usart.o(.data)
    motor                                    0x200000b0   Data         576  main.o(.bss)
    speed_diff                               0x200002f0   Data         160  main.o(.bss)
    speedK                                   0x200003a0   Data          48  kalman.o(.bss)
    _SEGGER_RTT                              0x200003d0   Data         168  segger_rtt_1.o(.bss)
    __libspace_start                         0x20000888   Data          96  libspace.o(.bss)
    __temporary_stack_top$libspace           0x200008e8   Data           0  libspace.o(.bss)



==============================================================================

Memory Map of the image

  Image Entry point : 0x08000189

  Load Region LR_IROM1 (Base: 0x08000000, Size: 0x00006c38, Max: 0x00040000, ABSOLUTE)

    Execution Region ER_IROM1 (Exec base: 0x08000000, Load base: 0x08000000, Size: 0x00006b88, Max: 0x00040000, ABSOLUTE)

    Exec Addr    Load Addr    Size         Type   Attr      Idx    E Section Name        Object

    0x08000000   0x08000000   0x00000188   Data   RO         1396    RESET               startup_stm32f40_41xxx.o
    0x08000188   0x08000188   0x00000008   Code   RO         2949  * !!!main             c_w.l(__main.o)
    0x08000190   0x08000190   0x00000034   Code   RO         3260    !!!scatter          c_w.l(__scatter.o)
    0x080001c4   0x080001c4   0x0000001a   Code   RO         3262    !!handler_copy      c_w.l(__scatter_copy.o)
    0x080001de   0x080001de   0x00000002   PAD
    0x080001e0   0x080001e0   0x0000001c   Code   RO         3264    !!handler_zi        c_w.l(__scatter_zi.o)
    0x080001fc   0x080001fc   0x00000000   Code   RO         2936    .ARM.Collect$$_printf_percent$$00000000  c_w.l(_printf_percent.o)
    0x080001fc   0x080001fc   0x00000006   Code   RO         2935    .ARM.Collect$$_printf_percent$$00000009  c_w.l(_printf_d.o)
    0x08000202   0x08000202   0x00000004   Code   RO         3016    .ARM.Collect$$_printf_percent$$00000017  c_w.l(_printf_percent_end.o)
    0x08000206   0x08000206   0x00000002   Code   RO         3133    .ARM.Collect$$libinit$$00000000  c_w.l(libinit.o)
    0x08000208   0x08000208   0x00000004   Code   RO         3140    .ARM.Collect$$libinit$$00000001  c_w.l(libinit2.o)
    0x0800020c   0x0800020c   0x00000000   Code   RO         3143    .ARM.Collect$$libinit$$00000004  c_w.l(libinit2.o)
    0x0800020c   0x0800020c   0x00000000   Code   RO         3146    .ARM.Collect$$libinit$$0000000A  c_w.l(libinit2.o)
    0x0800020c   0x0800020c   0x00000000   Code   RO         3148    .ARM.Collect$$libinit$$0000000C  c_w.l(libinit2.o)
    0x0800020c   0x0800020c   0x00000000   Code   RO         3150    .ARM.Collect$$libinit$$0000000E  c_w.l(libinit2.o)
    0x0800020c   0x0800020c   0x00000000   Code   RO         3153    .ARM.Collect$$libinit$$00000011  c_w.l(libinit2.o)
    0x0800020c   0x0800020c   0x00000000   Code   RO         3155    .ARM.Collect$$libinit$$00000013  c_w.l(libinit2.o)
    0x0800020c   0x0800020c   0x00000000   Code   RO         3157    .ARM.Collect$$libinit$$00000015  c_w.l(libinit2.o)
    0x0800020c   0x0800020c   0x00000000   Code   RO         3159    .ARM.Collect$$libinit$$00000017  c_w.l(libinit2.o)
    0x0800020c   0x0800020c   0x00000000   Code   RO         3161    .ARM.Collect$$libinit$$00000019  c_w.l(libinit2.o)
    0x0800020c   0x0800020c   0x00000000   Code   RO         3163    .ARM.Collect$$libinit$$0000001B  c_w.l(libinit2.o)
    0x0800020c   0x0800020c   0x00000000   Code   RO         3165    .ARM.Collect$$libinit$$0000001D  c_w.l(libinit2.o)
    0x0800020c   0x0800020c   0x00000000   Code   RO         3167    .ARM.Collect$$libinit$$0000001F  c_w.l(libinit2.o)
    0x0800020c   0x0800020c   0x00000000   Code   RO         3169    .ARM.Collect$$libinit$$00000021  c_w.l(libinit2.o)
    0x0800020c   0x0800020c   0x00000000   Code   RO         3171    .ARM.Collect$$libinit$$00000023  c_w.l(libinit2.o)
    0x0800020c   0x0800020c   0x00000000   Code   RO         3173    .ARM.Collect$$libinit$$00000025  c_w.l(libinit2.o)
    0x0800020c   0x0800020c   0x00000000   Code   RO         3177    .ARM.Collect$$libinit$$0000002C  c_w.l(libinit2.o)
    0x0800020c   0x0800020c   0x00000000   Code   RO         3179    .ARM.Collect$$libinit$$0000002E  c_w.l(libinit2.o)
    0x0800020c   0x0800020c   0x00000000   Code   RO         3181    .ARM.Collect$$libinit$$00000030  c_w.l(libinit2.o)
    0x0800020c   0x0800020c   0x00000000   Code   RO         3183    .ARM.Collect$$libinit$$00000032  c_w.l(libinit2.o)
    0x0800020c   0x0800020c   0x00000002   Code   RO         3184    .ARM.Collect$$libinit$$00000033  c_w.l(libinit2.o)
    0x0800020e   0x0800020e   0x00000002   Code   RO         3212    .ARM.Collect$$libshutdown$$00000000  c_w.l(libshutdown.o)
    0x08000210   0x08000210   0x00000000   Code   RO         3226    .ARM.Collect$$libshutdown$$00000002  c_w.l(libshutdown2.o)
    0x08000210   0x08000210   0x00000000   Code   RO         3228    .ARM.Collect$$libshutdown$$00000004  c_w.l(libshutdown2.o)
    0x08000210   0x08000210   0x00000000   Code   RO         3231    .ARM.Collect$$libshutdown$$00000007  c_w.l(libshutdown2.o)
    0x08000210   0x08000210   0x00000000   Code   RO         3234    .ARM.Collect$$libshutdown$$0000000A  c_w.l(libshutdown2.o)
    0x08000210   0x08000210   0x00000000   Code   RO         3236    .ARM.Collect$$libshutdown$$0000000C  c_w.l(libshutdown2.o)
    0x08000210   0x08000210   0x00000000   Code   RO         3239    .ARM.Collect$$libshutdown$$0000000F  c_w.l(libshutdown2.o)
    0x08000210   0x08000210   0x00000002   Code   RO         3240    .ARM.Collect$$libshutdown$$00000010  c_w.l(libshutdown2.o)
    0x08000212   0x08000212   0x00000000   Code   RO         3007    .ARM.Collect$$rtentry$$00000000  c_w.l(__rtentry.o)
    0x08000212   0x08000212   0x00000000   Code   RO         3084    .ARM.Collect$$rtentry$$00000002  c_w.l(__rtentry2.o)
    0x08000212   0x08000212   0x00000006   Code   RO         3096    .ARM.Collect$$rtentry$$00000004  c_w.l(__rtentry4.o)
    0x08000218   0x08000218   0x00000000   Code   RO         3086    .ARM.Collect$$rtentry$$00000009  c_w.l(__rtentry2.o)
    0x08000218   0x08000218   0x00000004   Code   RO         3087    .ARM.Collect$$rtentry$$0000000A  c_w.l(__rtentry2.o)
    0x0800021c   0x0800021c   0x00000000   Code   RO         3089    .ARM.Collect$$rtentry$$0000000C  c_w.l(__rtentry2.o)
    0x0800021c   0x0800021c   0x00000008   Code   RO         3090    .ARM.Collect$$rtentry$$0000000D  c_w.l(__rtentry2.o)
    0x08000224   0x08000224   0x00000002   Code   RO         3134    .ARM.Collect$$rtexit$$00000000  c_w.l(rtexit.o)
    0x08000226   0x08000226   0x00000000   Code   RO         3186    .ARM.Collect$$rtexit$$00000002  c_w.l(rtexit2.o)
    0x08000226   0x08000226   0x00000004   Code   RO         3187    .ARM.Collect$$rtexit$$00000003  c_w.l(rtexit2.o)
    0x0800022a   0x0800022a   0x00000006   Code   RO         3188    .ARM.Collect$$rtexit$$00000004  c_w.l(rtexit2.o)
    0x08000230   0x08000230   0x00000040   Code   RO         1397    .text               startup_stm32f40_41xxx.o
    0x08000270   0x08000270   0x00000002   Code   RO         2879    .text               c_w.l(use_no_semi_2.o)
    0x08000272   0x08000272   0x00000048   Code   RO         2881    .text               c_w.l(llsdiv.o)
    0x080002ba   0x080002ba   0x00000002   PAD
    0x080002bc   0x080002bc   0x00000018   Code   RO         2885    .text               c_w.l(noretval__2printf.o)
    0x080002d4   0x080002d4   0x00000078   Code   RO         2891    .text               c_w.l(_printf_dec.o)
    0x0800034c   0x0800034c   0x00000138   Code   RO         2926    .text               c_w.l(__printf_flags_wp.o)
    0x08000484   0x08000484   0x00000058   Code   RO         2937    .text               c_w.l(memcmp.o)
    0x080004dc   0x080004dc   0x00000048   Code   RO         2939    .text               c_w.l(strcpy.o)
    0x08000524   0x08000524   0x0000008a   Code   RO         2943    .text               c_w.l(rt_memcpy_v6.o)
    0x080005ae   0x080005ae   0x00000010   Code   RO         2945    .text               c_w.l(aeabi_memset.o)
    0x080005be   0x080005be   0x00000006   Code   RO         2947    .text               c_w.l(heapauxi.o)
    0x080005c4   0x080005c4   0x00000002   Code   RO         3005    .text               c_w.l(use_no_semi.o)
    0x080005c6   0x080005c6   0x000000ee   Code   RO         3008    .text               c_w.l(lludivv7m.o)
    0x080006b4   0x080006b4   0x00000016   Code   RO         3010    .text               c_w.l(_rserrno.o)
    0x080006ca   0x080006ca   0x000000b2   Code   RO         3012    .text               c_w.l(_printf_intcommon.o)
    0x0800077c   0x0800077c   0x00000024   Code   RO         3014    .text               c_w.l(_printf_char_file.o)
    0x080007a0   0x080007a0   0x00000064   Code   RO         3017    .text               c_w.l(rt_memcpy_w.o)
    0x08000804   0x08000804   0x00000044   Code   RO         3019    .text               c_w.l(rt_memclr.o)
    0x08000848   0x08000848   0x00000008   Code   RO         3105    .text               c_w.l(rt_errno_addr_intlibspace.o)
    0x08000850   0x08000850   0x00000030   Code   RO         3107    .text               c_w.l(_printf_char_common.o)
    0x08000880   0x08000880   0x00000008   Code   RO         3109    .text               c_w.l(ferror.o)
    0x08000888   0x08000888   0x0000004e   Code   RO         3113    .text               c_w.l(rt_memclr_w.o)
    0x080008d6   0x080008d6   0x00000002   PAD
    0x080008d8   0x080008d8   0x00000008   Code   RO         3117    .text               c_w.l(libspace.o)
    0x080008e0   0x080008e0   0x0000004a   Code   RO         3120    .text               c_w.l(sys_stackheap_outer.o)
    0x0800092a   0x0800092a   0x00000012   Code   RO         3126    .text               c_w.l(exit.o)
    0x0800093c   0x0800093c   0x00000002   Code   RO          186    i.BusFault_Handler  stm32f4xx_it.o
    0x0800093e   0x0800093e   0x00000002   Code   RO          187    i.DebugMon_Handler  stm32f4xx_it.o
    0x08000940   0x08000940   0x0000005c   Code   RO          337    i.EncoderRead_TIM1  timer.o
    0x0800099c   0x0800099c   0x000000a2   Code   RO         1448    i.GPIO_Init         stm32f4xx_gpio.o
    0x08000a3e   0x08000a3e   0x00000020   Code   RO         1449    i.GPIO_PinAFConfig  stm32f4xx_gpio.o
    0x08000a5e   0x08000a5e   0x00000004   Code   RO         1455    i.GPIO_ResetBits    stm32f4xx_gpio.o
    0x08000a62   0x08000a62   0x00000004   Code   RO         1456    i.GPIO_SetBits      stm32f4xx_gpio.o
    0x08000a66   0x08000a66   0x00000002   Code   RO          188    i.HardFault_Handler  stm32f4xx_it.o
    0x08000a68   0x08000a68   0x00000030   Code   RO         1261    i.KalmanCreate      kalman.o
    0x08000a98   0x08000a98   0x0000005a   Code   RO         1262    i.KalmanFilter      kalman.o
    0x08000af2   0x08000af2   0x00000002   PAD
    0x08000af4   0x08000af4   0x00000040   Code   RO          317    i.LED_Init          led.o
    0x08000b34   0x08000b34   0x00000032   Code   RO          448    i.MPU_Get_Accelerometer  mpu6050.o
    0x08000b66   0x08000b66   0x00000032   Code   RO          449    i.MPU_Get_Gyroscope  mpu6050.o
    0x08000b98   0x08000b98   0x00000040   Code   RO          533    i.MPU_IIC_Ack       mpuiic.o
    0x08000bd8   0x08000bd8   0x00000044   Code   RO          534    i.MPU_IIC_Init      mpuiic.o
    0x08000c1c   0x08000c1c   0x00000040   Code   RO          535    i.MPU_IIC_NAck      mpuiic.o
    0x08000c5c   0x08000c5c   0x00000068   Code   RO          536    i.MPU_IIC_Read_Byte  mpuiic.o
    0x08000cc4   0x08000cc4   0x00000060   Code   RO          537    i.MPU_IIC_Send_Byte  mpuiic.o
    0x08000d24   0x08000d24   0x00000040   Code   RO          538    i.MPU_IIC_Start     mpuiic.o
    0x08000d64   0x08000d64   0x00000044   Code   RO          539    i.MPU_IIC_Stop      mpuiic.o
    0x08000da8   0x08000da8   0x00000054   Code   RO          540    i.MPU_IIC_Wait_Ack  mpuiic.o
    0x08000dfc   0x08000dfc   0x000000ac   Code   RO          451    i.MPU_Init          mpu6050.o
    0x08000ea8   0x08000ea8   0x0000003a   Code   RO          452    i.MPU_Read_Byte     mpu6050.o
    0x08000ee2   0x08000ee2   0x00000002   PAD
    0x08000ee4   0x08000ee4   0x0000006c   Code   RO          453    i.MPU_Read_Len      mpu6050.o
    0x08000f50   0x08000f50   0x0000000a   Code   RO          454    i.MPU_Set_Accel_Fsr  mpu6050.o
    0x08000f5a   0x08000f5a   0x0000000a   Code   RO          455    i.MPU_Set_Gyro_Fsr  mpu6050.o
    0x08000f64   0x08000f64   0x00000030   Code   RO          456    i.MPU_Set_LPF       mpu6050.o
    0x08000f94   0x08000f94   0x0000002e   Code   RO          457    i.MPU_Set_Rate      mpu6050.o
    0x08000fc2   0x08000fc2   0x0000003c   Code   RO          458    i.MPU_Write_Byte    mpu6050.o
    0x08000ffe   0x08000ffe   0x00000052   Code   RO          459    i.MPU_Write_Len     mpu6050.o
    0x08001050   0x08001050   0x00000002   Code   RO          189    i.MemManage_Handler  stm32f4xx_it.o
    0x08001052   0x08001052   0x00000002   Code   RO          190    i.NMI_Handler       stm32f4xx_it.o
    0x08001054   0x08001054   0x00000064   Code   RO         1403    i.NVIC_Init         misc.o
    0x080010b8   0x080010b8   0x00000014   Code   RO         1404    i.NVIC_PriorityGroupConfig  misc.o
    0x080010cc   0x080010cc   0x00000178   Code   RO          410    i.PIDInit           pid.o
    0x08001244   0x08001244   0x00000002   Code   RO          191    i.PendSV_Handler    stm32f4xx_it.o
    0x08001246   0x08001246   0x00000002   PAD
    0x08001248   0x08001248   0x00000080   Code   RO          338    i.PidCalc_Encode    timer.o
    0x080012c8   0x080012c8   0x00000028   Code   RO          339    i.PidCalc_IMU       timer.o
    0x080012f0   0x080012f0   0x00000018   Code   RO         1545    i.RCC_AHB1PeriphClockCmd  stm32f4xx_rcc.o
    0x08001308   0x08001308   0x00000018   Code   RO         1554    i.RCC_APB1PeriphClockCmd  stm32f4xx_rcc.o
    0x08001320   0x08001320   0x00000018   Code   RO         1557    i.RCC_APB2PeriphClockCmd  stm32f4xx_rcc.o
    0x08001338   0x08001338   0x00000090   Code   RO         1566    i.RCC_GetClocksFreq  stm32f4xx_rcc.o
    0x080013c8   0x080013c8   0x0000003c   Code   RO          340    i.Read_Encoder      timer.o
    0x08001404   0x08001404   0x00000038   Code   RO         2685    i.SEGGER_RTT_Write  segger_rtt_1.o
    0x0800143c   0x0800143c   0x0000005c   Code   RO         2686    i.SEGGER_RTT_WriteNoLock  segger_rtt_1.o
    0x08001498   0x08001498   0x00000016   Code   RO         2840    i.SEGGER_RTT_printf  segger_rtt_printf_1.o
    0x080014ae   0x080014ae   0x00000196   Code   RO         2841    i.SEGGER_RTT_vprintf  segger_rtt_printf_1.o
    0x08001644   0x08001644   0x00000002   Code   RO          192    i.SVC_Handler       stm32f4xx_it.o
    0x08001646   0x08001646   0x00000002   PAD
    0x08001648   0x08001648   0x0000006c   Code   RO          341    i.SetPWM            timer.o
    0x080016b4   0x080016b4   0x00000074   Code   RO          280    i.SetSysClock       system_stm32f4xx.o
    0x08001728   0x08001728   0x00000018   Code   RO         1407    i.SysTick_CLKSourceConfig  misc.o
    0x08001740   0x08001740   0x00000002   Code   RO          193    i.SysTick_Handler   stm32f4xx_it.o
    0x08001742   0x08001742   0x00000002   PAD
    0x08001744   0x08001744   0x0000005c   Code   RO          282    i.SystemInit        system_stm32f4xx.o
    0x080017a0   0x080017a0   0x0000002e   Code   RO         2123    i.TI1_Config        stm32f4xx_tim.o
    0x080017ce   0x080017ce   0x00000036   Code   RO         2124    i.TI2_Config        stm32f4xx_tim.o
    0x08001804   0x08001804   0x000000d4   Code   RO          342    i.TIM2_PWM_Init     timer.o
    0x080018d8   0x080018d8   0x000000a8   Code   RO          343    i.TIM3_Encode_Init  timer.o
    0x08001980   0x08001980   0x000000ac   Code   RO          344    i.TIM4_Encode_Init  timer.o
    0x08001a2c   0x08001a2c   0x000001d0   Code   RO          345    i.TIM4_IRQHandler   timer.o
    0x08001bfc   0x08001bfc   0x00000014   Code   RO         2125    i.TIM_ARRPreloadConfig  stm32f4xx_tim.o
    0x08001c10   0x08001c10   0x00000006   Code   RO         2131    i.TIM_ClearFlag     stm32f4xx_tim.o
    0x08001c16   0x08001c16   0x00000006   Code   RO         2132    i.TIM_ClearITPendingBit  stm32f4xx_tim.o
    0x08001c1c   0x08001c1c   0x00000014   Code   RO         2137    i.TIM_Cmd           stm32f4xx_tim.o
    0x08001c30   0x08001c30   0x00000032   Code   RO         2146    i.TIM_EncoderInterfaceConfig  stm32f4xx_tim.o
    0x08001c62   0x08001c62   0x00000018   Code   RO         2158    i.TIM_GetITStatus   stm32f4xx_tim.o
    0x08001c7a   0x08001c7a   0x000000ac   Code   RO         2160    i.TIM_ICInit        stm32f4xx_tim.o
    0x08001d26   0x08001d26   0x00000010   Code   RO         2161    i.TIM_ICStructInit  stm32f4xx_tim.o
    0x08001d36   0x08001d36   0x00000010   Code   RO         2162    i.TIM_ITConfig      stm32f4xx_tim.o
    0x08001d46   0x08001d46   0x00000002   PAD
    0x08001d48   0x08001d48   0x00000060   Code   RO         2166    i.TIM_OC1Init       stm32f4xx_tim.o
    0x08001da8   0x08001da8   0x0000000c   Code   RO         2169    i.TIM_OC1PreloadConfig  stm32f4xx_tim.o
    0x08001db4   0x08001db4   0x00000060   Code   RO         2181    i.TIM_OC4Init       stm32f4xx_tim.o
    0x08001e14   0x08001e14   0x00000014   Code   RO         2183    i.TIM_OC4PreloadConfig  stm32f4xx_tim.o
    0x08001e28   0x08001e28   0x00000004   Code   RO         2199    i.TIM_SetCompare1   stm32f4xx_tim.o
    0x08001e2c   0x08001e2c   0x00000004   Code   RO         2202    i.TIM_SetCompare4   stm32f4xx_tim.o
    0x08001e30   0x08001e30   0x00000004   Code   RO         2203    i.TIM_SetCounter    stm32f4xx_tim.o
    0x08001e34   0x08001e34   0x00000010   Code   RO         2204    i.TIM_SetIC1Prescaler  stm32f4xx_tim.o
    0x08001e44   0x08001e44   0x00000018   Code   RO         2205    i.TIM_SetIC2Prescaler  stm32f4xx_tim.o
    0x08001e5c   0x08001e5c   0x00000010   Code   RO         2206    i.TIM_SetIC3Prescaler  stm32f4xx_tim.o
    0x08001e6c   0x08001e6c   0x00000018   Code   RO         2207    i.TIM_SetIC4Prescaler  stm32f4xx_tim.o
    0x08001e84   0x08001e84   0x0000007c   Code   RO         2209    i.TIM_TimeBaseInit  stm32f4xx_tim.o
    0x08001f00   0x08001f00   0x0000003c   Code   RO         1345    i.USART1_IRQHandler  usart.o
    0x08001f3c   0x08001f3c   0x00000014   Code   RO         1939    i.USART_Cmd         stm32f4xx_usart.o
    0x08001f50   0x08001f50   0x00000030   Code   RO         1945    i.USART_ITConfig    stm32f4xx_usart.o
    0x08001f80   0x08001f80   0x000000ac   Code   RO         1946    i.USART_Init        stm32f4xx_usart.o
    0x0800202c   0x0800202c   0x00000008   Code   RO         1953    i.USART_ReceiveData  stm32f4xx_usart.o
    0x08002034   0x08002034   0x00000002   Code   RO          194    i.UsageFault_Handler  stm32f4xx_it.o
    0x08002036   0x08002036   0x00000002   PAD
    0x08002038   0x08002038   0x00000068   Code   RO         2690    i._DoInit           segger_rtt_1.o
    0x080020a0   0x080020a0   0x00000016   Code   RO         2691    i._GetAvailWriteSpace  segger_rtt_1.o
    0x080020b6   0x080020b6   0x00000002   PAD
    0x080020b8   0x080020b8   0x000000c6   Code   RO         2842    i._PrintInt         segger_rtt_printf_1.o
    0x0800217e   0x0800217e   0x00000002   PAD
    0x08002180   0x08002180   0x000000d4   Code   RO         2843    i._PrintUnsigned    segger_rtt_printf_1.o
    0x08002254   0x08002254   0x0000003e   Code   RO         2844    i._StoreChar        segger_rtt_printf_1.o
    0x08002292   0x08002292   0x0000005a   Code   RO         2693    i._WriteBlocking    segger_rtt_1.o
    0x080022ec   0x080022ec   0x00000042   Code   RO         2694    i._WriteNoCheck     segger_rtt_1.o
    0x0800232e   0x0800232e   0x00000030   Code   RO         3066    i.__ARM_fpclassify  m_wm.l(fpclassify.o)
    0x0800235e   0x0800235e   0x00000002   PAD
    0x08002360   0x08002360   0x00000360   Code   RO         2979    i.__hardfp_asin     m_wm.l(asin.o)
    0x080026c0   0x080026c0   0x000002d8   Code   RO         3032    i.__hardfp_atan     m_wm.l(atan.o)
    0x08002998   0x08002998   0x000001f0   Code   RO         2993    i.__hardfp_atan2    m_wm.l(atan2.o)
    0x08002b88   0x08002b88   0x000000f8   Code   RO         3068    i.__kernel_poly     m_wm.l(poly.o)
    0x08002c80   0x08002c80   0x00000014   Code   RO         3047    i.__mathlib_dbl_infnan  m_wm.l(dunder.o)
    0x08002c94   0x08002c94   0x00000014   Code   RO         3048    i.__mathlib_dbl_infnan2  m_wm.l(dunder.o)
    0x08002ca8   0x08002ca8   0x00000020   Code   RO         3049    i.__mathlib_dbl_invalid  m_wm.l(dunder.o)
    0x08002cc8   0x08002cc8   0x00000020   Code   RO         3052    i.__mathlib_dbl_underflow  m_wm.l(dunder.o)
    0x08002ce8   0x08002ce8   0x0000000e   Code   RO         2924    i._is_digit         c_w.l(__printf_wp.o)
    0x08002cf6   0x08002cf6   0x00000002   Code   RO         1346    i._sys_exit         usart.o
    0x08002cf8   0x08002cf8   0x00000090   Code   RO          595    i.accel_self_test   inv_mpu.o
    0x08002d88   0x08002d88   0x00000010   Code   RO         3034    i.atan              m_wm.l(atan.o)
    0x08002d98   0x08002d98   0x0000002c   Code   RO         1287    i.delay_init        delay.o
    0x08002dc4   0x08002dc4   0x00000034   Code   RO         1288    i.delay_ms          delay.o
    0x08002df8   0x08002df8   0x00000034   Code   RO         1289    i.delay_us          delay.o
    0x08002e2c   0x08002e2c   0x00000034   Code   RO         1290    i.delay_xms         delay.o
    0x08002e60   0x08002e60   0x0000003a   Code   RO          933    i.dmp_enable_6x_lp_quat  inv_mpu_dmp_motion_driver.o
    0x08002e9a   0x08002e9a   0x00000002   PAD
    0x08002e9c   0x08002e9c   0x000001d8   Code   RO          934    i.dmp_enable_feature  inv_mpu_dmp_motion_driver.o
    0x08003074   0x08003074   0x0000003c   Code   RO          935    i.dmp_enable_gyro_cal  inv_mpu_dmp_motion_driver.o
    0x080030b0   0x080030b0   0x0000003a   Code   RO          936    i.dmp_enable_lp_quat  inv_mpu_dmp_motion_driver.o
    0x080030ea   0x080030ea   0x00000002   PAD
    0x080030ec   0x080030ec   0x00000014   Code   RO          941    i.dmp_load_motion_driver_firmware  inv_mpu_dmp_motion_driver.o
    0x08003100   0x08003100   0x00000148   Code   RO          942    i.dmp_read_fifo     inv_mpu_dmp_motion_driver.o
    0x08003248   0x08003248   0x000000d8   Code   RO          945    i.dmp_set_accel_bias  inv_mpu_dmp_motion_driver.o
    0x08003320   0x08003320   0x00000064   Code   RO          946    i.dmp_set_fifo_rate  inv_mpu_dmp_motion_driver.o
    0x08003384   0x08003384   0x000000cc   Code   RO          947    i.dmp_set_gyro_bias  inv_mpu_dmp_motion_driver.o
    0x08003450   0x08003450   0x0000010c   Code   RO          949    i.dmp_set_orientation  inv_mpu_dmp_motion_driver.o
    0x0800355c   0x0800355c   0x00000030   Code   RO          952    i.dmp_set_shake_reject_thresh  inv_mpu_dmp_motion_driver.o
    0x0800358c   0x0800358c   0x00000020   Code   RO          953    i.dmp_set_shake_reject_time  inv_mpu_dmp_motion_driver.o
    0x080035ac   0x080035ac   0x00000020   Code   RO          954    i.dmp_set_shake_reject_timeout  inv_mpu_dmp_motion_driver.o
    0x080035cc   0x080035cc   0x00000040   Code   RO          955    i.dmp_set_tap_axes  inv_mpu_dmp_motion_driver.o
    0x0800360c   0x0800360c   0x00000022   Code   RO          956    i.dmp_set_tap_count  inv_mpu_dmp_motion_driver.o
    0x0800362e   0x0800362e   0x00000002   PAD
    0x08003630   0x08003630   0x00000160   Code   RO          957    i.dmp_set_tap_thresh  inv_mpu_dmp_motion_driver.o
    0x08003790   0x08003790   0x00000020   Code   RO          958    i.dmp_set_tap_time  inv_mpu_dmp_motion_driver.o
    0x080037b0   0x080037b0   0x00000020   Code   RO          959    i.dmp_set_tap_time_multi  inv_mpu_dmp_motion_driver.o
    0x080037d0   0x080037d0   0x00000018   Code   RO         3062    i.fabs              m_wm.l(fabs.o)
    0x080037e8   0x080037e8   0x00000014   Code   RO         1347    i.fputc             usart.o
    0x080037fc   0x080037fc   0x000000b4   Code   RO          596    i.get_accel_prod_shift  inv_mpu.o
    0x080038b0   0x080038b0   0x00000314   Code   RO          597    i.get_st_biases     inv_mpu.o
    0x08003bc4   0x08003bc4   0x000000d4   Code   RO          598    i.gyro_self_test    inv_mpu.o
    0x08003c98   0x08003c98   0x00000022   Code   RO          599    i.inv_orientation_matrix_to_scalar  inv_mpu.o
    0x08003cba   0x08003cba   0x00000048   Code   RO          600    i.inv_row_2_scale   inv_mpu.o
    0x08003d02   0x08003d02   0x00000002   PAD
    0x08003d04   0x08003d04   0x00000458   Code   RO            3    i.main              main.o
    0x0800415c   0x0800415c   0x00000002   Code   RO          601    i.mget_ms           inv_mpu.o
    0x0800415e   0x0800415e   0x00000002   PAD
    0x08004160   0x08004160   0x00000054   Code   RO          602    i.mpu_configure_fifo  inv_mpu.o
    0x080041b4   0x080041b4   0x00000164   Code   RO          603    i.mpu_dmp_get_data  inv_mpu.o
    0x08004318   0x08004318   0x0000009c   Code   RO          604    i.mpu_dmp_init      inv_mpu.o
    0x080043b4   0x080043b4   0x0000003c   Code   RO          605    i.mpu_get_accel_fsr  inv_mpu.o
    0x080043f0   0x080043f0   0x00000044   Code   RO          607    i.mpu_get_accel_sens  inv_mpu.o
    0x08004434   0x08004434   0x00000034   Code   RO          613    i.mpu_get_gyro_fsr  inv_mpu.o
    0x08004468   0x08004468   0x0000004c   Code   RO          615    i.mpu_get_gyro_sens  inv_mpu.o
    0x080044b4   0x080044b4   0x00000038   Code   RO          617    i.mpu_get_lpf       inv_mpu.o
    0x080044ec   0x080044ec   0x0000001c   Code   RO          619    i.mpu_get_sample_rate  inv_mpu.o
    0x08004508   0x08004508   0x00000188   Code   RO          621    i.mpu_init          inv_mpu.o
    0x08004690   0x08004690   0x000000a0   Code   RO          622    i.mpu_load_firmware  inv_mpu.o
    0x08004730   0x08004730   0x000000b8   Code   RO          623    i.mpu_lp_accel_mode  inv_mpu.o
    0x080047e8   0x080047e8   0x00000090   Code   RO          626    i.mpu_read_fifo_stream  inv_mpu.o
    0x08004878   0x08004878   0x00000054   Code   RO          627    i.mpu_read_mem      inv_mpu.o
    0x080048cc   0x080048cc   0x00000160   Code   RO          630    i.mpu_reset_fifo    inv_mpu.o
    0x08004a2c   0x08004a2c   0x000000f0   Code   RO          631    i.mpu_run_self_test  inv_mpu.o
    0x08004b1c   0x08004b1c   0x00000068   Code   RO          633    i.mpu_set_accel_fsr  inv_mpu.o
    0x08004b84   0x08004b84   0x000000dc   Code   RO          634    i.mpu_set_bypass    inv_mpu.o
    0x08004c60   0x08004c60   0x00000078   Code   RO          636    i.mpu_set_dmp_state  inv_mpu.o
    0x08004cd8   0x08004cd8   0x0000006c   Code   RO          637    i.mpu_set_gyro_fsr  inv_mpu.o
    0x08004d44   0x08004d44   0x00000064   Code   RO          638    i.mpu_set_int_latched  inv_mpu.o
    0x08004da8   0x08004da8   0x0000006c   Code   RO          640    i.mpu_set_lpf       inv_mpu.o
    0x08004e14   0x08004e14   0x00000080   Code   RO          641    i.mpu_set_sample_rate  inv_mpu.o
    0x08004e94   0x08004e94   0x000000b8   Code   RO          642    i.mpu_set_sensors   inv_mpu.o
    0x08004f4c   0x08004f4c   0x00000054   Code   RO          643    i.mpu_write_mem     inv_mpu.o
    0x08004fa0   0x08004fa0   0x00000088   Code   RO          644    i.run_self_test     inv_mpu.o
    0x08005028   0x08005028   0x00000058   Code   RO          645    i.set_int_enable    inv_mpu.o
    0x08005080   0x08005080   0x0000006e   Code   RO         3073    i.sqrt              m_wm.l(sqrt.o)
    0x080050ee   0x080050ee   0x00000002   PAD
    0x080050f0   0x080050f0   0x000000ac   Code   RO         1348    i.uart_init         usart.o
    0x0800519c   0x0800519c   0x00000018   Code   RO         2951    x$fpl$basic         fz_wm.l(basic.o)
    0x080051b4   0x080051b4   0x00000062   Code   RO         2953    x$fpl$d2f           fz_wm.l(d2f.o)
    0x08005216   0x08005216   0x00000002   PAD
    0x08005218   0x08005218   0x00000150   Code   RO         2955    x$fpl$dadd          fz_wm.l(daddsub_clz.o)
    0x08005368   0x08005368   0x00000018   Code   RO         3021    x$fpl$dcmpinf       fz_wm.l(dcmpi.o)
    0x08005380   0x08005380   0x000002b0   Code   RO         2962    x$fpl$ddiv          fz_wm.l(ddiv.o)
    0x08005630   0x08005630   0x0000002e   Code   RO         2966    x$fpl$dflt          fz_wm.l(dflt_clz.o)
    0x0800565e   0x0800565e   0x00000002   PAD
    0x08005660   0x08005660   0x00000078   Code   RO         2971    x$fpl$dleqf         fz_wm.l(dleqf.o)
    0x080056d8   0x080056d8   0x00000154   Code   RO         2973    x$fpl$dmul          fz_wm.l(dmul.o)
    0x0800582c   0x0800582c   0x0000009c   Code   RO         3023    x$fpl$dnaninf       fz_wm.l(dnaninf.o)
    0x080058c8   0x080058c8   0x0000000c   Code   RO         3025    x$fpl$dretinf       fz_wm.l(dretinf.o)
    0x080058d4   0x080058d4   0x0000006c   Code   RO         2975    x$fpl$drleqf        fz_wm.l(drleqf.o)
    0x08005940   0x08005940   0x00000016   Code   RO         2956    x$fpl$drsb          fz_wm.l(daddsub_clz.o)
    0x08005956   0x08005956   0x00000002   PAD
    0x08005958   0x08005958   0x00000198   Code   RO         3115    x$fpl$dsqrt         fz_wm.l(dsqrt_umaal.o)
    0x08005af0   0x08005af0   0x000001d4   Code   RO         2957    x$fpl$dsub          fz_wm.l(daddsub_clz.o)
    0x08005cc4   0x08005cc4   0x00000056   Code   RO         2977    x$fpl$f2d           fz_wm.l(f2d.o)
    0x08005d1a   0x08005d1a   0x0000008c   Code   RO         3027    x$fpl$fnaninf       fz_wm.l(fnaninf.o)
    0x08005da6   0x08005da6   0x0000000a   Code   RO         3200    x$fpl$fpinit        fz_wm.l(fpinit.o)
    0x08005db0   0x08005db0   0x0000000a   Code   RO         3029    x$fpl$fretinf       fz_wm.l(fretinf.o)
    0x08005dba   0x08005dba   0x00000000   Code   RO         3031    x$fpl$usenofp       fz_wm.l(usenofp.o)
    0x08005dba   0x08005dba   0x0000001b   Data   RO          647    .constdata          inv_mpu.o
    0x08005dd5   0x08005dd5   0x00000001   PAD
    0x08005dd6   0x08005dd6   0x0000000c   Data   RO          648    .constdata          inv_mpu.o
    0x08005de2   0x08005de2   0x00000002   PAD
    0x08005de4   0x08005de4   0x00000028   Data   RO          649    .constdata          inv_mpu.o
    0x08005e0c   0x08005e0c   0x00000bf6   Data   RO          961    .constdata          inv_mpu_dmp_motion_driver.o
    0x08006a02   0x08006a02   0x00000010   Data   RO         2845    .constdata          segger_rtt_printf_1.o
    0x08006a12   0x08006a12   0x00000011   Data   RO         2927    .constdata          c_w.l(__printf_flags_wp.o)
    0x08006a23   0x08006a23   0x00000005   PAD
    0x08006a28   0x08006a28   0x00000050   Data   RO         2982    .constdata          m_wm.l(asin.o)
    0x08006a78   0x08006a78   0x00000098   Data   RO         3035    .constdata          m_wm.l(atan.o)
    0x08006b10   0x08006b10   0x00000008   Data   RO         3070    .constdata          m_wm.l(qnan.o)
    0x08006b18   0x08006b18   0x0000004d   Data   RO          650    .conststring        inv_mpu.o
    0x08006b65   0x08006b65   0x00000003   PAD
    0x08006b68   0x08006b68   0x00000020   Data   RO         3258    Region$$Table       anon$$obj.o


    Execution Region RW_IRAM1 (Exec base: 0x20000000, Load base: 0x08006b88, Size: 0x00000ee8, Max: 0x00010000, ABSOLUTE)

    Exec Addr    Load Addr    Size         Type   Attr      Idx    E Section Name        Object

    0x20000000   0x08006b88   0x00000004   Data   RW            6    .data               main.o
    0x20000004   0x08006b8c   0x00000004   Data   RW            7    .data               main.o
    0x20000008   0x08006b90   0x0000000c   Data   RW            8    .data               main.o
    0x20000014   0x08006b9c   0x00000004   Data   RW            9    .data               main.o
    0x20000018   0x08006ba0   0x00000004   Data   RW           10    .data               main.o
    0x2000001c   0x08006ba4   0x00000004   Data   RW           13    .data               main.o
    0x20000020   0x08006ba8   0x00000004   Data   RW           14    .data               main.o
    0x20000024   0x08006bac   0x00000004   Data   RW           15    .data               main.o
    0x20000028   0x08006bb0   0x00000002   Data   RW           16    .data               main.o
    0x2000002a   0x08006bb2   0x00000002   Data   RW           17    .data               main.o
    0x2000002c   0x08006bb4   0x00000002   Data   RW           18    .data               main.o
    0x2000002e   0x08006bb6   0x00000002   Data   RW           19    .data               main.o
    0x20000030   0x08006bb8   0x00000002   Data   RW           20    .data               main.o
    0x20000032   0x08006bba   0x00000002   Data   RW           21    .data               main.o
    0x20000034   0x08006bbc   0x00000004   Data   RW           22    .data               main.o
    0x20000038   0x08006bc0   0x00000004   Data   RW           24    .data               main.o
    0x2000003c   0x08006bc4   0x00000004   Data   RW           25    .data               main.o
    0x20000040   0x08006bc8   0x00000004   Data   RW           26    .data               main.o
    0x20000044   0x08006bcc   0x0000001c   Data   RW          346    .data               timer.o
    0x20000060   0x08006be8   0x00000035   Data   RW          651    .data               inv_mpu.o
    0x20000095   0x08006c1d   0x00000001   PAD
    0x20000096   0x08006c1e   0x00000004   Data   RW         1291    .data               delay.o
    0x2000009a   0x08006c22   0x00000002   PAD
    0x2000009c   0x08006c24   0x00000004   Data   RW         1351    .data               usart.o
    0x200000a0   0x08006c28   0x00000010   Data   RW         1598    .data               stm32f4xx_rcc.o
    0x200000b0        -       0x000002e0   Zero   RW            4    .bss                main.o
    0x20000390        -       0x00000010   Zero   RW          960    .bss                inv_mpu_dmp_motion_driver.o
    0x200003a0        -       0x00000030   Zero   RW         1263    .bss                kalman.o
    0x200003d0        -       0x000004b8   Zero   RW         2695    .bss                segger_rtt_1.o
    0x20000888        -       0x00000060   Zero   RW         3118    .bss                c_w.l(libspace.o)
    0x200008e8        -       0x00000200   Zero   RW         1395    HEAP                startup_stm32f40_41xxx.o
    0x20000ae8        -       0x00000400   Zero   RW         1394    STACK               startup_stm32f40_41xxx.o


==============================================================================

Image component sizes


      Code (inc. data)   RO Data    RW Data    ZI Data      Debug   Object Name

       200         18          0          4          0       2435   delay.o
      5304        304        156         53          0      31694   inv_mpu.o
      2410        134       3062          0         16      20394   inv_mpu_dmp_motion_driver.o
       138          6          0          0         48       2075   kalman.o
        64          6          0          0          0        523   led.o
      1112        214          0         68        736     253228   main.o
       144         14          0          0          0       1977   misc.o
       694          8          0          0          0       7773   mpu6050.o
       612         72          0          0          0       4614   mpuiic.o
       376         24          0          0          0       1566   pid.o
       430         40          0          0       1208       8138   segger_rtt_1.o
       900          6         16          0          0       6105   segger_rtt_printf_1.o
        64         26        392          0       1536        824   startup_stm32f40_41xxx.o
       202          0          0          0          0       2759   stm32f4xx_gpio.o
        18          0          0          0          0       3838   stm32f4xx_it.o
       216         30          0         16          0       4591   stm32f4xx_rcc.o
       870         44          0          0          0      15376   stm32f4xx_tim.o
       248          8          0          0          0       3346   stm32f4xx_usart.o
       208         36          0          0          0       1281   system_stm32f4xx.o
      1444        168          0         28          0       7934   timer.o
       254         28          0          4          0       4058   usart.o

    ----------------------------------------------------------------------
     15936       1186       3664        176       3544     384529   Object Totals
         0          0         32          0          0          0   (incl. Generated)
        28          0          6          3          0          0   (incl. Padding)

    ----------------------------------------------------------------------

      Code (inc. data)   RO Data    RW Data    ZI Data      Debug   Library Member Name

         8          0          0          0          0         68   __main.o
       312          4         17          0          0         92   __printf_flags_wp.o
        14          0          0          0          0         68   __printf_wp.o
         0          0          0          0          0          0   __rtentry.o
        12          0          0          0          0          0   __rtentry2.o
         6          0          0          0          0          0   __rtentry4.o
        52          8          0          0          0          0   __scatter.o
        26          0          0          0          0          0   __scatter_copy.o
        28          0          0          0          0          0   __scatter_zi.o
        48          6          0          0          0         96   _printf_char_common.o
        36          4          0          0          0         80   _printf_char_file.o
         6          0          0          0          0          0   _printf_d.o
       120         16          0          0          0         92   _printf_dec.o
       178          0          0          0          0         88   _printf_intcommon.o
         0          0          0          0          0          0   _printf_percent.o
         4          0          0          0          0          0   _printf_percent_end.o
        22          0          0          0          0        100   _rserrno.o
        16          0          0          0          0         68   aeabi_memset.o
        18          0          0          0          0         80   exit.o
         8          0          0          0          0         68   ferror.o
         6          0          0          0          0        152   heapauxi.o
         2          0          0          0          0          0   libinit.o
         6          0          0          0          0          0   libinit2.o
         2          0          0          0          0          0   libshutdown.o
         2          0          0          0          0          0   libshutdown2.o
         8          4          0          0         96         68   libspace.o
        72          0          0          0          0         76   llsdiv.o
       238          0          0          0          0        100   lludivv7m.o
        88          0          0          0          0         76   memcmp.o
        24          4          0          0          0         84   noretval__2printf.o
         8          4          0          0          0         68   rt_errno_addr_intlibspace.o
        68          0          0          0          0         68   rt_memclr.o
        78          0          0          0          0         80   rt_memclr_w.o
       138          0          0          0          0         68   rt_memcpy_v6.o
       100          0          0          0          0         80   rt_memcpy_w.o
         2          0          0          0          0          0   rtexit.o
        10          0          0          0          0          0   rtexit2.o
        72          0          0          0          0         80   strcpy.o
        74          0          0          0          0         80   sys_stackheap_outer.o
         2          0          0          0          0         68   use_no_semi.o
         2          0          0          0          0         68   use_no_semi_2.o
        24          0          0          0          0        164   basic.o
        98          4          0          0          0        140   d2f.o
       826         16          0          0          0        492   daddsub_clz.o
        24          0          0          0          0        116   dcmpi.o
       688        140          0          0          0        256   ddiv.o
        46          0          0          0          0        116   dflt_clz.o
       120          4          0          0          0        140   dleqf.o
       340         12          0          0          0        152   dmul.o
       156          4          0          0          0        140   dnaninf.o
        12          0          0          0          0        116   dretinf.o
       108          0          0          0          0        128   drleqf.o
       408         56          0          0          0        168   dsqrt_umaal.o
        86          4          0          0          0        132   f2d.o
       140          4          0          0          0        132   fnaninf.o
        10          0          0          0          0        116   fpinit.o
        10          0          0          0          0        116   fretinf.o
         0          0          0          0          0          0   usenofp.o
       864         94         80          0          0        280   asin.o
       744        106        152          0          0        352   atan.o
       496         64          0          0          0        192   atan2.o
       104         16          0          0          0        496   dunder.o
        24          0          0          0          0        124   fabs.o
        48          0          0          0          0        124   fpclassify.o
       248          0          0          0          0        152   poly.o
         0          0          8          0          0          0   qnan.o
       110          0          0          0          0        148   sqrt.o

    ----------------------------------------------------------------------
      7666        574        262          0         96       6608   Library Totals
        16          0          5          0          0          0   (incl. Padding)

    ----------------------------------------------------------------------

      Code (inc. data)   RO Data    RW Data    ZI Data      Debug   Library Name

      1916         50         17          0         96       2116   c_w.l
      3096        244          0          0          0       2624   fz_wm.l
      2638        280        240          0          0       1868   m_wm.l

    ----------------------------------------------------------------------
      7666        574        262          0         96       6608   Library Totals

    ----------------------------------------------------------------------

==============================================================================


      Code (inc. data)   RO Data    RW Data    ZI Data      Debug   

     23602       1760       3926        176       3640     372993   Grand Totals
     23602       1760       3926        176       3640     372993   ELF Image Totals
     23602       1760       3926        176          0          0   ROM Totals

==============================================================================

    Total RO  Size (Code + RO Data)                27528 (  26.88kB)
    Total RW  Size (RW Data + ZI Data)              3816 (   3.73kB)
    Total ROM Size (Code + RO Data + RW Data)      27704 (  27.05kB)

==============================================================================

